<html>
<body>
<pre>
<h1>µVision Build Log</h1>
<h2>Tool Versions:</h2>
IDE-Version: µVision V5.37.0.0
Copyright (C) 2022 ARM Ltd and ARM Germany GmbH. All rights reserved.
License Information: sinan özdemir, -, LIC=7N0WB-2EH7P-2AQ7U-585WV-CZLPV-2AW1I
 
Tool Versions:
Toolchain:       MDK-ARM Cortex-M0/M23 for Nuvoton  Version: 5.37.0.0
Toolchain Path:  C:\Keil_v5\ARM\ARMCLANG\Bin
C Compiler:      ArmClang.exe V6.18
Assembler:       Armasm.exe V6.18
Linker/Locator:  ArmLink.exe V6.18
Library Manager: ArmAr.exe V6.18
Hex Converter:   FromElf.exe V6.18
CPU DLL:         
Dialog DLL:      
Target DLL:      NULink\Nu_Link.dll V3.09
Dialog DLL:      TCM.DLL V1.56.1.0
 
<h2>Project:</h2>
E:\BERSY\sdk\SampleCode\NuCodeGen\scale_v1\KEIL\scale_v1.uvprojx
Project File Date:  05/12/2023

<h2>Output:</h2>
*** Using Compiler 'V6.18', folder: 'C:\Keil_v5\ARM\ARMCLANG\Bin'
Rebuild target 'scale_v1'
creating preprocessor file for system_M251.c...
compiling system_M251.c...
creating list file for system_M251.c...
assembling startup_M251.s...
creating preprocessor file for clk.c...
creating list file for clk.c...
compiling clk.c...
creating preprocessor file for fmc.c...
creating list file for fmc.c...
compiling fmc.c...
creating list file for gpio.c...
creating preprocessor file for gpio.c...
compiling gpio.c...
creating preprocessor file for retarget.c...
creating list file for retarget.c...
compiling retarget.c...
creating preprocessor file for spi.c...
creating list file for spi.c...
creating list file for sys.c...
creating preprocessor file for sys.c...
compiling spi.c...
creating preprocessor file for timer.c...
compiling sys.c...
creating list file for timer.c...
creating preprocessor file for timer_pwm.c...
creating list file for timer_pwm.c...
compiling timer.c...
creating preprocessor file for uart.c...
compiling timer_pwm.c...
creating list file for uart.c...
creating list file for wdt.c...
creating preprocessor file for wdt.c...
compiling uart.c...
creating preprocessor file for tk.c...
compiling wdt.c...
creating list file for tk.c...
creating preprocessor file for main.c...
creating list file for main.c...
compiling tk.c...
creating preprocessor file for clk_conf.c...
compiling main.c...
creating list file for clk_conf.c...
creating preprocessor file for periph_conf.c...
compiling clk_conf.c...
creating list file for periph_conf.c...
creating preprocessor file for pin_conf.c...
creating list file for pin_conf.c...
compiling periph_conf.c...
creating preprocessor file for int_handler.c...
compiling pin_conf.c...
creating list file for int_handler.c...
creating preprocessor file for app.c...
compiling int_handler.c...
creating list file for app.c...
creating list file for costumLcd.c...
creating preprocessor file for costumLcd.c...
compiling app.c...
creating preprocessor file for keypad.c...
creating list file for keypad.c...
compiling costumLcd.c...
creating preprocessor file for test.c...
creating list file for test.c...
compiling keypad.c...
compiling test.c...
creating preprocessor file for menu.c...
creating list file for menu.c...
compiling menu.c...
creating list file for millis.c...
creating preprocessor file for millis.c...
compiling millis.c...
creating list file for SparkFun_NAU7802.c...
creating preprocessor file for SparkFun_NAU7802.c...
compiling SparkFun_NAU7802.c...
linking...
Program Size: Code=21900 RO-data=1776 RW-data=56 ZI-data=3232  
After Build - User command #1: fromelf --bin ".\obj\scale_v1.axf" --output ".\obj\scale_v1.bin"
After Build - User command #2: fromelf --text -c ".\obj\scale_v1.axf" --output ".\obj\scale_v1.txt"
".\obj\scale_v1.axf" - 0 Error(s), 0 Warning(s).

<h2>Software Packages used:</h2>

Package Vendor: Nuvoton
                https://github.com/OpenNuvoton/cmsis-packs/raw/master/Nuvoton_DFP/Nuvoton.NuMicro_DFP.1.3.17.pack
                Nuvoton.NuMicro_DFP.1.3.17
                Nuvoton ARM Cortex-M NuMicro Family Device Support

<h2>Collection of Component include folders:</h2>
  C:/Users/sinan/AppData/Local/Arm/Packs/Nuvoton/NuMicro_DFP/1.3.17/Device/M251/Include

<h2>Collection of Component Files used:</h2>
Build Time Elapsed:  00:00:07
</pre>
</body>
</html>
