Component: Arm Compiler for Embedded 6.18 Tool: armlink [5e4cc100]

==============================================================================

Small function inlining results

Inlined function __aeabi_idiv0 from idiv0.o at offset 0x160 in aeabi_sdiv.o(.text).
Inlined Instruction: BX       lr
Inlined function __aeabi_idiv0 from idiv0.o at offset 0xc in aeabi_sdiv_div0.o(.text).
Inlined Instruction: BX       lr
Inlined function __aeabi_idiv0 from idiv0.o at offset 0x176 in aeabi_sdiv_div0.o(.text).
Inlined Instruction: BX       lr
Inlined function __aeabi_idiv0 from idiv0.o at offset 0x18 in uidiv_div0.o(.text).
Inlined Instruction: BX       lr
Inlined function __aeabi_idiv0 from idiv0.o at offset 0x42 in idiv_div0.o(.text).
Inlined Instruction: BX       lr
Inlined total of 5 calls.

==============================================================================

Section Cross References

    system_m251.o(.text.SystemCoreClockUpdate) refers to clk.o(.text.CLK_GetPLLClockFreq) for CLK_GetPLLClockFreq
    system_m251.o(.text.SystemCoreClockUpdate) refers to system_m251.o(.data.PllClock) for PllClock
    system_m251.o(.text.SystemCoreClockUpdate) refers to system_m251.o(.rodata.gau32ClkSrcTbl) for gau32ClkSrcTbl
    system_m251.o(.text.SystemCoreClockUpdate) refers to system_m251.o(.data.SystemCoreClock) for SystemCoreClock
    system_m251.o(.text.SystemCoreClockUpdate) refers to system_m251.o(.data.CyclesPerUs) for CyclesPerUs
    system_m251.o(.ARM.exidx.text.SystemCoreClockUpdate) refers to system_m251.o(.text.SystemCoreClockUpdate) for [Anonymous Symbol]
    system_m251.o(.text.SystemInit) refers to startup_m251.o(RESET) for __Vectors
    system_m251.o(.ARM.exidx.text.SystemInit) refers to system_m251.o(.text.SystemInit) for [Anonymous Symbol]
    system_m251.o(.ARM.exidx.text.Uart0DefaultMPF) refers to system_m251.o(.text.Uart0DefaultMPF) for [Anonymous Symbol]
    startup_m251.o(RESET) refers to startup_m251.o(STACK) for __initial_sp
    startup_m251.o(RESET) refers to startup_m251.o(.text) for Reset_Handler
    startup_m251.o(RESET) refers to retarget.o(.text.SendChar_ToUART) for SendChar_ToUART
    startup_m251.o(RESET) refers to retarget.o(.text.GetChar) for GetChar
    startup_m251.o(RESET) refers to int_handler.o(.text.WDT_IRQHandler) for WDT_IRQHandler
    startup_m251.o(RESET) refers to int_handler.o(.text.EINT0_IRQHandler) for EINT0_IRQHandler
    startup_m251.o(RESET) refers to int_handler.o(.text.EINT1_IRQHandler) for EINT1_IRQHandler
    startup_m251.o(RESET) refers to int_handler.o(.text.EINT3_IRQHandler) for EINT3_IRQHandler
    startup_m251.o(RESET) refers to int_handler.o(.text.GPB_IRQHandler) for GPB_IRQHandler
    startup_m251.o(RESET) refers to int_handler.o(.text.GPC_IRQHandler) for GPC_IRQHandler
    startup_m251.o(RESET) refers to int_handler.o(.text.GPD_IRQHandler) for GPD_IRQHandler
    startup_m251.o(RESET) refers to int_handler.o(.text.TMR0_IRQHandler) for TMR0_IRQHandler
    startup_m251.o(RESET) refers to int_handler.o(.text.TMR1_IRQHandler) for TMR1_IRQHandler
    startup_m251.o(.text) refers to system_m251.o(.text.SystemInit) for SystemInit
    startup_m251.o(.text) refers to entry.o(.ARM.Collect$$$$00000000) for __main
    startup_m251.o(.text) refers to retarget.o(.text.ProcessHardFault) for ProcessHardFault
    startup_m251.o(.text) refers to retarget.o(.text.SH_Return) for SH_Return
    clk.o(.ARM.exidx.text.CLK_DisableCKO) refers to clk.o(.text.CLK_DisableCKO) for [Anonymous Symbol]
    clk.o(.ARM.exidx.text.CLK_EnableCKO) refers to clk.o(.text.CLK_EnableCKO) for [Anonymous Symbol]
    clk.o(.ARM.exidx.text.CLK_PowerDown) refers to clk.o(.text.CLK_PowerDown) for [Anonymous Symbol]
    clk.o(.ARM.exidx.text.CLK_Idle) refers to clk.o(.text.CLK_Idle) for [Anonymous Symbol]
    clk.o(.ARM.exidx.text.CLK_GetHXTFreq) refers to clk.o(.text.CLK_GetHXTFreq) for [Anonymous Symbol]
    clk.o(.ARM.exidx.text.CLK_GetLXTFreq) refers to clk.o(.text.CLK_GetLXTFreq) for [Anonymous Symbol]
    clk.o(.text.CLK_GetPCLK0Freq) refers to system_m251.o(.text.SystemCoreClockUpdate) for SystemCoreClockUpdate
    clk.o(.text.CLK_GetPCLK0Freq) refers to system_m251.o(.data.SystemCoreClock) for SystemCoreClock
    clk.o(.ARM.exidx.text.CLK_GetPCLK0Freq) refers to clk.o(.text.CLK_GetPCLK0Freq) for [Anonymous Symbol]
    clk.o(.text.CLK_GetPCLK1Freq) refers to system_m251.o(.text.SystemCoreClockUpdate) for SystemCoreClockUpdate
    clk.o(.text.CLK_GetPCLK1Freq) refers to system_m251.o(.data.SystemCoreClock) for SystemCoreClock
    clk.o(.ARM.exidx.text.CLK_GetPCLK1Freq) refers to clk.o(.text.CLK_GetPCLK1Freq) for [Anonymous Symbol]
    clk.o(.text.CLK_GetHCLKFreq) refers to system_m251.o(.text.SystemCoreClockUpdate) for SystemCoreClockUpdate
    clk.o(.text.CLK_GetHCLKFreq) refers to system_m251.o(.data.SystemCoreClock) for SystemCoreClock
    clk.o(.ARM.exidx.text.CLK_GetHCLKFreq) refers to clk.o(.text.CLK_GetHCLKFreq) for [Anonymous Symbol]
[...]
    Removing menu.o(.text.Menu_Enter), (38 bytes).
    Removing menu.o(.ARM.exidx.text.Menu_Enter), (8 bytes).
    Removing menu.o(.text.Menu_Exit), (38 bytes).
    Removing menu.o(.ARM.exidx.text.Menu_Exit), (8 bytes).
    Removing menu.o(.text.Menu_Up), (38 bytes).
    Removing menu.o(.ARM.exidx.text.Menu_Up), (8 bytes).
    Removing menu.o(.text.Menu_Down), (38 bytes).
    Removing menu.o(.ARM.exidx.text.Menu_Down), (8 bytes).
    Removing menu.o(.text.buildMenu), (50 bytes).
    Removing menu.o(.ARM.exidx.text.buildMenu), (8 bytes).
    Removing menu.o(.text.Menu_Init), (1088 bytes).
    Removing menu.o(.ARM.exidx.text.Menu_Init), (8 bytes).
    Removing menu.o(.text.shw_mainScreen), (16 bytes).
    Removing menu.o(.ARM.exidx.text.shw_mainScreen), (8 bytes).
    Removing menu.o(.text.shw_calibration), (16 bytes).
    Removing menu.o(.ARM.exidx.text.shw_calibration), (8 bytes).
    Removing menu.o(.text.shw_capacity), (16 bytes).
    Removing menu.o(.ARM.exidx.text.shw_capacity), (8 bytes).
    Removing menu.o(.text.shw_decimalPoint), (16 bytes).
    Removing menu.o(.ARM.exidx.text.shw_decimalPoint), (8 bytes).
    Removing menu.o(.text.shw_resolution), (16 bytes).
    Removing menu.o(.ARM.exidx.text.shw_resolution), (8 bytes).
    Removing menu.o(.text.shw_speed), (16 bytes).
    Removing menu.o(.ARM.exidx.text.shw_speed), (8 bytes).
    Removing menu.o(.text.shw_minCoin), (16 bytes).
    Removing menu.o(.ARM.exidx.text.shw_minCoin), (8 bytes).
    Removing menu.o(.text.shw_multiTare), (16 bytes).
    Removing menu.o(.ARM.exidx.text.shw_multiTare), (8 bytes).
    Removing menu.o(.text.shw_f8), (16 bytes).
    Removing menu.o(.ARM.exidx.text.shw_f8), (8 bytes).
    Removing menu.o(.text.shw_gravity), (16 bytes).
    Removing menu.o(.ARM.exidx.text.shw_gravity), (8 bytes).
    Removing menu.o(.text.shw_reset), (16 bytes).
    Removing menu.o(.ARM.exidx.text.shw_reset), (8 bytes).
    Removing menu.o(.text.shw_rs232), (16 bytes).
    Removing menu.o(.ARM.exidx.text.shw_rs232), (8 bytes).
    Removing menu.o(.text.shw_f1a_3000), (16 bytes).
    Removing menu.o(.ARM.exidx.text.shw_f1a_3000), (8 bytes).
    Removing menu.o(.text.shw_f1b_6000), (16 bytes).
    Removing menu.o(.ARM.exidx.text.shw_f1b_6000), (8 bytes).
    Removing menu.o(.text.shw_f1c_dual1), (16 bytes).
    Removing menu.o(.ARM.exidx.text.shw_f1c_dual1), (8 bytes).
    Removing menu.o(.text.shw_f1d_dual2), (16 bytes).
    Removing menu.o(.ARM.exidx.text.shw_f1d_dual2), (8 bytes).
    Removing menu.o(.text.shw_f2a_3), (16 bytes).
    Removing menu.o(.ARM.exidx.text.shw_f2a_3), (8 bytes).
    Removing menu.o(.text.shw_f2b_6), (16 bytes).
    Removing menu.o(.ARM.exidx.text.shw_f2b_6), (8 bytes).
    Removing menu.o(.text.shw_f2c_15), (16 bytes).
    Removing menu.o(.ARM.exidx.text.shw_f2c_15), (8 bytes).
    Removing menu.o(.text.shw_f2d_30), (16 bytes).
    Removing menu.o(.ARM.exidx.text.shw_f2d_30), (8 bytes).
    Removing menu.o(.text.shw_f3a), (16 bytes).
    Removing menu.o(.ARM.exidx.text.shw_f3a), (8 bytes).
    Removing menu.o(.text.shw_f3b), (16 bytes).
    Removing menu.o(.ARM.exidx.text.shw_f3b), (8 bytes).
    Removing menu.o(.text.shw_f3c), (16 bytes).
    Removing menu.o(.ARM.exidx.text.shw_f3c), (8 bytes).
    Removing menu.o(.text.shw_f3d), (16 bytes).
    Removing menu.o(.ARM.exidx.text.shw_f3d), (8 bytes).
    Removing menu.o(.text.shw_f3e), (16 bytes).
    Removing menu.o(.ARM.exidx.text.shw_f3e), (8 bytes).
    Removing menu.o(.text.shw_f4a_fix), (16 bytes).
    Removing menu.o(.ARM.exidx.text.shw_f4a_fix), (8 bytes).
    Removing menu.o(.text.shw_f4b_flot), (16 bytes).
    Removing menu.o(.ARM.exidx.text.shw_f4b_flot), (8 bytes).
    Removing menu.o(.text.shw_f5a_slow), (16 bytes).
    Removing menu.o(.ARM.exidx.text.shw_f5a_slow), (8 bytes).
    Removing menu.o(.text.shw_f5b_normal), (16 bytes).
    Removing menu.o(.ARM.exidx.text.shw_f5b_normal), (8 bytes).
    Removing menu.o(.text.shw_f5c_fast), (16 bytes).
    Removing menu.o(.ARM.exidx.text.shw_f5c_fast), (8 bytes).
    Removing menu.o(.text.shw_f6a_1), (16 bytes).
    Removing menu.o(.ARM.exidx.text.shw_f6a_1), (8 bytes).
    Removing menu.o(.text.shw_f6b_2), (16 bytes).
    Removing menu.o(.ARM.exidx.text.shw_f6b_2), (8 bytes).
    Removing menu.o(.text.shw_f6c_5), (16 bytes).
    Removing menu.o(.ARM.exidx.text.shw_f6c_5), (8 bytes).
    Removing menu.o(.text.shw_f6d_10), (16 bytes).
    Removing menu.o(.ARM.exidx.text.shw_f6d_10), (8 bytes).
    Removing menu.o(.text.shw_f7a_on), (16 bytes).
    Removing menu.o(.ARM.exidx.text.shw_f7a_on), (8 bytes).
    Removing menu.o(.text.shw_f7b_off), (16 bytes).
    Removing menu.o(.ARM.exidx.text.shw_f7b_off), (8 bytes).
    Removing menu.o(.bss.root), (20 bytes).
    Removing menu.o(.bss.f0_cal), (20 bytes).
    Removing menu.o(.bss.f11_rs232), (20 bytes).
    Removing menu.o(.bss.f1_resolution), (20 bytes).
    Removing menu.o(.bss.f1a_3000), (20 bytes).
    Removing menu.o(.bss.f2_capacity), (20 bytes).
    Removing menu.o(.bss.f2a_3), (20 bytes).
    Removing menu.o(.bss.f3_decimalPoint), (20 bytes).
    Removing menu.o(.bss.f3a), (20 bytes).
    Removing menu.o(.bss.f4_fixFloat), (20 bytes).
    Removing menu.o(.bss.f4a_fix), (20 bytes).
    Removing menu.o(.bss.f5_speed), (20 bytes).
    Removing menu.o(.bss.f5a_slow), (20 bytes).
    Removing menu.o(.bss.f6_minCoin), (20 bytes).
    Removing menu.o(.bss.f6a_1), (20 bytes).
    Removing menu.o(.bss.f7_multiTare), (20 bytes).
    Removing menu.o(.bss.f7a_on), (20 bytes).
    Removing menu.o(.bss.f8), (20 bytes).
    Removing menu.o(.bss.f9_gravity), (20 bytes).
    Removing menu.o(.bss.f10_reset), (20 bytes).
    Removing menu.o(.bss.f1d_dual2), (20 bytes).
    Removing menu.o(.bss.f1b_6000), (20 bytes).
    Removing menu.o(.bss.f1c_dual1), (20 bytes).
    Removing menu.o(.bss.f2d_30), (20 bytes).
    Removing menu.o(.bss.f2b_6), (20 bytes).
    Removing menu.o(.bss.f2c_15), (20 bytes).
    Removing menu.o(.bss.f3e), (20 bytes).
    Removing menu.o(.bss.f3b), (20 bytes).
    Removing menu.o(.bss.f3c), (20 bytes).
    Removing menu.o(.bss.f3d), (20 bytes).
    Removing menu.o(.bss.f4b_flot), (20 bytes).
    Removing menu.o(.bss.f5c_fast), (20 bytes).
    Removing menu.o(.bss.f5b_normal), (20 bytes).
    Removing menu.o(.bss.f6d_10), (20 bytes).
    Removing menu.o(.bss.f6b_2), (20 bytes).
    Removing menu.o(.bss.f6c_5), (20 bytes).
    Removing menu.o(.bss.f7b_off), (20 bytes).
    Removing menu.o(.rodata.str1.1), (485 bytes).

525 unused section(s) (total 19409 bytes) removed from the image.

==============================================================================

Image Symbol Table

    Local Symbols

    Symbol Name                              Value     Ov Type        Size  Object(Section)

    ../clib/division.s                       0x00000000   Number         0  aeabi_sdiv.o ABSOLUTE
    ../clib/division.s                       0x00000000   Number         0  aeabi_sdiv_div0.o ABSOLUTE
    ../clib/microlib/division.c              0x00000000   Number         0  uidiv.o ABSOLUTE
    ../clib/microlib/division.c              0x00000000   Number         0  uldiv.o ABSOLUTE
    ../clib/microlib/division.c              0x00000000   Number         0  uidiv_div0.o ABSOLUTE
    ../clib/microlib/division.c              0x00000000   Number         0  idiv_div0.o ABSOLUTE
    ../clib/microlib/division.c              0x00000000   Number         0  idiv0.o ABSOLUTE
    ../clib/microlib/init/entry.s            0x00000000   Number         0  entry.o ABSOLUTE
    ../clib/microlib/init/entry.s            0x00000000   Number         0  entry2.o ABSOLUTE
    ../clib/microlib/init/entry.s            0x00000000   Number         0  entry5.o ABSOLUTE
    ../clib/microlib/init/entry.s            0x00000000   Number         0  entry7a.o ABSOLUTE
    ../clib/microlib/init/entry.s            0x00000000   Number         0  entry7b.o ABSOLUTE
    ../clib/microlib/init/entry.s            0x00000000   Number         0  entry8a.o ABSOLUTE
    ../clib/microlib/init/entry.s            0x00000000   Number         0  entry8b.o ABSOLUTE
    ../clib/microlib/init/entry.s            0x00000000   Number         0  entry9a.o ABSOLUTE
    ../clib/microlib/init/entry.s            0x00000000   Number         0  entry9b.o ABSOLUTE
    ../clib/microlib/init/entry.s            0x00000000   Number         0  entry10a.o ABSOLUTE
    ../clib/microlib/init/entry.s            0x00000000   Number         0  entry10b.o ABSOLUTE
    ../clib/microlib/init/entry.s            0x00000000   Number         0  entry11a.o ABSOLUTE
    ../clib/microlib/init/entry.s            0x00000000   Number         0  entry11b.o ABSOLUTE
    ../clib/microlib/longlong.c              0x00000000   Number         0  llshl.o ABSOLUTE
    ../clib/microlib/longlong.c              0x00000000   Number         0  llushr.o ABSOLUTE
    ../clib/microlib/longlong.c              0x00000000   Number         0  llsshr.o ABSOLUTE
    ../clib/microlib/malloc/malloc.c         0x00000000   Number         0  malloc.o ABSOLUTE
    ../clib/microlib/malloc/malloc.c         0x00000000   Number         0  mallocr.o ABSOLUTE
    ../clib/microlib/malloc/malloc.c         0x00000000   Number         0  malloca.o ABSOLUTE
    ../clib/microlib/malloc/malloc.c         0x00000000   Number         0  mallocra.o ABSOLUTE
    ../clib/microlib/malloc/mvars.c          0x00000000   Number         0  mvars.o ABSOLUTE
    ../clib/microlib/printf/printf.c         0x00000000   Number         0  printfa.o ABSOLUTE
    ../clib/microlib/string/memcpy.c         0x00000000   Number         0  memcpya.o ABSOLUTE
    ../clib/microlib/string/memcpy.c         0x00000000   Number         0  memcpyb.o ABSOLUTE
    ../clib/microlib/string/memset.c         0x00000000   Number         0  memseta.o ABSOLUTE
    ../clib/microlib/stubs.s                 0x00000000   Number         0  iusefp.o ABSOLUTE
    ../fplib/microlib/fpadd.c                0x00000000   Number         0  dadd.o ABSOLUTE
    ../fplib/microlib/fpdiv.c                0x00000000   Number         0  ddiv.o ABSOLUTE
    ../fplib/microlib/fpepilogue.c           0x00000000   Number         0  depilogue.o ABSOLUTE
    ../fplib/microlib/fpfix.c                0x00000000   Number         0  dfixul.o ABSOLUTE
    ../fplib/microlib/fpmul.c                0x00000000   Number         0  dmul.o ABSOLUTE
    ..\..\..\..\Library\Device\Nuvoton\M251\Source\ARM\startup_M251.s 0x00000000   Number         0  startup_m251.o ABSOLUTE
    app.c                                    0x00000000   Number         0  app.o ABSOLUTE
    cdrcmple.s                               0x00000000   Number         0  cdrcmple.o ABSOLUTE
    clk.c                                    0x00000000   Number         0  clk.o ABSOLUTE
    clk_conf.c                               0x00000000   Number         0  clk_conf.o ABSOLUTE
    costumLcd.c                              0x00000000   Number         0  costumlcd.o ABSOLUTE
    fmc.c                                    0x00000000   Number         0  fmc.o ABSOLUTE
    gpio.c                                   0x00000000   Number         0  gpio.o ABSOLUTE
    handlers.s                               0x00000000   Number         0  handlers.o ABSOLUTE
    init.s                                   0x00000000   Number         0  init.o ABSOLUTE
    int_handler.c                            0x00000000   Number         0  int_handler.o ABSOLUTE
    keypad.c                                 0x00000000   Number         0  keypad.o ABSOLUTE
    main.c                                   0x00000000   Number         0  main.o ABSOLUTE
    menu.c                                   0x00000000   Number         0  menu.o ABSOLUTE
    periph_conf.c                            0x00000000   Number         0  periph_conf.o ABSOLUTE
    pin_conf.c                               0x00000000   Number         0  pin_conf.o ABSOLUTE
    retarget.c                               0x00000000   Number         0  retarget.o ABSOLUTE
    spi.c                                    0x00000000   Number         0  spi.o ABSOLUTE
    sys.c                                    0x00000000   Number         0  sys.o ABSOLUTE
    system_M251.c                            0x00000000   Number         0  system_m251.o ABSOLUTE
    test.c                                   0x00000000   Number         0  test.o ABSOLUTE
    timer.c                                  0x00000000   Number         0  timer.o ABSOLUTE
    timer_pwm.c                              0x00000000   Number         0  timer_pwm.o ABSOLUTE
    tk.c                                     0x00000000   Number         0  tk.o ABSOLUTE
    uart.c                                   0x00000000   Number         0  uart.o ABSOLUTE
    wdt.c                                    0x00000000   Number         0  wdt.o ABSOLUTE
    RESET                                    0x00000000   Section      320  startup_m251.o(RESET)
    .ARM.Collect$$$$00000000                 0x00000140   Section        0  entry.o(.ARM.Collect$$$$00000000)
    .ARM.Collect$$$$00000001                 0x00000140   Section        4  entry2.o(.ARM.Collect$$$$00000001)
    .ARM.Collect$$$$00000004                 0x00000144   Section        4  entry5.o(.ARM.Collect$$$$00000004)
    .ARM.Collect$$$$00000008                 0x00000148   Section        0  entry7b.o(.ARM.Collect$$$$00000008)
    .ARM.Collect$$$$0000000A                 0x00000148   Section        0  entry8b.o(.ARM.Collect$$$$0000000A)
    .ARM.Collect$$$$0000000B                 0x00000148   Section        8  entry9a.o(.ARM.Collect$$$$0000000B)
    __lit__00000000                          0x00000150   Data           4  entry2.o(.ARM.Collect$$$$00002712)
    .ARM.Collect$$$$0000000D                 0x00000150   Section        0  entry10a.o(.ARM.Collect$$$$0000000D)
    .ARM.Collect$$$$0000000F                 0x00000150   Section        0  entry11a.o(.ARM.Collect$$$$0000000F)
    .ARM.Collect$$$$00002712                 0x00000150   Section        4  entry2.o(.ARM.Collect$$$$00002712)
    .text                                    0x00000154   Section      132  startup_m251.o(.text)
    .text                                    0x000001d8   Section        0  memseta.o(.text)
    .text                                    0x000001fc   Section        0  uldiv.o(.text)
    .text                                    0x0000025c   Section        0  iusefp.o(.text)
    .text                                    0x0000025c   Section        0  dadd.o(.text)
    .text                                    0x000003c0   Section        0  dmul.o(.text)
    .text                                    0x00000490   Section        0  ddiv.o(.text)
    .text                                    0x00000580   Section        0  dfixul.o(.text)
    .text                                    0x000005c0   Section       40  cdrcmple.o(.text)
    .text                                    0x000005e8   Section       36  init.o(.text)
    .text                                    0x0000060c   Section        0  uidiv_div0.o(.text)
    .text                                    0x0000064a   Section        0  llshl.o(.text)
    .text                                    0x0000066a   Section        0  llushr.o(.text)
    .text                                    0x0000068c   Section        0  llsshr.o(.text)
    .text                                    0x000006b2   Section        0  depilogue.o(.text)
    AIP_ClearScreen                          0x00000771   Thumb Code    30  costumlcd.o(.text.AIP_ClearScreen)
    [Anonymous Symbol]                       0x00000770   Section        0  costumlcd.o(.text.AIP_ClearScreen)
    AIP_Init                                 0x0000078f   Thumb Code   166  costumlcd.o(.text.AIP_Init)
    [Anonymous Symbol]                       0x0000078e   Section        0  costumlcd.o(.text.AIP_Init)
    AIP_SetCursor                            0x00000835   Thumb Code    32  costumlcd.o(.text.AIP_SetCursor)
    [Anonymous Symbol]                       0x00000834   Section        0  costumlcd.o(.text.AIP_SetCursor)
    AIP_Spoint                               0x00000855   Thumb Code   384  costumlcd.o(.text.AIP_Spoint)
    [Anonymous Symbol]                       0x00000854   Section        0  costumlcd.o(.text.AIP_Spoint)
    AIP_UpdateScreen                         0x000009d5   Thumb Code    44  costumlcd.o(.text.AIP_UpdateScreen)
    [Anonymous Symbol]                       0x000009d4   Section        0  costumlcd.o(.text.AIP_UpdateScreen)
    AIP_WriteString                          0x00000a01   Thumb Code    74  costumlcd.o(.text.AIP_WriteString)
    [Anonymous Symbol]                       0x00000a00   Section        0  costumlcd.o(.text.AIP_WriteString)
    AIP_draw_pixel                           0x00000a4b   Thumb Code   110  costumlcd.o(.text.AIP_draw_pixel)
    [Anonymous Symbol]                       0x00000a4a   Section        0  costumlcd.o(.text.AIP_draw_pixel)
    AIP_writeChar                            0x00000ab9   Thumb Code   268  costumlcd.o(.text.AIP_writeChar)
    [Anonymous Symbol]                       0x00000ab8   Section        0  costumlcd.o(.text.AIP_writeChar)
    AIP_writeCommand                         0x00000bc5   Thumb Code    48  costumlcd.o(.text.AIP_writeCommand)
    [Anonymous Symbol]                       0x00000bc4   Section        0  costumlcd.o(.text.AIP_writeCommand)
    AIP_writeData                            0x00000bf5   Thumb Code    80  costumlcd.o(.text.AIP_writeData)
    [Anonymous Symbol]                       0x00000bf4   Section        0  costumlcd.o(.text.AIP_writeData)
    AIP_writeNumber                          0x00000c45   Thumb Code    56  costumlcd.o(.text.AIP_writeNumber)
    [Anonymous Symbol]                       0x00000c44   Section        0  costumlcd.o(.text.AIP_writeNumber)
    [Anonymous Symbol]                       0x00000c7c   Section        0  app.o(.text.APP_Handle)
    __arm_cp.11_1                            0x00000d1c   Number         4  app.o(.text.APP_Handle)
    __arm_cp.11_2                            0x00000d20   Number         4  app.o(.text.APP_Handle)
    __arm_cp.11_4                            0x00000d24   Number         4  app.o(.text.APP_Handle)
    __arm_cp.11_7                            0x00000d28   Number         4  app.o(.text.APP_Handle)
    [Anonymous Symbol]                       0x00000d2c   Section        0  app.o(.text.APP_Init)
    __arm_cp.0_0                             0x00000de0   Number         4  app.o(.text.APP_Init)
    __arm_cp.0_1                             0x00000de4   Number         4  app.o(.text.APP_Init)
    __arm_cp.0_2                             0x00000de8   Number         4  app.o(.text.APP_Init)
    __arm_cp.0_3                             0x00000dec   Number         4  app.o(.text.APP_Init)
    __arm_cp.0_4                             0x00000df0   Number         4  app.o(.text.APP_Init)
    __arm_cp.0_5                             0x00000df4   Number         4  app.o(.text.APP_Init)
    __arm_cp.0_6                             0x00000df8   Number         4  app.o(.text.APP_Init)
    __arm_cp.0_7                             0x00000dfc   Number         4  app.o(.text.APP_Init)
    __arm_cp.0_8                             0x00000e00   Number         4  app.o(.text.APP_Init)
    __arm_cp.0_9                             0x00000e04   Number         4  app.o(.text.APP_Init)
    __arm_cp.0_10                            0x00000e08   Number         4  app.o(.text.APP_Init)
    __arm_cp.0_11                            0x00000e0c   Number         4  app.o(.text.APP_Init)
    __arm_cp.0_12                            0x00000e10   Number         4  app.o(.text.APP_Init)
    __arm_cp.0_13                            0x00000e14   Number         4  app.o(.text.APP_Init)
    __arm_cp.0_14                            0x00000e18   Number         4  app.o(.text.APP_Init)
    __arm_cp.0_15                            0x00000e1c   Number         4  app.o(.text.APP_Init)
    __arm_cp.0_16                            0x00000e20   Number         4  app.o(.text.APP_Init)
    [Anonymous Symbol]                       0x00000e24   Section        0  app.o(.text.APP_SetBatteryLevel)
    [Anonymous Symbol]                       0x00000ea0   Section        0  clk.o(.text.CLK_EnableModuleClock)
    __arm_cp.20_0                            0x00000ed4   Number         4  clk.o(.text.CLK_EnableModuleClock)
    __arm_cp.20_1                            0x00000ed8   Number         4  clk.o(.text.CLK_EnableModuleClock)
    [Anonymous Symbol]                       0x00000edc   Section        0  clk.o(.text.CLK_EnableXtalRC)
    [Anonymous Symbol]                       0x00000ef0   Section        0  clk.o(.text.CLK_GetHCLKFreq)
    [Anonymous Symbol]                       0x00000efc   Section        0  clk.o(.text.CLK_GetPCLK0Freq)
    [Anonymous Symbol]                       0x00000f7c   Section        0  clk.o(.text.CLK_GetPCLK1Freq)
    __arm_cp.7_0                             0x00001000   Number         4  clk.o(.text.CLK_GetPCLK1Freq)
    [Anonymous Symbol]                       0x00001004   Section        0  clk.o(.text.CLK_GetPLLClockFreq)
    __arm_cp.10_0                            0x000010a4   Number         4  clk.o(.text.CLK_GetPLLClockFreq)
    __arm_cp.10_1                            0x000010a8   Number         4  clk.o(.text.CLK_GetPLLClockFreq)
    __arm_cp.10_2                            0x000010ac   Number         4  clk.o(.text.CLK_GetPLLClockFreq)
    __arm_cp.10_3                            0x000010b0   Number         4  clk.o(.text.CLK_GetPLLClockFreq)
    __arm_cp.10_4                            0x000010b4   Number         4  clk.o(.text.CLK_GetPLLClockFreq)
    [Anonymous Symbol]                       0x000010b8   Section        0  clk.o(.text.CLK_SetHCLK)
    __arm_cp.14_1                            0x00001114   Number         4  clk.o(.text.CLK_SetHCLK)
    [Anonymous Symbol]                       0x00001118   Section        0  clk.o(.text.CLK_SetModuleClock)
    __arm_cp.16_0                            0x000011b8   Number         4  clk.o(.text.CLK_SetModuleClock)
    __arm_cp.16_1                            0x000011bc   Number         4  clk.o(.text.CLK_SetModuleClock)
    __arm_cp.16_2                            0x000011c0   Number         4  clk.o(.text.CLK_SetModuleClock)
    __arm_cp.16_3                            0x000011c4   Number         4  clk.o(.text.CLK_SetModuleClock)
    CLK_SysTickDelay                         0x000011c9   Thumb Code    56  keypad.o(.text.CLK_SysTickDelay)
    [Anonymous Symbol]                       0x000011c8   Section        0  keypad.o(.text.CLK_SysTickDelay)
    __arm_cp.5_0                             0x00001200   Number         4  keypad.o(.text.CLK_SysTickDelay)
    __arm_cp.5_1                             0x00001204   Number         4  keypad.o(.text.CLK_SysTickDelay)
    __arm_cp.5_2                             0x00001208   Number         4  keypad.o(.text.CLK_SysTickDelay)
    __arm_cp.5_3                             0x0000120c   Number         4  keypad.o(.text.CLK_SysTickDelay)
    [Anonymous Symbol]                       0x00001210   Section        0  clk.o(.text.CLK_WaitClockReady)
    __arm_cp.13_0                            0x0000125c   Number         4  clk.o(.text.CLK_WaitClockReady)
    __arm_cp.13_1                            0x00001260   Number         4  clk.o(.text.CLK_WaitClockReady)
    __arm_cp.13_2                            0x00001264   Number         4  clk.o(.text.CLK_WaitClockReady)
    [Anonymous Symbol]                       0x00001268   Section        0  clk_conf.o(.text.Clock_Init)
    __arm_cp.0_0                             0x00001310   Number         4  clk_conf.o(.text.Clock_Init)
    __arm_cp.0_1                             0x00001314   Number         4  clk_conf.o(.text.Clock_Init)
    __arm_cp.0_2                             0x00001318   Number         4  clk_conf.o(.text.Clock_Init)
    __arm_cp.0_3                             0x0000131c   Number         4  clk_conf.o(.text.Clock_Init)
    __arm_cp.0_4                             0x00001320   Number         4  clk_conf.o(.text.Clock_Init)
    __arm_cp.0_5                             0x00001324   Number         4  clk_conf.o(.text.Clock_Init)
    __arm_cp.0_6                             0x00001328   Number         4  clk_conf.o(.text.Clock_Init)
    DumpStack                                0x0000132d   Thumb Code     8  retarget.o(.text.DumpStack)
    [Anonymous Symbol]                       0x0000132c   Section        0  retarget.o(.text.DumpStack)
    [Anonymous Symbol]                       0x00001334   Section        0  int_handler.o(.text.EINT0_IRQHandler)
    __arm_cp.3_1                             0x00001354   Number         4  int_handler.o(.text.EINT0_IRQHandler)
    [Anonymous Symbol]                       0x00001358   Section        0  int_handler.o(.text.EINT1_IRQHandler)
    __arm_cp.4_1                             0x00001378   Number         4  int_handler.o(.text.EINT1_IRQHandler)
    [Anonymous Symbol]                       0x0000137c   Section        0  int_handler.o(.text.EINT3_IRQHandler)
    __arm_cp.5_1                             0x0000139c   Number         4  int_handler.o(.text.EINT3_IRQHandler)
    [Anonymous Symbol]                       0x000013a0   Section        0  periph_conf.o(.text.FMC_Init)
    [Anonymous Symbol]                       0x000013b4   Section        0  fmc.o(.text.FMC_Open)
    __arm_cp.3_0                             0x000013c0   Number         4  fmc.o(.text.FMC_Open)
    [Anonymous Symbol]                       0x000013c4   Section        0  int_handler.o(.text.GPB_IRQHandler)
    __arm_cp.0_0                             0x000013f0   Number         4  int_handler.o(.text.GPB_IRQHandler)
    __arm_cp.0_2                             0x000013f4   Number         4  int_handler.o(.text.GPB_IRQHandler)
    [Anonymous Symbol]                       0x000013f8   Section        0  int_handler.o(.text.GPC_IRQHandler)
    __arm_cp.1_0                             0x00001424   Number         4  int_handler.o(.text.GPC_IRQHandler)
    __arm_cp.1_2                             0x00001428   Number         4  int_handler.o(.text.GPC_IRQHandler)
    [Anonymous Symbol]                       0x0000142c   Section        0  int_handler.o(.text.GPD_IRQHandler)
    __arm_cp.2_0                             0x00001458   Number         4  int_handler.o(.text.GPD_IRQHandler)
    __arm_cp.2_1                             0x0000145c   Number         4  int_handler.o(.text.GPD_IRQHandler)
    __arm_cp.2_2                             0x00001460   Number         4  int_handler.o(.text.GPD_IRQHandler)
    [Anonymous Symbol]                       0x00001464   Section        0  periph_conf.o(.text.GPIO_Init)
    __arm_cp.1_0                             0x00001584   Number         4  periph_conf.o(.text.GPIO_Init)
    __arm_cp.1_1                             0x00001588   Number         4  periph_conf.o(.text.GPIO_Init)
    __arm_cp.1_2                             0x0000158c   Number         4  periph_conf.o(.text.GPIO_Init)
    __arm_cp.1_3                             0x00001590   Number         4  periph_conf.o(.text.GPIO_Init)
    __arm_cp.1_4                             0x00001594   Number         4  periph_conf.o(.text.GPIO_Init)
    __arm_cp.1_5                             0x00001598   Number         4  periph_conf.o(.text.GPIO_Init)
    __arm_cp.1_6                             0x0000159c   Number         4  periph_conf.o(.text.GPIO_Init)
    __arm_cp.1_7                             0x000015a0   Number         4  periph_conf.o(.text.GPIO_Init)
    __arm_cp.1_8                             0x000015a4   Number         4  periph_conf.o(.text.GPIO_Init)
    __arm_cp.1_9                             0x000015a8   Number         4  periph_conf.o(.text.GPIO_Init)
    __arm_cp.1_10                            0x000015ac   Number         4  periph_conf.o(.text.GPIO_Init)
    __arm_cp.1_11                            0x000015b0   Number         4  periph_conf.o(.text.GPIO_Init)
    __arm_cp.1_12                            0x000015b4   Number         4  periph_conf.o(.text.GPIO_Init)
    __arm_cp.1_13                            0x000015b8   Number         4  periph_conf.o(.text.GPIO_Init)
    __arm_cp.1_14                            0x000015bc   Number         4  periph_conf.o(.text.GPIO_Init)
    __arm_cp.1_15                            0x000015c0   Number         4  periph_conf.o(.text.GPIO_Init)
    __arm_cp.1_16                            0x000015c4   Number         4  periph_conf.o(.text.GPIO_Init)
    __arm_cp.1_17                            0x000015c8   Number         4  periph_conf.o(.text.GPIO_Init)
    __arm_cp.1_18                            0x000015cc   Number         4  periph_conf.o(.text.GPIO_Init)
    __arm_cp.1_19                            0x000015d0   Number         4  periph_conf.o(.text.GPIO_Init)
    __arm_cp.1_20                            0x000015d4   Number         4  periph_conf.o(.text.GPIO_Init)
    __arm_cp.1_21                            0x000015d8   Number         4  periph_conf.o(.text.GPIO_Init)
    __arm_cp.1_22                            0x000015dc   Number         4  periph_conf.o(.text.GPIO_Init)
    __arm_cp.1_23                            0x000015e0   Number         4  periph_conf.o(.text.GPIO_Init)
    __arm_cp.1_24                            0x000015e4   Number         4  periph_conf.o(.text.GPIO_Init)
    __arm_cp.1_25                            0x000015e8   Number         4  periph_conf.o(.text.GPIO_Init)
    __arm_cp.1_26                            0x000015ec   Number         4  periph_conf.o(.text.GPIO_Init)
    __arm_cp.1_27                            0x000015f0   Number         4  periph_conf.o(.text.GPIO_Init)
    __arm_cp.1_28                            0x000015f4   Number         4  periph_conf.o(.text.GPIO_Init)
    __arm_cp.1_29                            0x000015f8   Number         4  periph_conf.o(.text.GPIO_Init)
    __arm_cp.1_30                            0x000015fc   Number         4  periph_conf.o(.text.GPIO_Init)
    __arm_cp.1_31                            0x00001600   Number         4  periph_conf.o(.text.GPIO_Init)
    __arm_cp.1_32                            0x00001604   Number         4  periph_conf.o(.text.GPIO_Init)
    __arm_cp.1_33                            0x00001608   Number         4  periph_conf.o(.text.GPIO_Init)
    __arm_cp.1_34                            0x0000160c   Number         4  periph_conf.o(.text.GPIO_Init)
    __arm_cp.1_35                            0x00001610   Number         4  periph_conf.o(.text.GPIO_Init)
    __arm_cp.1_36                            0x00001614   Number         4  periph_conf.o(.text.GPIO_Init)
    __arm_cp.1_37                            0x00001618   Number         4  periph_conf.o(.text.GPIO_Init)
    __arm_cp.1_38                            0x0000161c   Number         4  periph_conf.o(.text.GPIO_Init)
    __arm_cp.1_39                            0x00001620   Number         4  periph_conf.o(.text.GPIO_Init)
    __arm_cp.1_40                            0x00001624   Number         4  periph_conf.o(.text.GPIO_Init)
    __arm_cp.1_41                            0x00001628   Number         4  periph_conf.o(.text.GPIO_Init)
    [Anonymous Symbol]                       0x0000162c   Section        0  retarget.o(.text.GetChar)
    __arm_cp.5_0                             0x00001644   Number         4  retarget.o(.text.GetChar)
    __arm_cp.5_1                             0x00001648   Number         4  retarget.o(.text.GetChar)
    Init                                     0x0000164d   Thumb Code    24  keypad.o(.text.Init)
    [Anonymous Symbol]                       0x0000164c   Section        0  keypad.o(.text.Init)
    __arm_cp.1_0                             0x00001664   Number         4  keypad.o(.text.Init)
    [Anonymous Symbol]                       0x00001668   Section        0  periph_conf.o(.text.Periph_Init)
    [Anonymous Symbol]                       0x00001688   Section        0  pin_conf.o(.text.Pin_Init)
    __arm_cp.0_0                             0x000016bc   Number         4  pin_conf.o(.text.Pin_Init)
    __arm_cp.0_1                             0x000016c0   Number         4  pin_conf.o(.text.Pin_Init)
    __arm_cp.0_2                             0x000016c4   Number         4  pin_conf.o(.text.Pin_Init)
    __arm_cp.0_3                             0x000016c8   Number         4  pin_conf.o(.text.Pin_Init)
    __arm_cp.0_4                             0x000016cc   Number         4  pin_conf.o(.text.Pin_Init)
    __arm_cp.0_5                             0x000016d0   Number         4  pin_conf.o(.text.Pin_Init)
    __arm_cp.0_6                             0x000016d4   Number         4  pin_conf.o(.text.Pin_Init)
    __arm_cp.0_7                             0x000016d8   Number         4  pin_conf.o(.text.Pin_Init)
    __arm_cp.0_8                             0x000016dc   Number         4  pin_conf.o(.text.Pin_Init)
    __arm_cp.0_9                             0x000016e0   Number         4  pin_conf.o(.text.Pin_Init)
    __arm_cp.0_10                            0x000016e4   Number         4  pin_conf.o(.text.Pin_Init)
    [Anonymous Symbol]                       0x000016e8   Section        0  retarget.o(.text.ProcessHardFault)
    __arm_cp.1_0                             0x00001758   Number         4  retarget.o(.text.ProcessHardFault)
    __arm_cp.1_1                             0x0000175c   Number         4  retarget.o(.text.ProcessHardFault)
    __arm_cp.1_2                             0x00001760   Number         4  retarget.o(.text.ProcessHardFault)
    [Anonymous Symbol]                       0x00001764   Section        0  app.o(.text.SCREEN_1_AIP_A0Pin)
    __arm_cp.1_0                             0x00001778   Number         4  app.o(.text.SCREEN_1_AIP_A0Pin)
    [Anonymous Symbol]                       0x0000177c   Section        0  app.o(.text.SCREEN_1_AIP_CSPin)
    __arm_cp.3_0                             0x00001790   Number         4  app.o(.text.SCREEN_1_AIP_CSPin)
    [Anonymous Symbol]                       0x00001794   Section        0  app.o(.text.SCREEN_1_AIP_ResetPin)
    __arm_cp.2_0                             0x000017a8   Number         4  app.o(.text.SCREEN_1_AIP_ResetPin)
    [Anonymous Symbol]                       0x000017ac   Section        0  app.o(.text.SCREEN_2_AIP_A0Pin)
    __arm_cp.4_0                             0x000017c0   Number         4  app.o(.text.SCREEN_2_AIP_A0Pin)
    [Anonymous Symbol]                       0x000017c4   Section        0  app.o(.text.SCREEN_2_AIP_CSPin)
    __arm_cp.6_0                             0x000017d8   Number         4  app.o(.text.SCREEN_2_AIP_CSPin)
    [Anonymous Symbol]                       0x000017dc   Section        0  app.o(.text.SCREEN_2_AIP_ResetPin)
    __arm_cp.5_0                             0x000017f0   Number         4  app.o(.text.SCREEN_2_AIP_ResetPin)
    [Anonymous Symbol]                       0x000017f4   Section        0  app.o(.text.SCREEN_3_AIP_A0Pin)
    __arm_cp.7_0                             0x00001808   Number         4  app.o(.text.SCREEN_3_AIP_A0Pin)
    [Anonymous Symbol]                       0x0000180c   Section        0  app.o(.text.SCREEN_3_AIP_CSPin)
    __arm_cp.9_0                             0x00001820   Number         4  app.o(.text.SCREEN_3_AIP_CSPin)
    [Anonymous Symbol]                       0x00001824   Section        0  app.o(.text.SCREEN_3_AIP_ResetPin)
    __arm_cp.8_0                             0x00001838   Number         4  app.o(.text.SCREEN_3_AIP_ResetPin)
    [Anonymous Symbol]                       0x0000183c   Section        0  retarget.o(.text.SH_Return)
    [Anonymous Symbol]                       0x0000184c   Section        0  periph_conf.o(.text.SPII2S0_Init)
    __arm_cp.3_0                             0x00001888   Number         4  periph_conf.o(.text.SPII2S0_Init)
    __arm_cp.3_2                             0x0000188c   Number         4  periph_conf.o(.text.SPII2S0_Init)
    [Anonymous Symbol]                       0x00001890   Section        0  spi.o(.text.SPI_Open)
    __arm_cp.0_0                             0x00001ad4   Number         4  spi.o(.text.SPI_Open)
    __arm_cp.0_1                             0x00001ad8   Number         4  spi.o(.text.SPI_Open)
    __arm_cp.0_2                             0x00001adc   Number         4  spi.o(.text.SPI_Open)
    __arm_cp.0_3                             0x00001ae0   Number         4  spi.o(.text.SPI_Open)
    __arm_cp.0_4                             0x00001ae4   Number         4  spi.o(.text.SPI_Open)
    __arm_cp.0_5                             0x00001ae8   Number         4  spi.o(.text.SPI_Open)
    __arm_cp.0_6                             0x00001aec   Number         4  spi.o(.text.SPI_Open)
    [Anonymous Symbol]                       0x00001af0   Section        0  spi.o(.text.SPI_SetFIFO)
    SYS_LockReg                              0x00001b19   Thumb Code     8  main.o(.text.SYS_LockReg)
    [Anonymous Symbol]                       0x00001b18   Section        0  main.o(.text.SYS_LockReg)
    SYS_UnlockReg                            0x00001b21   Thumb Code    32  main.o(.text.SYS_UnlockReg)
    [Anonymous Symbol]                       0x00001b20   Section        0  main.o(.text.SYS_UnlockReg)
    SYS_UnlockReg                            0x00001b41   Thumb Code    32  periph_conf.o(.text.SYS_UnlockReg)
    [Anonymous Symbol]                       0x00001b40   Section        0  periph_conf.o(.text.SYS_UnlockReg)
    __arm_cp.9_0                             0x00001b60   Number         4  periph_conf.o(.text.SYS_UnlockReg)
    Scan                                     0x00001b65   Thumb Code   212  keypad.o(.text.Scan)
    [Anonymous Symbol]                       0x00001b64   Section        0  keypad.o(.text.Scan)
    __arm_cp.2_0                             0x00001c38   Number         4  keypad.o(.text.Scan)
    __arm_cp.2_1                             0x00001c3c   Number         4  keypad.o(.text.Scan)
    __arm_cp.2_2                             0x00001c40   Number         4  keypad.o(.text.Scan)
    [Anonymous Symbol]                       0x00001c44   Section        0  retarget.o(.text.SendChar)
    [Anonymous Symbol]                       0x00001c54   Section        0  retarget.o(.text.SendChar_ToUART)
    __arm_cp.3_0                             0x00001c94   Number         4  retarget.o(.text.SendChar_ToUART)
    [Anonymous Symbol]                       0x00001c98   Section        0  system_m251.o(.text.SystemCoreClockUpdate)
    __arm_cp.0_0                             0x00001cf8   Number         4  system_m251.o(.text.SystemCoreClockUpdate)
    __arm_cp.0_1                             0x00001cfc   Number         4  system_m251.o(.text.SystemCoreClockUpdate)
    __arm_cp.0_2                             0x00001d00   Number         4  system_m251.o(.text.SystemCoreClockUpdate)
    __arm_cp.0_3                             0x00001d04   Number         4  system_m251.o(.text.SystemCoreClockUpdate)
    __arm_cp.0_4                             0x00001d08   Number         4  system_m251.o(.text.SystemCoreClockUpdate)
    __arm_cp.0_5                             0x00001d0c   Number         4  system_m251.o(.text.SystemCoreClockUpdate)
    __arm_cp.0_6                             0x00001d10   Number         4  system_m251.o(.text.SystemCoreClockUpdate)
    __arm_cp.0_7                             0x00001d14   Number         4  system_m251.o(.text.SystemCoreClockUpdate)
    [Anonymous Symbol]                       0x00001d18   Section        0  system_m251.o(.text.SystemInit)
    __arm_cp.1_0                             0x00001d30   Number         4  system_m251.o(.text.SystemInit)
    __arm_cp.1_1                             0x00001d34   Number         4  system_m251.o(.text.SystemInit)
    __arm_cp.1_2                             0x00001d38   Number         4  system_m251.o(.text.SystemInit)
    [Anonymous Symbol]                       0x00001d3c   Section        0  main.o(.text.System_Init)
    [Anonymous Symbol]                       0x00001d54   Section        0  periph_conf.o(.text.TIMER0_Init)
    __arm_cp.4_1                             0x00001d78   Number         4  periph_conf.o(.text.TIMER0_Init)
    [Anonymous Symbol]                       0x00001d7c   Section        0  periph_conf.o(.text.TIMER1_Init)
    TIMER_ClearIntFlag                       0x00001d9d   Thumb Code    14  int_handler.o(.text.TIMER_ClearIntFlag)
    [Anonymous Symbol]                       0x00001d9c   Section        0  int_handler.o(.text.TIMER_ClearIntFlag)
    TIMER_EnableInt                          0x00001dab   Thumb Code    20  periph_conf.o(.text.TIMER_EnableInt)
    [Anonymous Symbol]                       0x00001daa   Section        0  periph_conf.o(.text.TIMER_EnableInt)
    TIMER_GetIntFlag                         0x00001dbf   Thumb Code    16  int_handler.o(.text.TIMER_GetIntFlag)
    [Anonymous Symbol]                       0x00001dbe   Section        0  int_handler.o(.text.TIMER_GetIntFlag)
    [Anonymous Symbol]                       0x00001dd0   Section        0  timer.o(.text.TIMER_GetModuleClock)
    __arm_cp.1_0                             0x00001e84   Number         4  timer.o(.text.TIMER_GetModuleClock)
    __arm_cp.1_3                             0x00001e88   Number         4  timer.o(.text.TIMER_GetModuleClock)
    [Anonymous Symbol]                       0x00001e8c   Section        0  timer.o(.text.TIMER_Open)
    [Anonymous Symbol]                       0x00001f00   Section        0  int_handler.o(.text.TMR0_IRQHandler)
    __arm_cp.6_0                             0x00001f18   Number         4  int_handler.o(.text.TMR0_IRQHandler)
    [Anonymous Symbol]                       0x00001f1c   Section        0  int_handler.o(.text.TMR1_IRQHandler)
    __arm_cp.9_0                             0x00001f34   Number         4  int_handler.o(.text.TMR1_IRQHandler)
    [Anonymous Symbol]                       0x00001f38   Section        0  periph_conf.o(.text.UART2_Init)
    __arm_cp.7_0                             0x00001f50   Number         4  periph_conf.o(.text.UART2_Init)
    __arm_cp.7_1                             0x00001f54   Number         4  periph_conf.o(.text.UART2_Init)
    [Anonymous Symbol]                       0x00001f58   Section        0  uart.o(.text.UART_Open)
    __arm_cp.6_0                             0x000020d8   Number         4  uart.o(.text.UART_Open)
    __arm_cp.6_1                             0x000020dc   Number         4  uart.o(.text.UART_Open)
    __arm_cp.6_2                             0x000020e0   Number         4  uart.o(.text.UART_Open)
    __arm_cp.6_3                             0x000020e4   Number         4  uart.o(.text.UART_Open)
    __arm_cp.6_4                             0x000020e8   Number         4  uart.o(.text.UART_Open)
    __arm_cp.6_5                             0x000020ec   Number         4  uart.o(.text.UART_Open)
    __arm_cp.6_6                             0x000020f0   Number         4  uart.o(.text.UART_Open)
    __arm_cp.6_7                             0x000020f4   Number         4  uart.o(.text.UART_Open)
    __arm_cp.6_8                             0x000020f8   Number         4  uart.o(.text.UART_Open)
    __arm_cp.6_9                             0x000020fc   Number         4  uart.o(.text.UART_Open)
    WDT_EnableInt                            0x00002101   Thumb Code    12  periph_conf.o(.text.WDT_EnableInt)
    [Anonymous Symbol]                       0x00002100   Section        0  periph_conf.o(.text.WDT_EnableInt)
    [Anonymous Symbol]                       0x0000210c   Section        0  int_handler.o(.text.WDT_IRQHandler)
    __arm_cp.10_1                            0x00002164   Number         4  int_handler.o(.text.WDT_IRQHandler)
    __arm_cp.10_2                            0x00002168   Number         4  int_handler.o(.text.WDT_IRQHandler)
    [Anonymous Symbol]                       0x0000216c   Section        0  periph_conf.o(.text.WDT_Init)
    [Anonymous Symbol]                       0x0000218c   Section        0  wdt.o(.text.WDT_Open)
    __arm_cp.0_0                             0x000021b8   Number         4  wdt.o(.text.WDT_Open)
    __arm_cp.0_1                             0x000021bc   Number         4  wdt.o(.text.WDT_Open)
    __NVIC_EnableIRQ                         0x000021c1   Thumb Code    48  periph_conf.o(.text.__NVIC_EnableIRQ)
    [Anonymous Symbol]                       0x000021c0   Section        0  periph_conf.o(.text.__NVIC_EnableIRQ)
    __arm_cp.2_0                             0x000021f0   Number         4  periph_conf.o(.text.__NVIC_EnableIRQ)
    [Anonymous Symbol]                       0x000021f4   Section        0  retarget.o(.text.fputc)
    [Anonymous Symbol]                       0x00002208   Section        0  main.o(.text.main)
    __arm_cp.3_0                             0x00002238   Number         4  main.o(.text.main)
    __arm_cp.3_1                             0x0000223c   Number         4  main.o(.text.main)
    __arm_cp.3_2                             0x00002240   Number         4  main.o(.text.main)
    __arm_cp.3_3                             0x00002244   Number         4  main.o(.text.main)
    [Anonymous Symbol]                       0x00002248   Section        0  keypad.o(.text.newKeyPadObj)
    __arm_cp.0_0                             0x00002284   Number         4  keypad.o(.text.newKeyPadObj)
    __arm_cp.0_1                             0x00002288   Number         4  keypad.o(.text.newKeyPadObj)
    __arm_cp.0_2                             0x0000228c   Number         4  keypad.o(.text.newKeyPadObj)
    __arm_cp.0_3                             0x00002290   Number         4  keypad.o(.text.newKeyPadObj)
    __arm_cp.0_4                             0x00002294   Number         4  keypad.o(.text.newKeyPadObj)
    [Anonymous Symbol]                       0x00002298   Section        0  costumlcd.o(.text.newLCDObj)
    __arm_cp.9_0                             0x0000231c   Number         4  costumlcd.o(.text.newLCDObj)
    __arm_cp.9_1                             0x00002320   Number         4  costumlcd.o(.text.newLCDObj)
    __arm_cp.9_2                             0x00002324   Number         4  costumlcd.o(.text.newLCDObj)
    __arm_cp.9_3                             0x00002328   Number         4  costumlcd.o(.text.newLCDObj)
    __arm_cp.9_4                             0x0000232c   Number         4  costumlcd.o(.text.newLCDObj)
    __arm_cp.9_5                             0x00002330   Number         4  costumlcd.o(.text.newLCDObj)
    __arm_cp.9_6                             0x00002334   Number         4  costumlcd.o(.text.newLCDObj)
    __arm_cp.9_7                             0x00002338   Number         4  costumlcd.o(.text.newLCDObj)
    __arm_cp.9_8                             0x0000233c   Number         4  costumlcd.o(.text.newLCDObj)
    __arm_cp.9_9                             0x00002340   Number         4  costumlcd.o(.text.newLCDObj)
    __arm_cp.9_10                            0x00002344   Number         4  costumlcd.o(.text.newLCDObj)
    readRowPin                               0x00002349   Thumb Code   104  keypad.o(.text.readRowPin)
    [Anonymous Symbol]                       0x00002348   Section        0  keypad.o(.text.readRowPin)
    __arm_cp.4_0                             0x000023b0   Number         4  keypad.o(.text.readRowPin)
    __arm_cp.4_1                             0x000023b4   Number         4  keypad.o(.text.readRowPin)
    __arm_cp.4_2                             0x000023b8   Number         4  keypad.o(.text.readRowPin)
    __arm_cp.4_3                             0x000023bc   Number         4  keypad.o(.text.readRowPin)
    resetColumnPin                           0x000023c1   Thumb Code    92  keypad.o(.text.resetColumnPin)
    [Anonymous Symbol]                       0x000023c0   Section        0  keypad.o(.text.resetColumnPin)
    setAllColumnPins                         0x0000241d   Thumb Code    24  keypad.o(.text.setAllColumnPins)
    [Anonymous Symbol]                       0x0000241c   Section        0  keypad.o(.text.setAllColumnPins)
    __arm_cp.6_0                             0x00002434   Number         4  keypad.o(.text.setAllColumnPins)
    __arm_cp.6_1                             0x00002438   Number         4  keypad.o(.text.setAllColumnPins)
    __arm_cp.6_2                             0x0000243c   Number         4  keypad.o(.text.setAllColumnPins)
    __arm_cp.6_3                             0x00002440   Number         4  keypad.o(.text.setAllColumnPins)
    __arm_cp.6_4                             0x00002444   Number         4  keypad.o(.text.setAllColumnPins)
    spi_transfer                             0x00002449   Thumb Code    64  costumlcd.o(.text.spi_transfer)
    [Anonymous Symbol]                       0x00002448   Section        0  costumlcd.o(.text.spi_transfer)
    __arm_cp.21_0                            0x00002488   Number         4  costumlcd.o(.text.spi_transfer)
    __arm_cp.21_1                            0x0000248c   Number         4  costumlcd.o(.text.spi_transfer)
    __arm_cp.21_2                            0x00002490   Number         4  costumlcd.o(.text.spi_transfer)
    i.__0printf                              0x00002494   Section        0  printfa.o(i.__0printf)
    i.__ARM_clz                              0x000024b4   Section        0  depilogue.o(i.__ARM_clz)
    i.__scatterload_copy                     0x000024e2   Section       14  handlers.o(i.__scatterload_copy)
    i.__scatterload_null                     0x000024f0   Section        2  handlers.o(i.__scatterload_null)
    i.__scatterload_zeroinit                 0x000024f2   Section       14  handlers.o(i.__scatterload_zeroinit)
    _fp_digits                               0x00002501   Thumb Code   344  printfa.o(i._fp_digits)
    i._fp_digits                             0x00002500   Section        0  printfa.o(i._fp_digits)
    _printf_core                             0x00002675   Thumb Code  1754  printfa.o(i._printf_core)
    i._printf_core                           0x00002674   Section        0  printfa.o(i._printf_core)
    _printf_post_padding                     0x00002d61   Thumb Code    32  printfa.o(i._printf_post_padding)
    i._printf_post_padding                   0x00002d60   Section        0  printfa.o(i._printf_post_padding)
    _printf_pre_padding                      0x00002d81   Thumb Code    44  printfa.o(i._printf_pre_padding)
    i._printf_pre_padding                    0x00002d80   Section        0  printfa.o(i._printf_pre_padding)
    i.malloc                                 0x00002dac   Section        0  malloc.o(i.malloc)
    [Anonymous Symbol]                       0x00002e18   Section        0  clk.o(.rodata..L__const.CLK_EnableModuleClock.au32ClkTbl)
    [Anonymous Symbol]                       0x00002e24   Section        0  uart.o(.rodata..L__const.UART_Open.au32ClkTbl)
    [Anonymous Symbol]                       0x00002e3c   Section        0  clk.o(.rodata.cst16)
    [Anonymous Symbol]                       0x00002e7c   Section        0  timer.o(.rodata.cst32)
    fontArray                                0x00002e9c   Data         576  app.o(.rodata.fontArray)
    [Anonymous Symbol]                       0x00002e9c   Section        0  app.o(.rodata.fontArray)
    [Anonymous Symbol]                       0x000030fc   Section        0  retarget.o(.rodata.str1.1)
    [Anonymous Symbol]                       0x0000310b   Section        0  main.o(.rodata.str1.1)
    [Anonymous Symbol]                       0x00003146   Section        0  int_handler.o(.rodata.str1.1)
    [Anonymous Symbol]                       0x000031dd   Section        0  app.o(.rodata.str1.1)
    .data                                    0x20000000   Section        4  mvars.o(.data)
    .data                                    0x20000004   Section        4  mvars.o(.data)
    g_ICE_Conneced                           0x2000001c   Data           4  retarget.o(.data.g_ICE_Conneced)
    [Anonymous Symbol]                       0x2000001c   Section        0  retarget.o(.data.g_ICE_Conneced)
    HEAP                                     0x200000f0   Section        0  startup_m251.o(HEAP)
    STACK                                    0x200000f0   Section     2048  startup_m251.o(STACK)

    Global Symbols

    Symbol Name                              Value     Ov Type        Size  Object(Section)

    BuildAttributes$$THM_ISAv3M$S$8M$PE$A:L22$X:L11$S22$IEEE1$IW$~IW$USESV6$~STKCKD$USESV7$~SHL$OSPACE$ROPI$EBA8$MICROLIB$REQ8$PRES8$EABIv2 0x00000000   Number         0  anon$$obj.o ABSOLUTE
    __Vectors                                0x00000000   Data           4  startup_m251.o(RESET)
    __cpp_initialize__aeabi_                  - Undefined Weak Reference
    __cxa_finalize                            - Undefined Weak Reference
    __decompress                              - Undefined Weak Reference
    _clock_init                               - Undefined Weak Reference
    _microlib_exit                            - Undefined Weak Reference
    __Vectors_End                            0x00000140   Data           0  startup_m251.o(RESET)
    __Vectors_Size                           0x00000140   Number         0  startup_m251.o ABSOLUTE
    __main                                   0x00000141   Thumb Code     0  entry.o(.ARM.Collect$$$$00000000)
    _main_stk                                0x00000141   Thumb Code     0  entry2.o(.ARM.Collect$$$$00000001)
    _main_scatterload                        0x00000145   Thumb Code     0  entry5.o(.ARM.Collect$$$$00000004)
    __main_after_scatterload                 0x00000149   Thumb Code     0  entry5.o(.ARM.Collect$$$$00000004)
    _main_clock                              0x00000149   Thumb Code     0  entry7b.o(.ARM.Collect$$$$00000008)
    _main_cpp_init                           0x00000149   Thumb Code     0  entry8b.o(.ARM.Collect$$$$0000000A)
    _main_init                               0x00000149   Thumb Code     0  entry9a.o(.ARM.Collect$$$$0000000B)
    __rt_final_cpp                           0x00000151   Thumb Code     0  entry10a.o(.ARM.Collect$$$$0000000D)
    __rt_final_exit                          0x00000151   Thumb Code     0  entry11a.o(.ARM.Collect$$$$0000000F)
    Reset_Handler                            0x00000155   Thumb Code    56  startup_m251.o(.text)
    NMI_Handler                              0x0000018d   Thumb Code     2  startup_m251.o(.text)
    HardFault_Handler                        0x0000018f   Thumb Code    16  startup_m251.o(.text)
    SVC_Handler                              0x0000019f   Thumb Code     2  startup_m251.o(.text)
    PendSV_Handler                           0x000001a1   Thumb Code     2  startup_m251.o(.text)
    SysTick_Handler                          0x000001a3   Thumb Code     2  startup_m251.o(.text)
    ACMP01_IRQHandler                        0x000001a5   Thumb Code     0  startup_m251.o(.text)
    BOD_IRQHandler                           0x000001a5   Thumb Code     0  startup_m251.o(.text)
    BPWM0_IRQHandler                         0x000001a5   Thumb Code     0  startup_m251.o(.text)
    BPWM1_IRQHandler                         0x000001a5   Thumb Code     0  startup_m251.o(.text)
    BRAKE0_IRQHandler                        0x000001a5   Thumb Code     0  startup_m251.o(.text)
    BRAKE1_IRQHandler                        0x000001a5   Thumb Code     0  startup_m251.o(.text)
    CLKFAIL_IRQHandler                       0x000001a5   Thumb Code     0  startup_m251.o(.text)
    CRPT_IRQHandler                          0x000001a5   Thumb Code     0  startup_m251.o(.text)
    DAC_IRQHandler                           0x000001a5   Thumb Code     0  startup_m251.o(.text)
    DEFAULT_IRQHandler                       0x000001a5   Thumb Code     0  startup_m251.o(.text)
    EADC_INT0_IRQHandler                     0x000001a5   Thumb Code     0  startup_m251.o(.text)
    EADC_INT1_IRQHandler                     0x000001a5   Thumb Code     0  startup_m251.o(.text)
    EADC_INT2_IRQHandler                     0x000001a5   Thumb Code     0  startup_m251.o(.text)
    EADC_INT3_IRQHandler                     0x000001a5   Thumb Code     0  startup_m251.o(.text)
    EINT2_IRQHandler                         0x000001a5   Thumb Code     0  startup_m251.o(.text)
    EINT4_IRQHandler                         0x000001a5   Thumb Code     0  startup_m251.o(.text)
    EINT5_IRQHandler                         0x000001a5   Thumb Code     0  startup_m251.o(.text)
    GPA_IRQHandler                           0x000001a5   Thumb Code     0  startup_m251.o(.text)
    GPE_IRQHandler                           0x000001a5   Thumb Code     0  startup_m251.o(.text)
    GPF_IRQHandler                           0x000001a5   Thumb Code     0  startup_m251.o(.text)
    I2C0_IRQHandler                          0x000001a5   Thumb Code     0  startup_m251.o(.text)
    I2C1_IRQHandler                          0x000001a5   Thumb Code     0  startup_m251.o(.text)
    IRCTRIM_IRQHandler                       0x000001a5   Thumb Code     0  startup_m251.o(.text)
    LCD_IRQHandler                           0x000001a5   Thumb Code     0  startup_m251.o(.text)
    OPA_IRQHandler                           0x000001a5   Thumb Code     0  startup_m251.o(.text)
    PDMA_IRQHandler                          0x000001a5   Thumb Code     0  startup_m251.o(.text)
    PSIO_IRQHandler                          0x000001a5   Thumb Code     0  startup_m251.o(.text)
    PWM0_P0_IRQHandler                       0x000001a5   Thumb Code     0  startup_m251.o(.text)
    PWM0_P1_IRQHandler                       0x000001a5   Thumb Code     0  startup_m251.o(.text)
    PWM0_P2_IRQHandler                       0x000001a5   Thumb Code     0  startup_m251.o(.text)
    PWM1_P0_IRQHandler                       0x000001a5   Thumb Code     0  startup_m251.o(.text)
    PWM1_P1_IRQHandler                       0x000001a5   Thumb Code     0  startup_m251.o(.text)
    PWM1_P2_IRQHandler                       0x000001a5   Thumb Code     0  startup_m251.o(.text)
    PWRWU_IRQHandler                         0x000001a5   Thumb Code     0  startup_m251.o(.text)
    QSPI0_IRQHandler                         0x000001a5   Thumb Code     0  startup_m251.o(.text)
    RTC_IRQHandler                           0x000001a5   Thumb Code     0  startup_m251.o(.text)
    SC0_IRQHandler                           0x000001a5   Thumb Code     0  startup_m251.o(.text)
    SPI0_IRQHandler                          0x000001a5   Thumb Code     0  startup_m251.o(.text)
    SPI1_IRQHandler                          0x000001a5   Thumb Code     0  startup_m251.o(.text)
    TAMPER_IRQHandler                        0x000001a5   Thumb Code     0  startup_m251.o(.text)
    TK_IRQHandler                            0x000001a5   Thumb Code     0  startup_m251.o(.text)
    TMR2_IRQHandler                          0x000001a5   Thumb Code     0  startup_m251.o(.text)
    TMR3_IRQHandler                          0x000001a5   Thumb Code     0  startup_m251.o(.text)
    UART0_IRQHandler                         0x000001a5   Thumb Code     0  startup_m251.o(.text)
    UART1_IRQHandler                         0x000001a5   Thumb Code     0  startup_m251.o(.text)
    UART2_IRQHandler                         0x000001a5   Thumb Code     0  startup_m251.o(.text)
    UART3_IRQHandler                         0x000001a5   Thumb Code     0  startup_m251.o(.text)
    USBD_IRQHandler                          0x000001a5   Thumb Code     0  startup_m251.o(.text)
    USCI0_IRQHandler                         0x000001a5   Thumb Code     0  startup_m251.o(.text)
    USCI1_IRQHandler                         0x000001a5   Thumb Code     0  startup_m251.o(.text)
    USCI2_IRQHandler                         0x000001a5   Thumb Code     0  startup_m251.o(.text)
    WWDT_IRQHandler                          0x000001a5   Thumb Code     0  startup_m251.o(.text)
    SH_DoCommand                             0x000001a9   Thumb Code    10  startup_m251.o(.text)
    __PC                                     0x000001b3   Thumb Code     6  startup_m251.o(.text)
    __aeabi_memset                           0x000001d9   Thumb Code    14  memseta.o(.text)
    __aeabi_memset4                          0x000001d9   Thumb Code     0  memseta.o(.text)
    __aeabi_memset8                          0x000001d9   Thumb Code     0  memseta.o(.text)
    __aeabi_memclr                           0x000001e7   Thumb Code     4  memseta.o(.text)
    __aeabi_memclr4                          0x000001e7   Thumb Code     0  memseta.o(.text)
    __aeabi_memclr8                          0x000001e7   Thumb Code     0  memseta.o(.text)
    _memset$wrapper                          0x000001eb   Thumb Code    18  memseta.o(.text)
    __aeabi_uldivmod                         0x000001fd   Thumb Code    96  uldiv.o(.text)
    __I$use$fp                               0x0000025d   Thumb Code     0  iusefp.o(.text)
    __aeabi_dadd                             0x0000025d   Thumb Code   328  dadd.o(.text)
    __aeabi_dsub                             0x000003a5   Thumb Code    12  dadd.o(.text)
    __aeabi_drsub                            0x000003b1   Thumb Code    12  dadd.o(.text)
    __aeabi_dmul                             0x000003c1   Thumb Code   202  dmul.o(.text)
    __aeabi_ddiv                             0x00000491   Thumb Code   234  ddiv.o(.text)
    __aeabi_d2ulz                            0x00000581   Thumb Code    54  dfixul.o(.text)
    __aeabi_cdrcmple                         0x000005c1   Thumb Code    38  cdrcmple.o(.text)
    __scatterload                            0x000005e9   Thumb Code    28  init.o(.text)
    __scatterload_rt2                        0x000005e9   Thumb Code     0  init.o(.text)
    __aeabi_uidiv$div0                       0x0000060d   Thumb Code     0  uidiv_div0.o(.text)
    __aeabi_uidivmod                         0x0000060d   Thumb Code    62  uidiv_div0.o(.text)
    __aeabi_llsl                             0x0000064b   Thumb Code    32  llshl.o(.text)
    _ll_shift_l                              0x0000064b   Thumb Code     0  llshl.o(.text)
    __aeabi_llsr                             0x0000066b   Thumb Code    34  llushr.o(.text)
    _ll_ushift_r                             0x0000066b   Thumb Code     0  llushr.o(.text)
    __aeabi_lasr                             0x0000068d   Thumb Code    38  llsshr.o(.text)
    _ll_sshift_r                             0x0000068d   Thumb Code     0  llsshr.o(.text)
    _double_round                            0x000006b3   Thumb Code    26  depilogue.o(.text)
    _double_epilogue                         0x000006cd   Thumb Code   164  depilogue.o(.text)
    APP_Handle                               0x00000c7d   Thumb Code   160  app.o(.text.APP_Handle)
    APP_Init                                 0x00000d2d   Thumb Code   180  app.o(.text.APP_Init)
    APP_SetBatteryLevel                      0x00000e25   Thumb Code   122  app.o(.text.APP_SetBatteryLevel)
    CLK_EnableModuleClock                    0x00000ea1   Thumb Code    52  clk.o(.text.CLK_EnableModuleClock)
    CLK_EnableXtalRC                         0x00000edd   Thumb Code    20  clk.o(.text.CLK_EnableXtalRC)
    CLK_GetHCLKFreq                          0x00000ef1   Thumb Code    12  clk.o(.text.CLK_GetHCLKFreq)
    CLK_GetPCLK0Freq                         0x00000efd   Thumb Code   128  clk.o(.text.CLK_GetPCLK0Freq)
    CLK_GetPCLK1Freq                         0x00000f7d   Thumb Code   132  clk.o(.text.CLK_GetPCLK1Freq)
    CLK_GetPLLClockFreq                      0x00001005   Thumb Code   160  clk.o(.text.CLK_GetPLLClockFreq)
    CLK_SetHCLK                              0x000010b9   Thumb Code    92  clk.o(.text.CLK_SetHCLK)
    CLK_SetModuleClock                       0x00001119   Thumb Code   160  clk.o(.text.CLK_SetModuleClock)
    CLK_WaitClockReady                       0x00001211   Thumb Code    76  clk.o(.text.CLK_WaitClockReady)
    Clock_Init                               0x00001269   Thumb Code   168  clk_conf.o(.text.Clock_Init)
    EINT0_IRQHandler                         0x00001335   Thumb Code    32  int_handler.o(.text.EINT0_IRQHandler)
    EINT1_IRQHandler                         0x00001359   Thumb Code    32  int_handler.o(.text.EINT1_IRQHandler)
    EINT3_IRQHandler                         0x0000137d   Thumb Code    32  int_handler.o(.text.EINT3_IRQHandler)
    FMC_Init                                 0x000013a1   Thumb Code    20  periph_conf.o(.text.FMC_Init)
    FMC_Open                                 0x000013b5   Thumb Code    12  fmc.o(.text.FMC_Open)
    GPB_IRQHandler                           0x000013c5   Thumb Code    44  int_handler.o(.text.GPB_IRQHandler)
    GPC_IRQHandler                           0x000013f9   Thumb Code    44  int_handler.o(.text.GPC_IRQHandler)
    GPD_IRQHandler                           0x0000142d   Thumb Code    44  int_handler.o(.text.GPD_IRQHandler)
    GPIO_Init                                0x00001465   Thumb Code   288  periph_conf.o(.text.GPIO_Init)
    GetChar                                  0x0000162d   Thumb Code    24  retarget.o(.text.GetChar)
    Periph_Init                              0x00001669   Thumb Code    32  periph_conf.o(.text.Periph_Init)
    Pin_Init                                 0x00001689   Thumb Code    52  pin_conf.o(.text.Pin_Init)
    ProcessHardFault                         0x000016e9   Thumb Code   112  retarget.o(.text.ProcessHardFault)
    SCREEN_1_AIP_A0Pin                       0x00001765   Thumb Code    20  app.o(.text.SCREEN_1_AIP_A0Pin)
    SCREEN_1_AIP_CSPin                       0x0000177d   Thumb Code    20  app.o(.text.SCREEN_1_AIP_CSPin)
    SCREEN_1_AIP_ResetPin                    0x00001795   Thumb Code    20  app.o(.text.SCREEN_1_AIP_ResetPin)
    SCREEN_2_AIP_A0Pin                       0x000017ad   Thumb Code    20  app.o(.text.SCREEN_2_AIP_A0Pin)
    SCREEN_2_AIP_CSPin                       0x000017c5   Thumb Code    20  app.o(.text.SCREEN_2_AIP_CSPin)
    SCREEN_2_AIP_ResetPin                    0x000017dd   Thumb Code    20  app.o(.text.SCREEN_2_AIP_ResetPin)
    SCREEN_3_AIP_A0Pin                       0x000017f5   Thumb Code    20  app.o(.text.SCREEN_3_AIP_A0Pin)
    SCREEN_3_AIP_CSPin                       0x0000180d   Thumb Code    20  app.o(.text.SCREEN_3_AIP_CSPin)
    SCREEN_3_AIP_ResetPin                    0x00001825   Thumb Code    20  app.o(.text.SCREEN_3_AIP_ResetPin)
    SH_Return                                0x0000183d   Thumb Code    14  retarget.o(.text.SH_Return)
    SPII2S0_Init                             0x0000184d   Thumb Code    60  periph_conf.o(.text.SPII2S0_Init)
    SPI_Open                                 0x00001891   Thumb Code   580  spi.o(.text.SPI_Open)
    SPI_SetFIFO                              0x00001af1   Thumb Code    38  spi.o(.text.SPI_SetFIFO)
    SendChar                                 0x00001c45   Thumb Code    16  retarget.o(.text.SendChar)
    SendChar_ToUART                          0x00001c55   Thumb Code    64  retarget.o(.text.SendChar_ToUART)
    SystemCoreClockUpdate                    0x00001c99   Thumb Code    96  system_m251.o(.text.SystemCoreClockUpdate)
    SystemInit                               0x00001d19   Thumb Code    24  system_m251.o(.text.SystemInit)
    System_Init                              0x00001d3d   Thumb Code    24  main.o(.text.System_Init)
    TIMER0_Init                              0x00001d55   Thumb Code    36  periph_conf.o(.text.TIMER0_Init)
    TIMER1_Init                              0x00001d7d   Thumb Code    32  periph_conf.o(.text.TIMER1_Init)
    TIMER_GetModuleClock                     0x00001dd1   Thumb Code   180  timer.o(.text.TIMER_GetModuleClock)
    TIMER_Open                               0x00001e8d   Thumb Code   114  timer.o(.text.TIMER_Open)
    TMR0_IRQHandler                          0x00001f01   Thumb Code    24  int_handler.o(.text.TMR0_IRQHandler)
    TMR1_IRQHandler                          0x00001f1d   Thumb Code    24  int_handler.o(.text.TMR1_IRQHandler)
    UART2_Init                               0x00001f39   Thumb Code    24  periph_conf.o(.text.UART2_Init)
    UART_Open                                0x00001f59   Thumb Code   384  uart.o(.text.UART_Open)
    WDT_IRQHandler                           0x0000210d   Thumb Code    88  int_handler.o(.text.WDT_IRQHandler)
    WDT_Init                                 0x0000216d   Thumb Code    30  periph_conf.o(.text.WDT_Init)
    WDT_Open                                 0x0000218d   Thumb Code    44  wdt.o(.text.WDT_Open)
    fputc                                    0x000021f5   Thumb Code    20  retarget.o(.text.fputc)
    main                                     0x00002209   Thumb Code    48  main.o(.text.main)
    newKeyPadObj                             0x00002249   Thumb Code    60  keypad.o(.text.newKeyPadObj)
    newLCDObj                                0x00002299   Thumb Code   132  costumlcd.o(.text.newLCDObj)
    __0printf                                0x00002495   Thumb Code    24  printfa.o(i.__0printf)
    __1printf                                0x00002495   Thumb Code     0  printfa.o(i.__0printf)
    __2printf                                0x00002495   Thumb Code     0  printfa.o(i.__0printf)
    __c89printf                              0x00002495   Thumb Code     0  printfa.o(i.__0printf)
    printf                                   0x00002495   Thumb Code     0  printfa.o(i.__0printf)
    __ARM_clz                                0x000024b5   Thumb Code    46  depilogue.o(i.__ARM_clz)
    __scatterload_copy                       0x000024e3   Thumb Code    14  handlers.o(i.__scatterload_copy)
    __scatterload_null                       0x000024f1   Thumb Code     2  handlers.o(i.__scatterload_null)
    __scatterload_zeroinit                   0x000024f3   Thumb Code    14  handlers.o(i.__scatterload_zeroinit)
    malloc                                   0x00002dad   Thumb Code    92  malloc.o(i.malloc)
    gau32ClkSrcTbl                           0x000030dc   Data          32  system_m251.o(.rodata.gau32ClkSrcTbl)
    Region$$Table$$Base                      0x000031f8   Number         0  anon$$obj.o(Region$$Table)
    Region$$Table$$Limit                     0x00003218   Number         0  anon$$obj.o(Region$$Table)
    __microlib_freelist                      0x20000000   Data           4  mvars.o(.data)
    __microlib_freelist_initialised          0x20000004   Data           4  mvars.o(.data)
    CyclesPerUs                              0x20000008   Data           4  system_m251.o(.data.CyclesPerUs)
    PllClock                                 0x2000000c   Data           4  system_m251.o(.data.PllClock)
    SystemCoreClock                          0x20000010   Data           4  system_m251.o(.data.SystemCoreClock)
    font_small                               0x20000014   Data           8  app.o(.data.font_small)
    KeyPad                                   0x20000020   Data           4  keypad.o(.bss.KeyPad)
    __stdout                                 0x20000024   Data          84  retarget.o(.bss.__stdout)
    _param1                                  0x20000078   Data          32  app.o(.bss._param1)
    _param2                                  0x20000098   Data          32  app.o(.bss._param2)
    _param3                                  0x200000b8   Data          32  app.o(.bss._param3)
    g_CLK_i32ErrCode                         0x200000d8   Data           4  clk.o(.bss.g_CLK_i32ErrCode)
    p_KeypadObj                              0x200000dc   Data           4  app.o(.bss.p_KeypadObj)
    p_LcdObj_S1                              0x200000e0   Data           4  app.o(.bss.p_LcdObj_S1)
    p_LcdObj_S2                              0x200000e4   Data           4  app.o(.bss.p_LcdObj_S2)
    p_LcdObj_S3                              0x200000e8   Data           4  app.o(.bss.p_LcdObj_S3)
    sil                                      0x200000ec   Data           4  app.o(.bss.sil)
    __heap_base                              0x200000f0   Data           0  startup_m251.o(HEAP)
    __heap_limit                             0x200000f0   Data           0  startup_m251.o(HEAP)
    __initial_sp                             0x200008f0   Data           0  startup_m251.o(STACK)



==============================================================================

Memory Map of the image

  Image Entry point : 0x00000155

  Load Region LR_1 (Base: 0x00000000, Size: 0x00003238, Max: 0xffffffff, ABSOLUTE)

    Execution Region ER_RO (Exec base: 0x00000000, Load base: 0x00000000, Size: 0x00003218, Max: 0xffffffff, ABSOLUTE)

    Exec Addr    Load Addr    Size         Type   Attr      Idx    E Section Name        Object

    0x00000000   0x00000000   0x00000140   Data   RO           20    RESET               startup_m251.o
    0x00000140   0x00000140   0x00000000   Code   RO          770  * .ARM.Collect$$$$00000000  mc_p.l(entry.o)
    0x00000140   0x00000140   0x00000004   Code   RO          829    .ARM.Collect$$$$00000001  mc_p.l(entry2.o)
    0x00000144   0x00000144   0x00000004   Code   RO          832    .ARM.Collect$$$$00000004  mc_p.l(entry5.o)
    0x00000148   0x00000148   0x00000000   Code   RO          834    .ARM.Collect$$$$00000008  mc_p.l(entry7b.o)
    0x00000148   0x00000148   0x00000000   Code   RO          836    .ARM.Collect$$$$0000000A  mc_p.l(entry8b.o)
    0x00000148   0x00000148   0x00000008   Code   RO          837    .ARM.Collect$$$$0000000B  mc_p.l(entry9a.o)
    0x00000150   0x00000150   0x00000000   Code   RO          839    .ARM.Collect$$$$0000000D  mc_p.l(entry10a.o)
    0x00000150   0x00000150   0x00000000   Code   RO          841    .ARM.Collect$$$$0000000F  mc_p.l(entry11a.o)
    0x00000150   0x00000150   0x00000004   Code   RO          830    .ARM.Collect$$$$00002712  mc_p.l(entry2.o)
    0x00000154   0x00000154   0x00000084   Code   RO           21  * .text               startup_m251.o
    0x000001d8   0x000001d8   0x00000024   Code   RO          771    .text               mc_p.l(memseta.o)
    0x000001fc   0x000001fc   0x00000060   Code   RO          847    .text               mc_p.l(uldiv.o)
    0x0000025c   0x0000025c   0x00000000   Code   RO          855    .text               mc_p.l(iusefp.o)
    0x0000025c   0x0000025c   0x00000164   Code   RO          856    .text               mf_p.l(dadd.o)
    0x000003c0   0x000003c0   0x000000d0   Code   RO          858    .text               mf_p.l(dmul.o)
    0x00000490   0x00000490   0x000000f0   Code   RO          860    .text               mf_p.l(ddiv.o)
    0x00000580   0x00000580   0x00000040   Code   RO          862    .text               mf_p.l(dfixul.o)
    0x000005c0   0x000005c0   0x00000028   Code   RO          864    .text               mf_p.l(cdrcmple.o)
    0x000005e8   0x000005e8   0x00000024   Code   RO          866    .text               mc_p.l(init.o)
    0x0000060c   0x0000060c   0x0000003e   Code   RO          870    .text               mc_p.l(uidiv_div0.o)
    0x0000064a   0x0000064a   0x00000020   Code   RO          876    .text               mc_p.l(llshl.o)
    0x0000066a   0x0000066a   0x00000022   Code   RO          878    .text               mc_p.l(llushr.o)
    0x0000068c   0x0000068c   0x00000026   Code   RO          880    .text               mc_p.l(llsshr.o)
    0x000006b2   0x000006b2   0x000000be   Code   RO          882    .text               mf_p.l(depilogue.o)
    0x00000770   0x00000770   0x0000001e   Code   RO          594    .text.AIP_ClearScreen  costumlcd.o
    0x0000078e   0x0000078e   0x000000a6   Code   RO          588    .text.AIP_Init      costumlcd.o
    0x00000834   0x00000834   0x00000020   Code   RO          602    .text.AIP_SetCursor  costumlcd.o
    0x00000854   0x00000854   0x00000180   Code   RO          606    .text.AIP_Spoint    costumlcd.o
    0x000009d4   0x000009d4   0x0000002c   Code   RO          596    .text.AIP_UpdateScreen  costumlcd.o
    0x00000a00   0x00000a00   0x0000004a   Code   RO          604    .text.AIP_WriteString  costumlcd.o
    0x00000a4a   0x00000a4a   0x0000006e   Code   RO          598    .text.AIP_draw_pixel  costumlcd.o
    0x00000ab8   0x00000ab8   0x0000010c   Code   RO          600    .text.AIP_writeChar  costumlcd.o
    0x00000bc4   0x00000bc4   0x00000030   Code   RO          592    .text.AIP_writeCommand  costumlcd.o
    0x00000bf4   0x00000bf4   0x00000050   Code   RO          590    .text.AIP_writeData  costumlcd.o
    0x00000c44   0x00000c44   0x00000038   Code   RO          608    .text.AIP_writeNumber  costumlcd.o
    0x00000c7c   0x00000c7c   0x000000b0   Code   RO          542    .text.APP_Handle    app.o
    0x00000d2c   0x00000d2c   0x000000f8   Code   RO          520    .text.APP_Init      app.o
    0x00000e24   0x00000e24   0x0000007a   Code   RO          540    .text.APP_SetBatteryLevel  app.o
    0x00000e9e   0x00000e9e   0x00000002   PAD
    0x00000ea0   0x00000ea0   0x0000003c   Code   RO           68    .text.CLK_EnableModuleClock  clk.o
    0x00000edc   0x00000edc   0x00000014   Code   RO           64    .text.CLK_EnableXtalRC  clk.o
    0x00000ef0   0x00000ef0   0x0000000c   Code   RO           44    .text.CLK_GetHCLKFreq  clk.o
    0x00000efc   0x00000efc   0x00000080   Code   RO           40    .text.CLK_GetPCLK0Freq  clk.o
    0x00000f7c   0x00000f7c   0x00000088   Code   RO           42    .text.CLK_GetPCLK1Freq  clk.o
    0x00001004   0x00001004   0x000000b4   Code   RO           48    .text.CLK_GetPLLClockFreq  clk.o
    0x000010b8   0x000010b8   0x00000060   Code   RO           56    .text.CLK_SetHCLK   clk.o
    0x00001118   0x00001118   0x000000b0   Code   RO           60    .text.CLK_SetModuleClock  clk.o
    0x000011c8   0x000011c8   0x00000048   Code   RO          629    .text.CLK_SysTickDelay  keypad.o
    0x00001210   0x00001210   0x00000058   Code   RO           54    .text.CLK_WaitClockReady  clk.o
    0x00001268   0x00001268   0x000000c4   Code   RO          443    .text.Clock_Init    clk_conf.o
    0x0000132c   0x0000132c   0x00000008   Code   RO          169    .text.DumpStack     retarget.o
    0x00001334   0x00001334   0x00000024   Code   RO          496    .text.EINT0_IRQHandler  int_handler.o
    0x00001358   0x00001358   0x00000024   Code   RO          498    .text.EINT1_IRQHandler  int_handler.o
    0x0000137c   0x0000137c   0x00000024   Code   RO          500    .text.EINT3_IRQHandler  int_handler.o
    0x000013a0   0x000013a0   0x00000014   Code   RO          451    .text.FMC_Init      periph_conf.o
    0x000013b4   0x000013b4   0x00000010   Code   RO          114    .text.FMC_Open      fmc.o
    0x000013c4   0x000013c4   0x00000034   Code   RO          490    .text.GPB_IRQHandler  int_handler.o
    0x000013f8   0x000013f8   0x00000034   Code   RO          492    .text.GPC_IRQHandler  int_handler.o
    0x0000142c   0x0000142c   0x00000038   Code   RO          494    .text.GPD_IRQHandler  int_handler.o
    0x00001464   0x00001464   0x000001c8   Code   RO          453    .text.GPIO_Init     periph_conf.o
    0x0000162c   0x0000162c   0x00000020   Code   RO          175    .text.GetChar       retarget.o
    0x0000164c   0x0000164c   0x0000001c   Code   RO          621    .text.Init          keypad.o
    0x00001668   0x00001668   0x00000020   Code   RO          473    .text.Periph_Init   periph_conf.o
    0x00001688   0x00001688   0x00000060   Code   RO          482    .text.Pin_Init      pin_conf.o
    0x000016e8   0x000016e8   0x0000007c   Code   RO          167    .text.ProcessHardFault  retarget.o
    0x00001764   0x00001764   0x00000018   Code   RO          522    .text.SCREEN_1_AIP_A0Pin  app.o
    0x0000177c   0x0000177c   0x00000018   Code   RO          526    .text.SCREEN_1_AIP_CSPin  app.o
    0x00001794   0x00001794   0x00000018   Code   RO          524    .text.SCREEN_1_AIP_ResetPin  app.o
    0x000017ac   0x000017ac   0x00000018   Code   RO          528    .text.SCREEN_2_AIP_A0Pin  app.o
    0x000017c4   0x000017c4   0x00000018   Code   RO          532    .text.SCREEN_2_AIP_CSPin  app.o
    0x000017dc   0x000017dc   0x00000018   Code   RO          530    .text.SCREEN_2_AIP_ResetPin  app.o
    0x000017f4   0x000017f4   0x00000018   Code   RO          534    .text.SCREEN_3_AIP_A0Pin  app.o
    0x0000180c   0x0000180c   0x00000018   Code   RO          538    .text.SCREEN_3_AIP_CSPin  app.o
    0x00001824   0x00001824   0x00000018   Code   RO          536    .text.SCREEN_3_AIP_ResetPin  app.o
    0x0000183c   0x0000183c   0x0000000e   Code   RO          165    .text.SH_Return     retarget.o
    0x0000184a   0x0000184a   0x00000002   PAD
    0x0000184c   0x0000184c   0x00000044   Code   RO          457    .text.SPII2S0_Init  periph_conf.o
    0x00001890   0x00001890   0x00000260   Code   RO          200    .text.SPI_Open      spi.o
    0x00001af0   0x00001af0   0x00000026   Code   RO          214    .text.SPI_SetFIFO   spi.o
    0x00001b16   0x00001b16   0x00000002   PAD
    0x00001b18   0x00001b18   0x00000008   Code   RO          430    .text.SYS_LockReg   main.o
    0x00001b20   0x00001b20   0x00000020   Code   RO          428    .text.SYS_UnlockReg  main.o
    0x00001b40   0x00001b40   0x00000024   Code   RO          469    .text.SYS_UnlockReg  periph_conf.o
    0x00001b64   0x00001b64   0x000000e0   Code   RO          623    .text.Scan          keypad.o
    0x00001c44   0x00001c44   0x00000010   Code   RO          173    .text.SendChar      retarget.o
    0x00001c54   0x00001c54   0x00000044   Code   RO          171    .text.SendChar_ToUART  retarget.o
    0x00001c98   0x00001c98   0x00000080   Code   RO            2    .text.SystemCoreClockUpdate  system_m251.o
    0x00001d18   0x00001d18   0x00000024   Code   RO            4    .text.SystemInit    system_m251.o
    0x00001d3c   0x00001d3c   0x00000018   Code   RO          426    .text.System_Init   main.o
    0x00001d54   0x00001d54   0x00000028   Code   RO          459    .text.TIMER0_Init   periph_conf.o
    0x00001d7c   0x00001d7c   0x00000020   Code   RO          463    .text.TIMER1_Init   periph_conf.o
    0x00001d9c   0x00001d9c   0x0000000e   Code   RO          506    .text.TIMER_ClearIntFlag  int_handler.o
    0x00001daa   0x00001daa   0x00000014   Code   RO          461    .text.TIMER_EnableInt  periph_conf.o
    0x00001dbe   0x00001dbe   0x00000010   Code   RO          504    .text.TIMER_GetIntFlag  int_handler.o
    0x00001dce   0x00001dce   0x00000002   PAD
    0x00001dd0   0x00001dd0   0x000000bc   Code   RO          284    .text.TIMER_GetModuleClock  timer.o
    0x00001e8c   0x00001e8c   0x00000072   Code   RO          282    .text.TIMER_Open    timer.o
    0x00001efe   0x00001efe   0x00000002   PAD
    0x00001f00   0x00001f00   0x0000001c   Code   RO          502    .text.TMR0_IRQHandler  int_handler.o
    0x00001f1c   0x00001f1c   0x0000001c   Code   RO          508    .text.TMR1_IRQHandler  int_handler.o
    0x00001f38   0x00001f38   0x00000020   Code   RO          465    .text.UART2_Init    periph_conf.o
    0x00001f58   0x00001f58   0x000001a8   Code   RO          347    .text.UART_Open     uart.o
    0x00002100   0x00002100   0x0000000c   Code   RO          471    .text.WDT_EnableInt  periph_conf.o
    0x0000210c   0x0000210c   0x00000060   Code   RO          510    .text.WDT_IRQHandler  int_handler.o
    0x0000216c   0x0000216c   0x0000001e   Code   RO          467    .text.WDT_Init      periph_conf.o
    0x0000218a   0x0000218a   0x00000002   PAD
    0x0000218c   0x0000218c   0x00000034   Code   RO          375    .text.WDT_Open      wdt.o
    0x000021c0   0x000021c0   0x00000034   Code   RO          455    .text.__NVIC_EnableIRQ  periph_conf.o
    0x000021f4   0x000021f4   0x00000014   Code   RO          183    .text.fputc         retarget.o
    0x00002208   0x00002208   0x00000040   Code   RO          432    .text.main          main.o
    0x00002248   0x00002248   0x00000050   Code   RO          619    .text.newKeyPadObj  keypad.o
    0x00002298   0x00002298   0x000000b0   Code   RO          586    .text.newLCDObj     costumlcd.o
    0x00002348   0x00002348   0x00000078   Code   RO          627    .text.readRowPin    keypad.o
    0x000023c0   0x000023c0   0x0000005c   Code   RO          625    .text.resetColumnPin  keypad.o
    0x0000241c   0x0000241c   0x0000002c   Code   RO          631    .text.setAllColumnPins  keypad.o
    0x00002448   0x00002448   0x0000004c   Code   RO          610    .text.spi_transfer  costumlcd.o
    0x00002494   0x00002494   0x00000020   Code   RO          774    i.__0printf         mc_p.l(printfa.o)
    0x000024b4   0x000024b4   0x0000002e   Code   RO          884    i.__ARM_clz         mf_p.l(depilogue.o)
    0x000024e2   0x000024e2   0x0000000e   Code   RO          888    i.__scatterload_copy  mc_p.l(handlers.o)
    0x000024f0   0x000024f0   0x00000002   Code   RO          889    i.__scatterload_null  mc_p.l(handlers.o)
    0x000024f2   0x000024f2   0x0000000e   Code   RO          890    i.__scatterload_zeroinit  mc_p.l(handlers.o)
    0x00002500   0x00002500   0x00000174   Code   RO          781    i._fp_digits        mc_p.l(printfa.o)
    0x00002674   0x00002674   0x000006ec   Code   RO          782    i._printf_core      mc_p.l(printfa.o)
    0x00002d60   0x00002d60   0x00000020   Code   RO          783    i._printf_post_padding  mc_p.l(printfa.o)
    0x00002d80   0x00002d80   0x0000002c   Code   RO          784    i._printf_pre_padding  mc_p.l(printfa.o)
    0x00002dac   0x00002dac   0x0000006c   Code   RO          802    i.malloc            mc_p.l(malloc.o)
    0x00002e18   0x00002e18   0x0000000c   Data   RO           99    .rodata..L__const.CLK_EnableModuleClock.au32ClkTbl  clk.o
    0x00002e24   0x00002e24   0x00000018   Data   RO          365    .rodata..L__const.UART_Open.au32ClkTbl  uart.o
    0x00002e3c   0x00002e3c   0x00000040   Data   RO           98    .rodata.cst16       clk.o
    0x00002e7c   0x00002e7c   0x00000020   Data   RO          310    .rodata.cst32       timer.o
    0x00002e9c   0x00002e9c   0x00000240   Data   RO          551    .rodata.fontArray   app.o
    0x000030dc   0x000030dc   0x00000020   Data   RO           11    .rodata.gau32ClkSrcTbl  system_m251.o
    0x000030fc   0x000030fc   0x0000000f   Data   RO          190    .rodata.str1.1      retarget.o
    0x0000310b   0x0000310b   0x0000003b   Data   RO          434    .rodata.str1.1      main.o
    0x00003146   0x00003146   0x00000097   Data   RO          512    .rodata.str1.1      int_handler.o
    0x000031dd   0x000031dd   0x00000018   Data   RO          560    .rodata.str1.1      app.o
    0x000031f5   0x000031f5   0x00000003   PAD
    0x000031f8   0x000031f8   0x00000020   Data   RO          887    Region$$Table       anon$$obj.o


    Execution Region ER_RW (Exec base: 0x20000000, Load base: 0x00003218, Size: 0x00000020, Max: 0xffffffff, ABSOLUTE)

    Exec Addr    Load Addr    Size         Type   Attr      Idx    E Section Name        Object

    0x20000000   0x00003218   0x00000004   Data   RW          853    .data               mc_p.l(mvars.o)
    0x20000004   0x0000321c   0x00000004   Data   RW          854    .data               mc_p.l(mvars.o)
    0x20000008   0x00003220   0x00000004   Data   RW            9    .data.CyclesPerUs   system_m251.o
    0x2000000c   0x00003224   0x00000004   Data   RW           10    .data.PllClock      system_m251.o
    0x20000010   0x00003228   0x00000004   Data   RW            8    .data.SystemCoreClock  system_m251.o
    0x20000014   0x0000322c   0x00000008   Data   RW          552    .data.font_small    app.o
    0x2000001c   0x00003234   0x00000004   Data   RW          189    .data.g_ICE_Conneced  retarget.o


    Execution Region ER_ZI (Exec base: 0x20000020, Load base: 0x00003238, Size: 0x000008d0, Max: 0xffffffff, ABSOLUTE)

    Exec Addr    Load Addr    Size         Type   Attr      Idx    E Section Name        Object

    0x20000020        -       0x00000004   Zero   RW          633    .bss.KeyPad         keypad.o
    0x20000024        -       0x00000054   Zero   RW          191    .bss.__stdout       retarget.o
    0x20000078        -       0x00000020   Zero   RW          553    .bss._param1        app.o
    0x20000098        -       0x00000020   Zero   RW          555    .bss._param2        app.o
    0x200000b8        -       0x00000020   Zero   RW          557    .bss._param3        app.o
    0x200000d8        -       0x00000004   Zero   RW           96    .bss.g_CLK_i32ErrCode  clk.o
    0x200000dc        -       0x00000004   Zero   RW          559    .bss.p_KeypadObj    app.o
    0x200000e0        -       0x00000004   Zero   RW          554    .bss.p_LcdObj_S1    app.o
    0x200000e4        -       0x00000004   Zero   RW          556    .bss.p_LcdObj_S2    app.o
    0x200000e8        -       0x00000004   Zero   RW          558    .bss.p_LcdObj_S3    app.o
    0x200000ec        -       0x00000004   Zero   RW          550    .bss.sil            app.o
    0x200000f0        -       0x00000000   Zero   RW           19    HEAP                startup_m251.o
    0x200000f0        -       0x00000800   Zero   RW           18    STACK               startup_m251.o


==============================================================================

Image component sizes


      Code (inc. data)   RO Data    RW Data    ZI Data      Debug   Object Name

       762        120        600          8        116       4860   app.o
       896         64         76          0          4      10345   clk.o
       196         28          0          0          0       1365   clk_conf.o
      1544         56          0          0          0       6299   costumlcd.o
        16          4          0          0          0       6558   fmc.o
       450         56        151          0          0       2909   int_handler.o
       660         88          0          0          4       2678   keypad.o
       128         16         59          0          0       2403   main.o
       830        196          0          0          0       7402   periph_conf.o
        96         44          0          0          0       1976   pin_conf.o
       282         24         15          4         84       3179   retarget.o
       646         28          0          0          0      10501   spi.o
       132         36        320          0       2048        816   startup_m251.o
       164         44         32         12          0       4060   system_m251.o
       302          8         32          0          0       5222   timer.o
       424         40         24          0          0       5890   uart.o
        52          8          0          0          0        875   wdt.o

    ----------------------------------------------------------------------
      7592        860       1344         24       2256      77338   Object Totals
         0          0         32          0          0          0   (incl. Generated)
        12          0          3          0          0          0   (incl. Padding)

    ----------------------------------------------------------------------

      Code (inc. data)   RO Data    RW Data    ZI Data      Debug   Library Member Name

         0          0          0          0          0          0   entry.o
         0          0          0          0          0          0   entry10a.o
         0          0          0          0          0          0   entry11a.o
         8          4          0          0          0          0   entry2.o
         4          0          0          0          0          0   entry5.o
         0          0          0          0          0          0   entry7b.o
         0          0          0          0          0          0   entry8b.o
         8          4          0          0          0          0   entry9a.o
        30          0          0          0          0          0   handlers.o
        36          8          0          0          0         68   init.o
         0          0          0          0          0          0   iusefp.o
        32          0          0          0          0         68   llshl.o
        38          0          0          0          0         68   llsshr.o
        34          0          0          0          0         68   llushr.o
       108         16          0          0          0         76   malloc.o
        36          0          0          0          0        100   memseta.o
         0          0          0          8          0          0   mvars.o
      2252         98          0          0          0        412   printfa.o
        62          0          0          0          0         72   uidiv_div0.o
        96          0          0          0          0         84   uldiv.o
        40          2          0          0          0         68   cdrcmple.o
       356          4          0          0          0        140   dadd.o
       240          6          0          0          0         84   ddiv.o
       236          0          0          0          0        216   depilogue.o
        64         10          0          0          0         68   dfixul.o
       208          6          0          0          0         88   dmul.o

    ----------------------------------------------------------------------
      3888        158          0          8          0       1680   Library Totals
         0          0          0          0          0          0   (incl. Padding)

    ----------------------------------------------------------------------

      Code (inc. data)   RO Data    RW Data    ZI Data      Debug   Library Name

      2744        130          0          8          0       1016   mc_p.l
      1144         28          0          0          0        664   mf_p.l

    ----------------------------------------------------------------------
      3888        158          0          8          0       1680   Library Totals

    ----------------------------------------------------------------------

==============================================================================


      Code (inc. data)   RO Data    RW Data    ZI Data      Debug   

     11480       1018       1344         32       2256      78070   Grand Totals
     11480       1018       1344         32       2256      78070   ELF Image Totals
     11480       1018       1344         32          0          0   ROM Totals

==============================================================================

    Total RO  Size (Code + RO Data)                12824 (  12.52kB)
    Total RW  Size (RW Data + ZI Data)              2288 (   2.23kB)
    Total ROM Size (Code + RO Data + RW Data)      12856 (  12.55kB)

==============================================================================

