Component: Arm Compiler for Embedded 6.18 Tool: armlink [5e4cc100]

==============================================================================

Small function inlining results

Inlined function __aeabi_idiv0 from idiv0.o at offset 0x160 in aeabi_sdiv.o(.text).
Inlined Instruction: BX       lr
Inlined function __aeabi_idiv0 from idiv0.o at offset 0xc in aeabi_sdiv_div0.o(.text).
Inlined Instruction: BX       lr
Inlined function __aeabi_idiv0 from idiv0.o at offset 0x176 in aeabi_sdiv_div0.o(.text).
Inlined Instruction: BX       lr
Inlined function __aeabi_idiv0 from idiv0.o at offset 0x18 in uidiv_div0.o(.text).
Inlined Instruction: BX       lr
Inlined function __aeabi_idiv0 from idiv0.o at offset 0x42 in idiv_div0.o(.text).
Inlined Instruction: BX       lr
Inlined total of 5 calls.

==============================================================================

Section Cross References

    system_m251.o(.text.SystemCoreClockUpdate) refers to clk.o(.text.CLK_GetPLLClockFreq) for CLK_GetPLLClockFreq
    system_m251.o(.text.SystemCoreClockUpdate) refers to system_m251.o(.data.PllClock) for PllClock
    system_m251.o(.text.SystemCoreClockUpdate) refers to system_m251.o(.rodata.gau32ClkSrcTbl) for gau32ClkSrcTbl
    system_m251.o(.text.SystemCoreClockUpdate) refers to system_m251.o(.data.SystemCoreClock) for SystemCoreClock
    system_m251.o(.text.SystemCoreClockUpdate) refers to system_m251.o(.data.CyclesPerUs) for CyclesPerUs
    system_m251.o(.ARM.exidx.text.SystemCoreClockUpdate) refers to system_m251.o(.text.SystemCoreClockUpdate) for [Anonymous Symbol]
    system_m251.o(.text.SystemInit) refers to startup_m251.o(RESET) for __Vectors
    system_m251.o(.ARM.exidx.text.SystemInit) refers to system_m251.o(.text.SystemInit) for [Anonymous Symbol]
    system_m251.o(.ARM.exidx.text.Uart0DefaultMPF) refers to system_m251.o(.text.Uart0DefaultMPF) for [Anonymous Symbol]
    startup_m251.o(RESET) refers to startup_m251.o(STACK) for __initial_sp
    startup_m251.o(RESET) refers to startup_m251.o(.text) for Reset_Handler
    startup_m251.o(RESET) refers to retarget.o(.text.SendChar_ToUART) for SendChar_ToUART
    startup_m251.o(RESET) refers to retarget.o(.text.GetChar) for GetChar
    startup_m251.o(RESET) refers to int_handler.o(.text.WDT_IRQHandler) for WDT_IRQHandler
    startup_m251.o(RESET) refers to int_handler.o(.text.EINT0_IRQHandler) for EINT0_IRQHandler
    startup_m251.o(RESET) refers to int_handler.o(.text.EINT1_IRQHandler) for EINT1_IRQHandler
    startup_m251.o(RESET) refers to int_handler.o(.text.EINT3_IRQHandler) for EINT3_IRQHandler
    startup_m251.o(RESET) refers to int_handler.o(.text.GPB_IRQHandler) for GPB_IRQHandler
    startup_m251.o(RESET) refers to int_handler.o(.text.GPC_IRQHandler) for GPC_IRQHandler
    startup_m251.o(RESET) refers to int_handler.o(.text.GPD_IRQHandler) for GPD_IRQHandler
    startup_m251.o(RESET) refers to int_handler.o(.text.TMR0_IRQHandler) for TMR0_IRQHandler
    startup_m251.o(RESET) refers to int_handler.o(.text.TMR1_IRQHandler) for TMR1_IRQHandler
    startup_m251.o(.text) refers to system_m251.o(.text.SystemInit) for SystemInit
    startup_m251.o(.text) refers to entry.o(.ARM.Collect$$$$00000000) for __main
    startup_m251.o(.text) refers to retarget.o(.text.ProcessHardFault) for ProcessHardFault
    startup_m251.o(.text) refers to retarget.o(.text.SH_Return) for SH_Return
    clk.o(.ARM.exidx.text.CLK_DisableCKO) refers to clk.o(.text.CLK_DisableCKO) for [Anonymous Symbol]
    clk.o(.ARM.exidx.text.CLK_EnableCKO) refers to clk.o(.text.CLK_EnableCKO) for [Anonymous Symbol]
    clk.o(.ARM.exidx.text.CLK_PowerDown) refers to clk.o(.text.CLK_PowerDown) for [Anonymous Symbol]
    clk.o(.ARM.exidx.text.CLK_Idle) refers to clk.o(.text.CLK_Idle) for [Anonymous Symbol]
    clk.o(.ARM.exidx.text.CLK_GetHXTFreq) refers to clk.o(.text.CLK_GetHXTFreq) for [Anonymous Symbol]
    clk.o(.ARM.exidx.text.CLK_GetLXTFreq) refers to clk.o(.text.CLK_GetLXTFreq) for [Anonymous Symbol]
    clk.o(.text.CLK_GetPCLK0Freq) refers to system_m251.o(.text.SystemCoreClockUpdate) for SystemCoreClockUpdate
    clk.o(.text.CLK_GetPCLK0Freq) refers to system_m251.o(.data.SystemCoreClock) for SystemCoreClock
    clk.o(.ARM.exidx.text.CLK_GetPCLK0Freq) refers to clk.o(.text.CLK_GetPCLK0Freq) for [Anonymous Symbol]
    clk.o(.text.CLK_GetPCLK1Freq) refers to system_m251.o(.text.SystemCoreClockUpdate) for SystemCoreClockUpdate
    clk.o(.text.CLK_GetPCLK1Freq) refers to system_m251.o(.data.SystemCoreClock) for SystemCoreClock
    clk.o(.ARM.exidx.text.CLK_GetPCLK1Freq) refers to clk.o(.text.CLK_GetPCLK1Freq) for [Anonymous Symbol]
    clk.o(.text.CLK_GetHCLKFreq) refers to system_m251.o(.text.SystemCoreClockUpdate) for SystemCoreClockUpdate
    clk.o(.text.CLK_GetHCLKFreq) refers to system_m251.o(.data.SystemCoreClock) for SystemCoreClock
    clk.o(.ARM.exidx.text.CLK_GetHCLKFreq) refers to clk.o(.text.CLK_GetHCLKFreq) for [Anonymous Symbol]
[...]
    __arm_cp.17_4                            0x00005de8   Number         4  menu.o(.text.shw_reset)
    __arm_cp.17_5                            0x00005dec   Number         4  menu.o(.text.shw_reset)
    [Anonymous Symbol]                       0x00005df0   Section        0  menu.o(.text.shw_resolution)
    __arm_cp.8_0                             0x00005ec8   Number         4  menu.o(.text.shw_resolution)
    __arm_cp.8_1                             0x00005ecc   Number         4  menu.o(.text.shw_resolution)
    __arm_cp.8_2                             0x00005ed0   Number         4  menu.o(.text.shw_resolution)
    __arm_cp.8_3                             0x00005ed4   Number         4  menu.o(.text.shw_resolution)
    __arm_cp.8_4                             0x00005ed8   Number         4  menu.o(.text.shw_resolution)
    __arm_cp.8_5                             0x00005edc   Number         4  menu.o(.text.shw_resolution)
    __arm_cp.8_6                             0x00005ee0   Number         4  menu.o(.text.shw_resolution)
    __arm_cp.8_7                             0x00005ee4   Number         4  menu.o(.text.shw_resolution)
    __arm_cp.8_8                             0x00005ee8   Number         4  menu.o(.text.shw_resolution)
    __arm_cp.8_9                             0x00005eec   Number         4  menu.o(.text.shw_resolution)
    __arm_cp.8_10                            0x00005ef0   Number         4  menu.o(.text.shw_resolution)
    __arm_cp.8_11                            0x00005ef4   Number         4  menu.o(.text.shw_resolution)
    __arm_cp.8_12                            0x00005ef8   Number         4  menu.o(.text.shw_resolution)
    __arm_cp.8_13                            0x00005efc   Number         4  menu.o(.text.shw_resolution)
    __arm_cp.8_14                            0x00005f00   Number         4  menu.o(.text.shw_resolution)
    __arm_cp.8_15                            0x00005f04   Number         4  menu.o(.text.shw_resolution)
    [Anonymous Symbol]                       0x00005f08   Section        0  menu.o(.text.shw_rs232)
    __arm_cp.18_0                            0x00005f64   Number         4  menu.o(.text.shw_rs232)
    __arm_cp.18_1                            0x00005f68   Number         4  menu.o(.text.shw_rs232)
    __arm_cp.18_2                            0x00005f6c   Number         4  menu.o(.text.shw_rs232)
    __arm_cp.18_3                            0x00005f70   Number         4  menu.o(.text.shw_rs232)
    __arm_cp.18_4                            0x00005f74   Number         4  menu.o(.text.shw_rs232)
    __arm_cp.18_5                            0x00005f78   Number         4  menu.o(.text.shw_rs232)
    [Anonymous Symbol]                       0x00005f7c   Section        0  menu.o(.text.shw_speed)
    __arm_cp.12_0                            0x00006034   Number         4  menu.o(.text.shw_speed)
    __arm_cp.12_1                            0x00006038   Number         4  menu.o(.text.shw_speed)
    __arm_cp.12_2                            0x0000603c   Number         4  menu.o(.text.shw_speed)
    __arm_cp.12_3                            0x00006040   Number         4  menu.o(.text.shw_speed)
    __arm_cp.12_4                            0x00006044   Number         4  menu.o(.text.shw_speed)
    __arm_cp.12_5                            0x00006048   Number         4  menu.o(.text.shw_speed)
    __arm_cp.12_6                            0x0000604c   Number         4  menu.o(.text.shw_speed)
    __arm_cp.12_7                            0x00006050   Number         4  menu.o(.text.shw_speed)
    __arm_cp.12_8                            0x00006054   Number         4  menu.o(.text.shw_speed)
    __arm_cp.12_9                            0x00006058   Number         4  menu.o(.text.shw_speed)
    __arm_cp.12_10                           0x0000605c   Number         4  menu.o(.text.shw_speed)
    __arm_cp.12_11                           0x00006060   Number         4  menu.o(.text.shw_speed)
    __arm_cp.12_12                           0x00006064   Number         4  menu.o(.text.shw_speed)
    __arm_cp.12_13                           0x00006068   Number         4  menu.o(.text.shw_speed)
    __arm_cp.12_14                           0x0000606c   Number         4  menu.o(.text.shw_speed)
    spi_transfer                             0x00006071   Thumb Code    64  costumlcd.o(.text.spi_transfer)
    [Anonymous Symbol]                       0x00006070   Section        0  costumlcd.o(.text.spi_transfer)
    __arm_cp.22_0                            0x000060b0   Number         4  costumlcd.o(.text.spi_transfer)
    __arm_cp.22_1                            0x000060b4   Number         4  costumlcd.o(.text.spi_transfer)
    __arm_cp.22_2                            0x000060b8   Number         4  costumlcd.o(.text.spi_transfer)
    [Anonymous Symbol]                       0x000060bc   Section        0  millis.o(.text.wdt_tickCounter)
    __arm_cp.0_0                             0x000060c8   Number         4  millis.o(.text.wdt_tickCounter)
    i.__0printf                              0x000060cc   Section        0  printfa.o(i.__0printf)
    i.__0sprintf                             0x000060ec   Section        0  printfa.o(i.__0sprintf)
    i.__ARM_clz                              0x00006114   Section        0  depilogue.o(i.__ARM_clz)
    i.__read_errno                           0x00006144   Section        0  errno.o(i.__read_errno)
    i.__scatterload_copy                     0x00006150   Section       14  handlers.o(i.__scatterload_copy)
    i.__scatterload_null                     0x0000615e   Section        2  handlers.o(i.__scatterload_null)
    i.__scatterload_zeroinit                 0x00006160   Section       14  handlers.o(i.__scatterload_zeroinit)
    i.__set_errno                            0x00006170   Section        0  errno.o(i.__set_errno)
    _fp_digits                               0x0000617d   Thumb Code   344  printfa.o(i._fp_digits)
    i._fp_digits                             0x0000617c   Section        0  printfa.o(i._fp_digits)
    i._is_digit                              0x000062f0   Section        0  scanf_fp.o(i._is_digit)
    _printf_core                             0x00006301   Thumb Code  1754  printfa.o(i._printf_core)
    i._printf_core                           0x00006300   Section        0  printfa.o(i._printf_core)
    _printf_post_padding                     0x000069ed   Thumb Code    32  printfa.o(i._printf_post_padding)
    i._printf_post_padding                   0x000069ec   Section        0  printfa.o(i._printf_post_padding)
    _printf_pre_padding                      0x00006a0d   Thumb Code    44  printfa.o(i._printf_pre_padding)
    i._printf_pre_padding                    0x00006a0c   Section        0  printfa.o(i._printf_pre_padding)
    _sputc                                   0x00006a39   Thumb Code    10  printfa.o(i._sputc)
    i._sputc                                 0x00006a38   Section        0  printfa.o(i._sputc)
    i.atof                                   0x00006a42   Section        0  atof.o(i.atof)
    i.malloc                                 0x00006a70   Section        0  malloc.o(i.malloc)
    .constdata                               0x00006adc   Section       64  ctype_c.o(.constdata)
    [Anonymous Symbol]                       0x00006b1c   Section        0  clk.o(.rodata..L__const.CLK_EnableModuleClock.au32ClkTbl)
    [Anonymous Symbol]                       0x00006b28   Section        0  uart.o(.rodata..L__const.UART_Open.au32ClkTbl)
    [Anonymous Symbol]                       0x00006b40   Section        0  clk.o(.rodata.cst16)
    [Anonymous Symbol]                       0x00006b80   Section        0  timer.o(.rodata.cst32)
    fontArray                                0x00006ba0   Data         576  app.o(.rodata.fontArray)
    [Anonymous Symbol]                       0x00006ba0   Section        0  app.o(.rodata.fontArray)
    [Anonymous Symbol]                       0x00006e00   Section        0  retarget.o(.rodata.str1.1)
    [Anonymous Symbol]                       0x00006e0f   Section        0  main.o(.rodata.str1.1)
    [Anonymous Symbol]                       0x00006e4a   Section        0  int_handler.o(.rodata.str1.1)
    [Anonymous Symbol]                       0x00006ee1   Section        0  app.o(.rodata.str1.1)
    [Anonymous Symbol]                       0x00006f6c   Section        0  menu.o(.rodata.str1.1)
    .data                                    0x20000000   Section        4  mvars.o(.data)
    .data                                    0x20000004   Section        4  mvars.o(.data)
    _errno                                   0x20000008   Data           4  errno.o(.data)
    .data                                    0x20000008   Section        4  errno.o(.data)
    g_ICE_Conneced                           0x20000020   Data           4  retarget.o(.data.g_ICE_Conneced)
    [Anonymous Symbol]                       0x20000020   Section        0  retarget.o(.data.g_ICE_Conneced)
    customValueInput._id                     0x200000ff   Data           1  app.o(.bss.customValueInput._id)
    [Anonymous Symbol]                       0x200000ff   Section        0  app.o(.bss.customValueInput._id)
    customValueInput.pointCounter            0x20000100   Data           1  app.o(.bss.customValueInput.pointCounter)
    [Anonymous Symbol]                       0x20000100   Section        0  app.o(.bss.customValueInput.pointCounter)
    customValueInput.tempArray               0x20000101   Data           7  app.o(.bss.customValueInput.tempArray)
    [Anonymous Symbol]                       0x20000101   Section        0  app.o(.bss.customValueInput.tempArray)
    customValueInputFix._id                  0x20000108   Data           1  app.o(.bss.customValueInputFix._id)
    [Anonymous Symbol]                       0x20000108   Section        0  app.o(.bss.customValueInputFix._id)
    customValueInputFix.tempArray            0x20000109   Data           7  app.o(.bss.customValueInputFix.tempArray)
    [Anonymous Symbol]                       0x20000109   Section        0  app.o(.bss.customValueInputFix.tempArray)
    customValueInputFix.total                0x20000110   Data           4  app.o(.bss.customValueInputFix.total)
    [Anonymous Symbol]                       0x20000110   Section        0  app.o(.bss.customValueInputFix.total)
    HEAP                                     0x200004f0   Section        0  startup_m251.o(HEAP)
    STACK                                    0x200004f0   Section     2048  startup_m251.o(STACK)

    Global Symbols

    Symbol Name                              Value     Ov Type        Size  Object(Section)

    BuildAttributes$$THM_ISAv3M$S$8M$PE$A:L22$X:L11$S22$IEEE1$IW$~IW$USESV6$~STKCKD$USESV7$~SHL$OTIME$ROPI$IEEEJ$EBA8$MICROLIB$REQ8$PRES8$EABIv2 0x00000000   Number         0  anon$$obj.o ABSOLUTE
    __Vectors                                0x00000000   Data           4  startup_m251.o(RESET)
    __cpp_initialize__aeabi_                  - Undefined Weak Reference
    __cxa_finalize                            - Undefined Weak Reference
    __decompress                              - Undefined Weak Reference
    _clock_init                               - Undefined Weak Reference
    _microlib_exit                            - Undefined Weak Reference
    __Vectors_End                            0x00000140   Data           0  startup_m251.o(RESET)
    __Vectors_Size                           0x00000140   Number         0  startup_m251.o ABSOLUTE
    __main                                   0x00000141   Thumb Code     0  entry.o(.ARM.Collect$$$$00000000)
    _main_stk                                0x00000141   Thumb Code     0  entry2.o(.ARM.Collect$$$$00000001)
    _main_scatterload                        0x00000145   Thumb Code     0  entry5.o(.ARM.Collect$$$$00000004)
    __main_after_scatterload                 0x00000149   Thumb Code     0  entry5.o(.ARM.Collect$$$$00000004)
    _main_clock                              0x00000149   Thumb Code     0  entry7b.o(.ARM.Collect$$$$00000008)
    _main_cpp_init                           0x00000149   Thumb Code     0  entry8b.o(.ARM.Collect$$$$0000000A)
    _main_init                               0x00000149   Thumb Code     0  entry9a.o(.ARM.Collect$$$$0000000B)
    __rt_final_cpp                           0x00000151   Thumb Code     0  entry10a.o(.ARM.Collect$$$$0000000D)
    __rt_final_exit                          0x00000151   Thumb Code     0  entry11a.o(.ARM.Collect$$$$0000000F)
    Reset_Handler                            0x00000155   Thumb Code    56  startup_m251.o(.text)
    NMI_Handler                              0x0000018d   Thumb Code     2  startup_m251.o(.text)
    HardFault_Handler                        0x0000018f   Thumb Code    16  startup_m251.o(.text)
    SVC_Handler                              0x0000019f   Thumb Code     2  startup_m251.o(.text)
    PendSV_Handler                           0x000001a1   Thumb Code     2  startup_m251.o(.text)
    SysTick_Handler                          0x000001a3   Thumb Code     2  startup_m251.o(.text)
    ACMP01_IRQHandler                        0x000001a5   Thumb Code     0  startup_m251.o(.text)
    BOD_IRQHandler                           0x000001a5   Thumb Code     0  startup_m251.o(.text)
    BPWM0_IRQHandler                         0x000001a5   Thumb Code     0  startup_m251.o(.text)
    BPWM1_IRQHandler                         0x000001a5   Thumb Code     0  startup_m251.o(.text)
    BRAKE0_IRQHandler                        0x000001a5   Thumb Code     0  startup_m251.o(.text)
    BRAKE1_IRQHandler                        0x000001a5   Thumb Code     0  startup_m251.o(.text)
    CLKFAIL_IRQHandler                       0x000001a5   Thumb Code     0  startup_m251.o(.text)
    CRPT_IRQHandler                          0x000001a5   Thumb Code     0  startup_m251.o(.text)
    DAC_IRQHandler                           0x000001a5   Thumb Code     0  startup_m251.o(.text)
    DEFAULT_IRQHandler                       0x000001a5   Thumb Code     0  startup_m251.o(.text)
    EADC_INT0_IRQHandler                     0x000001a5   Thumb Code     0  startup_m251.o(.text)
    EADC_INT1_IRQHandler                     0x000001a5   Thumb Code     0  startup_m251.o(.text)
    EADC_INT2_IRQHandler                     0x000001a5   Thumb Code     0  startup_m251.o(.text)
    EADC_INT3_IRQHandler                     0x000001a5   Thumb Code     0  startup_m251.o(.text)
    EINT2_IRQHandler                         0x000001a5   Thumb Code     0  startup_m251.o(.text)
    EINT4_IRQHandler                         0x000001a5   Thumb Code     0  startup_m251.o(.text)
    EINT5_IRQHandler                         0x000001a5   Thumb Code     0  startup_m251.o(.text)
    GPA_IRQHandler                           0x000001a5   Thumb Code     0  startup_m251.o(.text)
    GPE_IRQHandler                           0x000001a5   Thumb Code     0  startup_m251.o(.text)
    GPF_IRQHandler                           0x000001a5   Thumb Code     0  startup_m251.o(.text)
    I2C0_IRQHandler                          0x000001a5   Thumb Code     0  startup_m251.o(.text)
    I2C1_IRQHandler                          0x000001a5   Thumb Code     0  startup_m251.o(.text)
    IRCTRIM_IRQHandler                       0x000001a5   Thumb Code     0  startup_m251.o(.text)
    LCD_IRQHandler                           0x000001a5   Thumb Code     0  startup_m251.o(.text)
    OPA_IRQHandler                           0x000001a5   Thumb Code     0  startup_m251.o(.text)
    PDMA_IRQHandler                          0x000001a5   Thumb Code     0  startup_m251.o(.text)
    PSIO_IRQHandler                          0x000001a5   Thumb Code     0  startup_m251.o(.text)
    PWM0_P0_IRQHandler                       0x000001a5   Thumb Code     0  startup_m251.o(.text)
    PWM0_P1_IRQHandler                       0x000001a5   Thumb Code     0  startup_m251.o(.text)
    PWM0_P2_IRQHandler                       0x000001a5   Thumb Code     0  startup_m251.o(.text)
    PWM1_P0_IRQHandler                       0x000001a5   Thumb Code     0  startup_m251.o(.text)
    PWM1_P1_IRQHandler                       0x000001a5   Thumb Code     0  startup_m251.o(.text)
    PWM1_P2_IRQHandler                       0x000001a5   Thumb Code     0  startup_m251.o(.text)
    PWRWU_IRQHandler                         0x000001a5   Thumb Code     0  startup_m251.o(.text)
    QSPI0_IRQHandler                         0x000001a5   Thumb Code     0  startup_m251.o(.text)
    RTC_IRQHandler                           0x000001a5   Thumb Code     0  startup_m251.o(.text)
    SC0_IRQHandler                           0x000001a5   Thumb Code     0  startup_m251.o(.text)
    SPI0_IRQHandler                          0x000001a5   Thumb Code     0  startup_m251.o(.text)
    SPI1_IRQHandler                          0x000001a5   Thumb Code     0  startup_m251.o(.text)
    TAMPER_IRQHandler                        0x000001a5   Thumb Code     0  startup_m251.o(.text)
    TK_IRQHandler                            0x000001a5   Thumb Code     0  startup_m251.o(.text)
    TMR2_IRQHandler                          0x000001a5   Thumb Code     0  startup_m251.o(.text)
    TMR3_IRQHandler                          0x000001a5   Thumb Code     0  startup_m251.o(.text)
    UART0_IRQHandler                         0x000001a5   Thumb Code     0  startup_m251.o(.text)
    UART1_IRQHandler                         0x000001a5   Thumb Code     0  startup_m251.o(.text)
    UART2_IRQHandler                         0x000001a5   Thumb Code     0  startup_m251.o(.text)
    UART3_IRQHandler                         0x000001a5   Thumb Code     0  startup_m251.o(.text)
    USBD_IRQHandler                          0x000001a5   Thumb Code     0  startup_m251.o(.text)
    USCI0_IRQHandler                         0x000001a5   Thumb Code     0  startup_m251.o(.text)
    USCI1_IRQHandler                         0x000001a5   Thumb Code     0  startup_m251.o(.text)
    USCI2_IRQHandler                         0x000001a5   Thumb Code     0  startup_m251.o(.text)
    WWDT_IRQHandler                          0x000001a5   Thumb Code     0  startup_m251.o(.text)
    SH_DoCommand                             0x000001a9   Thumb Code    10  startup_m251.o(.text)
    __PC                                     0x000001b3   Thumb Code     6  startup_m251.o(.text)
    __aeabi_memset                           0x000001d9   Thumb Code    14  memseta.o(.text)
    __aeabi_memset4                          0x000001d9   Thumb Code     0  memseta.o(.text)
    __aeabi_memset8                          0x000001d9   Thumb Code     0  memseta.o(.text)
    __aeabi_memclr                           0x000001e7   Thumb Code     4  memseta.o(.text)
    __aeabi_memclr4                          0x000001e7   Thumb Code     0  memseta.o(.text)
    __aeabi_memclr8                          0x000001e7   Thumb Code     0  memseta.o(.text)
    _memset$wrapper                          0x000001eb   Thumb Code    18  memseta.o(.text)
    strncat                                  0x000001fd   Thumb Code    40  strncat.o(.text)
    __aeabi_fadd                             0x00000225   Thumb Code   162  fadd.o(.text)
    __aeabi_fsub                             0x000002c7   Thumb Code     8  fadd.o(.text)
    __aeabi_frsub                            0x000002cf   Thumb Code     8  fadd.o(.text)
    __aeabi_fmul                             0x000002d7   Thumb Code   122  fmul.o(.text)
    __aeabi_fdiv                             0x00000351   Thumb Code   124  fdiv.o(.text)
    __aeabi_dmul                             0x000003cd   Thumb Code   202  dmul.o(.text)
    __aeabi_fcmple                           0x0000049d   Thumb Code    28  fcmple.o(.text)
    __aeabi_i2f                              0x000004b9   Thumb Code    22  fflti.o(.text)
    __aeabi_ui2f                             0x000004cf   Thumb Code    14  ffltui.o(.text)
    __aeabi_i2d                              0x000004dd   Thumb Code    34  dflti.o(.text)
    __aeabi_f2iz                             0x00000505   Thumb Code    50  ffixi.o(.text)
    __aeabi_f2d                              0x00000537   Thumb Code    40  f2d.o(.text)
    __aeabi_d2f                              0x0000055f   Thumb Code    56  d2f.o(.text)
    __aeabi_uldivmod                         0x00000597   Thumb Code    96  uldiv.o(.text)
    __strtod_int                             0x00000639   Thumb Code    98  strtod.o(.text)
    __I$use$fp                               0x000006ad   Thumb Code     0  iusefp.o(.text)
    _float_round                             0x000006ad   Thumb Code    16  fepilogue.o(.text)
    _float_epilogue                          0x000006bd   Thumb Code   114  fepilogue.o(.text)
    _double_round                            0x0000072f   Thumb Code    26  depilogue.o(.text)
    _double_epilogue                         0x00000749   Thumb Code   164  depilogue.o(.text)
    __aeabi_dadd                             0x000007ed   Thumb Code   328  dadd.o(.text)
    __aeabi_dsub                             0x00000935   Thumb Code    12  dadd.o(.text)
    __aeabi_drsub                            0x00000941   Thumb Code    12  dadd.o(.text)
    __aeabi_ddiv                             0x00000951   Thumb Code   234  ddiv.o(.text)
    __aeabi_d2ulz                            0x00000a41   Thumb Code    54  dfixul.o(.text)
    __aeabi_cdrcmple                         0x00000a81   Thumb Code    38  cdrcmple.o(.text)
    __scatterload                            0x00000aa9   Thumb Code    28  init.o(.text)
    __scatterload_rt2                        0x00000aa9   Thumb Code     0  init.o(.text)
    __aeabi_uidiv$div0                       0x00000acd   Thumb Code     0  uidiv_div0.o(.text)
    __aeabi_uidivmod                         0x00000acd   Thumb Code    62  uidiv_div0.o(.text)
    __aeabi_llsl                             0x00000b0b   Thumb Code    32  llshl.o(.text)
    _ll_shift_l                              0x00000b0b   Thumb Code     0  llshl.o(.text)
    __aeabi_llsr                             0x00000b2b   Thumb Code    34  llushr.o(.text)
    _ll_ushift_r                             0x00000b2b   Thumb Code     0  llushr.o(.text)
    __aeabi_lasr                             0x00000b4d   Thumb Code    38  llsshr.o(.text)
    _ll_sshift_r                             0x00000b4d   Thumb Code     0  llsshr.o(.text)
    isspace                                  0x00000b73   Thumb Code    14  isspace_c.o(.text)
    _scanf_real                              0x00000c9f   Thumb Code     0  scanf_fp.o(.text)
    _scanf_really_real                       0x00000c9f   Thumb Code   584  scanf_fp.o(.text)
    _sgetc                                   0x00000ef5   Thumb Code    32  _sgetc.o(.text)
    _sbackspace                              0x00000f15   Thumb Code    36  _sgetc.o(.text)
    __aeabi_lmul                             0x00000f39   Thumb Code    48  llmul.o(.text)
    _ll_mul                                  0x00000f39   Thumb Code     0  llmul.o(.text)
    __ctype_lookup                           0x00000f69   Thumb Code    32  ctype_c.o(.text)
    __aeabi_ul2d                             0x00000f8d   Thumb Code    22  dfltul.o(.text)
    APP_All_Point_High                       0x000015ad   Thumb Code   104  app.o(.text.APP_All_Point_High)
    APP_GetMeasure                           0x00001615   Thumb Code   240  app.o(.text.APP_GetMeasure)
    APP_Handle                               0x00001739   Thumb Code   160  app.o(.text.APP_Handle)
    APP_Init                                 0x000017dd   Thumb Code   212  app.o(.text.APP_Init)
    APP_SettingsHandle                       0x000018f5   Thumb Code   188  app.o(.text.APP_SettingsHandle)
    APP_ShowTotal                            0x000019b9   Thumb Code   372  app.o(.text.APP_ShowTotal)
    APP_Show_Weight                          0x00001b41   Thumb Code   476  app.o(.text.APP_Show_Weight)
    APP_StartScreen                          0x00001d59   Thumb Code  1548  app.o(.text.APP_StartScreen)
    CLK_EnableModuleClock                    0x000023a1   Thumb Code    52  clk.o(.text.CLK_EnableModuleClock)
    CLK_EnableXtalRC                         0x000023dd   Thumb Code    20  clk.o(.text.CLK_EnableXtalRC)
    CLK_GetHCLKFreq                          0x000023f1   Thumb Code    12  clk.o(.text.CLK_GetHCLKFreq)
    CLK_GetPCLK0Freq                         0x000023fd   Thumb Code   128  clk.o(.text.CLK_GetPCLK0Freq)
    CLK_GetPCLK1Freq                         0x0000247d   Thumb Code   132  clk.o(.text.CLK_GetPCLK1Freq)
    CLK_GetPLLClockFreq                      0x00002509   Thumb Code   160  clk.o(.text.CLK_GetPLLClockFreq)
    CLK_SetHCLK                              0x000025bd   Thumb Code    92  clk.o(.text.CLK_SetHCLK)
    CLK_SetModuleClock                       0x0000261d   Thumb Code   160  clk.o(.text.CLK_SetModuleClock)
    CLK_WaitClockReady                       0x000027b5   Thumb Code    76  clk.o(.text.CLK_WaitClockReady)
    Clock_Init                               0x0000280d   Thumb Code   176  clk_conf.o(.text.Clock_Init)
    EINT0_IRQHandler                         0x0000290d   Thumb Code    32  int_handler.o(.text.EINT0_IRQHandler)
    EINT1_IRQHandler                         0x00002931   Thumb Code    32  int_handler.o(.text.EINT1_IRQHandler)
    EINT3_IRQHandler                         0x00002955   Thumb Code    32  int_handler.o(.text.EINT3_IRQHandler)
    FMC_Init                                 0x000029c5   Thumb Code    20  periph_conf.o(.text.FMC_Init)
    FMC_Open                                 0x000029d9   Thumb Code    12  fmc.o(.text.FMC_Open)
    GPB_IRQHandler                           0x000029e9   Thumb Code    44  int_handler.o(.text.GPB_IRQHandler)
    GPC_IRQHandler                           0x00002a1d   Thumb Code    44  int_handler.o(.text.GPC_IRQHandler)
    GPD_IRQHandler                           0x00002a51   Thumb Code    44  int_handler.o(.text.GPD_IRQHandler)
    GPIO_Init                                0x00002a89   Thumb Code   288  periph_conf.o(.text.GPIO_Init)
    GetChar                                  0x00002c51   Thumb Code    24  retarget.o(.text.GetChar)
    I2C1_Init                                0x00002c71   Thumb Code    12  periph_conf.o(.text.I2C1_Init)
    I2C_Open                                 0x00002c81   Thumb Code    92  i2c.o(.text.I2C_Open)
    NAU7802_available                        0x00003229   Thumb Code    12  sparkfun_nau7802.o(.text.NAU7802_available)
    NAU7802_begin                            0x00003235   Thumb Code   188  sparkfun_nau7802.o(.text.NAU7802_begin)
    NAU7802_beginCalibrateAFE                0x000032f1   Thumb Code    12  sparkfun_nau7802.o(.text.NAU7802_beginCalibrateAFE)
    NAU7802_calAFEStatus                     0x000032fd   Thumb Code    60  sparkfun_nau7802.o(.text.NAU7802_calAFEStatus)
    NAU7802_calculateCalibrationFactor       0x00003339   Thumb Code    48  sparkfun_nau7802.o(.text.NAU7802_calculateCalibrationFactor)
    NAU7802_calculateZeroOffset              0x00003369   Thumb Code    24  sparkfun_nau7802.o(.text.NAU7802_calculateZeroOffset)
    NAU7802_calibrateAFE                     0x00003381   Thumb Code    16  sparkfun_nau7802.o(.text.NAU7802_calibrateAFE)
    NAU7802_clearBit                         0x00003391   Thumb Code    56  sparkfun_nau7802.o(.text.NAU7802_clearBit)
    NAU7802_getAverage                       0x000033c9   Thumb Code   136  sparkfun_nau7802.o(.text.NAU7802_getAverage)
    NAU7802_getBit                           0x00003455   Thumb Code    50  sparkfun_nau7802.o(.text.NAU7802_getBit)
    NAU7802_getCalibrationFactor             0x00003489   Thumb Code     8  sparkfun_nau7802.o(.text.NAU7802_getCalibrationFactor)
    NAU7802_getReading                       0x00003491   Thumb Code     4  sparkfun_nau7802.o(.text.NAU7802_getReading)
    NAU7802_getRegister                      0x00003495   Thumb Code    12  sparkfun_nau7802.o(.text.NAU7802_getRegister)
    NAU7802_getRevisionCode                  0x000034a1   Thumb Code    26  sparkfun_nau7802.o(.text.NAU7802_getRevisionCode)
    NAU7802_getWeight                        0x000034bd   Thumb Code    84  sparkfun_nau7802.o(.text.NAU7802_getWeight)
    NAU7802_getZeroOffset                    0x00003511   Thumb Code     8  sparkfun_nau7802.o(.text.NAU7802_getZeroOffset)
    NAU7802_isConnected                      0x0000351d   Thumb Code     4  sparkfun_nau7802.o(.text.NAU7802_isConnected)
    NAU7802_powerDown                        0x00003521   Thumb Code    26  sparkfun_nau7802.o(.text.NAU7802_powerDown)
    NAU7802_powerUp                          0x0000353b   Thumb Code    92  sparkfun_nau7802.o(.text.NAU7802_powerUp)
    NAU7802_reset                            0x00003597   Thumb Code    34  sparkfun_nau7802.o(.text.NAU7802_reset)
    NAU7802_setBit                           0x000035b9   Thumb Code    56  sparkfun_nau7802.o(.text.NAU7802_setBit)
    NAU7802_setCalibrationFactor             0x000035f1   Thumb Code    16  sparkfun_nau7802.o(.text.NAU7802_setCalibrationFactor)
    NAU7802_setChannel                       0x00003605   Thumb Code    52  sparkfun_nau7802.o(.text.NAU7802_setChannel)
    NAU7802_setGain                          0x00003639   Thumb Code    68  sparkfun_nau7802.o(.text.NAU7802_setGain)
    NAU7802_setIntPolarityHigh               0x0000367d   Thumb Code    12  sparkfun_nau7802.o(.text.NAU7802_setIntPolarityHigh)
    NAU7802_setIntPolarityLow                0x00003689   Thumb Code    12  sparkfun_nau7802.o(.text.NAU7802_setIntPolarityLow)
    NAU7802_setLDO                           0x00003695   Thumb Code    78  sparkfun_nau7802.o(.text.NAU7802_setLDO)
    NAU7802_setRegister                      0x000036e3   Thumb Code    16  sparkfun_nau7802.o(.text.NAU7802_setRegister)
    NAU7802_setSampleRate                    0x000036f3   Thumb Code    70  sparkfun_nau7802.o(.text.NAU7802_setSampleRate)
    NAU7802_setZeroOffset                    0x00003739   Thumb Code    16  sparkfun_nau7802.o(.text.NAU7802_setZeroOffset)
    NAU7802_waitForCalibrateAFE              0x0000374d   Thumb Code   102  sparkfun_nau7802.o(.text.NAU7802_waitForCalibrateAFE)
    Periph_Init                              0x000037b3   Thumb Code    36  periph_conf.o(.text.Periph_Init)
    Pin_Init                                 0x000037d9   Thumb Code    52  pin_conf.o(.text.Pin_Init)
    ProcessHardFault                         0x0000383d   Thumb Code   112  retarget.o(.text.ProcessHardFault)
    SCREEN_1_AIP_A0Pin                       0x000038b9   Thumb Code    20  app.o(.text.SCREEN_1_AIP_A0Pin)
    SCREEN_1_AIP_CSPin                       0x000038d1   Thumb Code    20  app.o(.text.SCREEN_1_AIP_CSPin)
    SCREEN_1_AIP_ResetPin                    0x000038e9   Thumb Code    20  app.o(.text.SCREEN_1_AIP_ResetPin)
    SCREEN_2_AIP_A0Pin                       0x00003901   Thumb Code    20  app.o(.text.SCREEN_2_AIP_A0Pin)
    SCREEN_2_AIP_CSPin                       0x00003919   Thumb Code    20  app.o(.text.SCREEN_2_AIP_CSPin)
    SCREEN_2_AIP_ResetPin                    0x00003931   Thumb Code    20  app.o(.text.SCREEN_2_AIP_ResetPin)
    SCREEN_3_AIP_A0Pin                       0x00003949   Thumb Code    20  app.o(.text.SCREEN_3_AIP_A0Pin)
    SCREEN_3_AIP_CSPin                       0x00003961   Thumb Code    20  app.o(.text.SCREEN_3_AIP_CSPin)
    SCREEN_3_AIP_ResetPin                    0x00003979   Thumb Code    20  app.o(.text.SCREEN_3_AIP_ResetPin)
    SH_Return                                0x00003991   Thumb Code    14  retarget.o(.text.SH_Return)
    SPII2S0_Init                             0x000039a1   Thumb Code    60  periph_conf.o(.text.SPII2S0_Init)
    SPI_Open                                 0x000039e5   Thumb Code   580  spi.o(.text.SPI_Open)
    SPI_SetFIFO                              0x00003c45   Thumb Code    38  spi.o(.text.SPI_SetFIFO)
    SendChar                                 0x00003db1   Thumb Code    16  retarget.o(.text.SendChar)
    SendChar_ToUART                          0x00003dc1   Thumb Code    64  retarget.o(.text.SendChar_ToUART)
    SysTickCounter                           0x00003e05   Thumb Code    16  millis.o(.text.SysTickCounter)
    SystemCoreClockUpdate                    0x00003e19   Thumb Code    96  system_m251.o(.text.SystemCoreClockUpdate)
    SystemInit                               0x00003e99   Thumb Code    24  system_m251.o(.text.SystemInit)
    System_Init                              0x00003ebd   Thumb Code    24  main.o(.text.System_Init)
    TIMER0_Init                              0x00003ed5   Thumb Code    32  periph_conf.o(.text.TIMER0_Init)
    TIMER1_Init                              0x00003ef5   Thumb Code    32  periph_conf.o(.text.TIMER1_Init)
    TIMER_GetModuleClock                     0x00003f49   Thumb Code   180  timer.o(.text.TIMER_GetModuleClock)
    TIMER_Open                               0x00004005   Thumb Code   114  timer.o(.text.TIMER_Open)
    TMR0_IRQHandler                          0x00004079   Thumb Code    24  int_handler.o(.text.TMR0_IRQHandler)
    TMR1_IRQHandler                          0x00004095   Thumb Code    24  int_handler.o(.text.TMR1_IRQHandler)
    UART2_Init                               0x000040b1   Thumb Code    24  periph_conf.o(.text.UART2_Init)
    UART_Open                                0x000040d1   Thumb Code   384  uart.o(.text.UART_Open)
    WDT_IRQHandler                           0x000042ad   Thumb Code    96  int_handler.o(.text.WDT_IRQHandler)
    WDT_Init                                 0x00004315   Thumb Code    30  periph_conf.o(.text.WDT_Init)
    WDT_Open                                 0x00004335   Thumb Code    44  wdt.o(.text.WDT_Open)
    _pow                                     0x0000439d   Thumb Code    50  app.o(.text._pow)
    build                                    0x000043cf   Thumb Code    50  menu.o(.text.build)
    customValueInput                         0x00004401   Thumb Code   640  app.o(.text.customValueInput)
    customValueInputFix                      0x00004695   Thumb Code  1156  app.o(.text.customValueInputFix)
    f1_Saved                                 0x00004b6d   Thumb Code    48  menu.o(.text.f1_Saved)
    f2_Saved                                 0x00004ba1   Thumb Code    48  menu.o(.text.f2_Saved)
    f3_Saved                                 0x00004bd5   Thumb Code    48  menu.o(.text.f3_Saved)
    f4_Saved                                 0x00004c09   Thumb Code    48  menu.o(.text.f4_Saved)
    f5_Saved                                 0x00004c3d   Thumb Code    48  menu.o(.text.f5_Saved)
    f6_Saved                                 0x00004c71   Thumb Code    48  menu.o(.text.f6_Saved)
    f7_Saved                                 0x00004ca5   Thumb Code    48  menu.o(.text.f7_Saved)
    fputc                                    0x00004ce9   Thumb Code    20  retarget.o(.text.fputc)
    main                                     0x00004cfd   Thumb Code    48  main.o(.text.main)
    millis                                   0x00004d3d   Thumb Code     8  millis.o(.text.millis)
    newKeyPadObj                             0x00004d45   Thumb Code    60  keypad.o(.text.newKeyPadObj)
    newLCDObj                                0x00004d95   Thumb Code   136  costumlcd.o(.text.newLCDObj)
    newMenuObj                               0x00004e4d   Thumb Code    68  menu.o(.text.newMenuObj)
    newScaleObj                              0x00004ea9   Thumb Code   216  sparkfun_nau7802.o(.text.newScaleObj)
    setPrice                                 0x000050fd   Thumb Code    72  app.o(.text.setPrice)
    shw_calibration                          0x00005149   Thumb Code    92  menu.o(.text.shw_calibration)
    shw_capacity                             0x000051ad   Thumb Code   216  menu.o(.text.shw_capacity)
    shw_decimalPoint                         0x000052a5   Thumb Code   244  menu.o(.text.shw_decimalPoint)
    shw_f10a                                 0x000053d5   Thumb Code    40  menu.o(.text.shw_f10a)
    shw_f1a_3000                             0x00005401   Thumb Code    48  menu.o(.text.shw_f1a_3000)
    shw_f1b_6000                             0x00005435   Thumb Code    44  menu.o(.text.shw_f1b_6000)
    shw_f1c_dual1                            0x00005465   Thumb Code    44  menu.o(.text.shw_f1c_dual1)
    shw_f1d_dual2                            0x00005495   Thumb Code    44  menu.o(.text.shw_f1d_dual2)
    shw_f2a_3                                0x000054cd   Thumb Code    48  menu.o(.text.shw_f2a_3)
    shw_f2b_6                                0x00005505   Thumb Code    44  menu.o(.text.shw_f2b_6)
    shw_f2c_15                               0x00005539   Thumb Code    44  menu.o(.text.shw_f2c_15)
    shw_f2d_30                               0x0000556d   Thumb Code    44  menu.o(.text.shw_f2d_30)
    shw_f3a                                  0x000055a1   Thumb Code    48  menu.o(.text.shw_f3a)
    shw_f3b                                  0x000055d5   Thumb Code    44  menu.o(.text.shw_f3b)
    shw_f3c                                  0x00005605   Thumb Code    44  menu.o(.text.shw_f3c)
    shw_f3d                                  0x00005639   Thumb Code    44  menu.o(.text.shw_f3d)
    shw_f3e                                  0x0000566d   Thumb Code    44  menu.o(.text.shw_f3e)
    shw_f4a_fix                              0x000056a1   Thumb Code    48  menu.o(.text.shw_f4a_fix)
    shw_f4b_flot                             0x000056d5   Thumb Code    44  menu.o(.text.shw_f4b_flot)
    shw_f5a_slow                             0x00005709   Thumb Code    48  menu.o(.text.shw_f5a_slow)
    shw_f5b_normal                           0x00005745   Thumb Code    44  menu.o(.text.shw_f5b_normal)
    shw_f5c_fast                             0x0000577d   Thumb Code    44  menu.o(.text.shw_f5c_fast)
    shw_f6a_1                                0x000057b9   Thumb Code    48  menu.o(.text.shw_f6a_1)
    shw_f6b_2                                0x000057f5   Thumb Code    44  menu.o(.text.shw_f6b_2)
    shw_f6c_5                                0x0000582d   Thumb Code    44  menu.o(.text.shw_f6c_5)
    shw_f6d_10                               0x00005865   Thumb Code    44  menu.o(.text.shw_f6d_10)
    shw_f7a_on                               0x000058a1   Thumb Code    48  menu.o(.text.shw_f7a_on)
    shw_f7b_off                              0x000058dd   Thumb Code    44  menu.o(.text.shw_f7b_off)
    shw_f8                                   0x00005919   Thumb Code    92  menu.o(.text.shw_f8)
    shw_f9a                                  0x00005985   Thumb Code   120  menu.o(.text.shw_f9a)
    shw_fixFloat                             0x00005a0d   Thumb Code   152  menu.o(.text.shw_fixFloat)
    shw_gravity                              0x00005ac9   Thumb Code    92  menu.o(.text.shw_gravity)
    shw_mainScreen                           0x00005b35   Thumb Code   104  menu.o(.text.shw_mainScreen)
    shw_minCoin                              0x00005ba9   Thumb Code   216  menu.o(.text.shw_minCoin)
    shw_multiTare                            0x00005cb1   Thumb Code   152  menu.o(.text.shw_multiTare)
    shw_reset                                0x00005d7d   Thumb Code    92  menu.o(.text.shw_reset)
    shw_resolution                           0x00005df1   Thumb Code   216  menu.o(.text.shw_resolution)
    shw_rs232                                0x00005f09   Thumb Code    92  menu.o(.text.shw_rs232)
    shw_speed                                0x00005f7d   Thumb Code   184  menu.o(.text.shw_speed)
    wdt_tickCounter                          0x000060bd   Thumb Code    12  millis.o(.text.wdt_tickCounter)
    __0printf                                0x000060cd   Thumb Code    24  printfa.o(i.__0printf)
    __1printf                                0x000060cd   Thumb Code     0  printfa.o(i.__0printf)
    __2printf                                0x000060cd   Thumb Code     0  printfa.o(i.__0printf)
    __c89printf                              0x000060cd   Thumb Code     0  printfa.o(i.__0printf)
    printf                                   0x000060cd   Thumb Code     0  printfa.o(i.__0printf)
    __0sprintf                               0x000060ed   Thumb Code    36  printfa.o(i.__0sprintf)
    __1sprintf                               0x000060ed   Thumb Code     0  printfa.o(i.__0sprintf)
    __2sprintf                               0x000060ed   Thumb Code     0  printfa.o(i.__0sprintf)
    __c89sprintf                             0x000060ed   Thumb Code     0  printfa.o(i.__0sprintf)
    sprintf                                  0x000060ed   Thumb Code     0  printfa.o(i.__0sprintf)
    __ARM_clz                                0x00006115   Thumb Code    46  depilogue.o(i.__ARM_clz)
    __read_errno                             0x00006145   Thumb Code     6  errno.o(i.__read_errno)
    __scatterload_copy                       0x00006151   Thumb Code    14  handlers.o(i.__scatterload_copy)
    __scatterload_null                       0x0000615f   Thumb Code     2  handlers.o(i.__scatterload_null)
    __scatterload_zeroinit                   0x00006161   Thumb Code    14  handlers.o(i.__scatterload_zeroinit)
    __set_errno                              0x00006171   Thumb Code     6  errno.o(i.__set_errno)
    _is_digit                                0x000062f1   Thumb Code    14  scanf_fp.o(i._is_digit)
    atof                                     0x00006a43   Thumb Code    44  atof.o(i.atof)
    malloc                                   0x00006a71   Thumb Code    92  malloc.o(i.malloc)
    __ctype_categories                       0x00006adc   Data          64  ctype_c.o(.constdata)
    gau32ClkSrcTbl                           0x00006de0   Data          32  system_m251.o(.rodata.gau32ClkSrcTbl)
    Region$$Table$$Base                      0x00007080   Number         0  anon$$obj.o(Region$$Table)
    Region$$Table$$Limit                     0x000070a0   Number         0  anon$$obj.o(Region$$Table)
    __microlib_freelist                      0x20000000   Data           4  mvars.o(.data)
    __microlib_freelist_initialised          0x20000004   Data           4  mvars.o(.data)
    CyclesPerUs                              0x2000000c   Data           4  system_m251.o(.data.CyclesPerUs)
    PllClock                                 0x20000010   Data           4  system_m251.o(.data.PllClock)
    SystemCoreClock                          0x20000014   Data           4  system_m251.o(.data.SystemCoreClock)
    font_small                               0x20000018   Data           8  app.o(.data.font_small)
    keyboardMatris                           0x20000024   Data          20  keypad.o(.data.keyboardMatris)
    KeyPad                                   0x20000038   Data           4  keypad.o(.bss.KeyPad)
    __stdout                                 0x2000003c   Data          84  retarget.o(.bss.__stdout)
    _calibrationFactor                       0x20000090   Data           4  sparkfun_nau7802.o(.bss._calibrationFactor)
    _param1                                  0x20000094   Data          32  app.o(.bss._param1)
    _param2                                  0x200000b4   Data          32  app.o(.bss._param2)
    _param3                                  0x200000d4   Data          32  app.o(.bss._param3)
    _zeroOffset                              0x200000f4   Data           4  sparkfun_nau7802.o(.bss._zeroOffset)
    currentCapacity                          0x200000f8   Data           1  menu.o(.bss.currentCapacity)
    currentDecimalPoint                      0x200000f9   Data           1  menu.o(.bss.currentDecimalPoint)
    currentMinCoin                           0x200000fa   Data           1  menu.o(.bss.currentMinCoin)
    currentMultiTare                         0x200000fb   Data           1  menu.o(.bss.currentMultiTare)
    currentResolution                        0x200000fc   Data           1  menu.o(.bss.currentResolution)
    currentSpeed                             0x200000fd   Data           1  menu.o(.bss.currentSpeed)
    currnetFixFloat                          0x200000fe   Data           1  menu.o(.bss.currnetFixFloat)
    f0_cal                                   0x20000114   Data          20  menu.o(.bss.f0_cal)
    f10_reset                                0x20000128   Data          20  menu.o(.bss.f10_reset)
    f10a                                     0x2000013c   Data          20  menu.o(.bss.f10a)
    f11_rs232                                0x20000150   Data          20  menu.o(.bss.f11_rs232)
    f1_resolution                            0x20000164   Data          20  menu.o(.bss.f1_resolution)
    f1_save                                  0x20000178   Data          20  menu.o(.bss.f1_save)
    f1a_3000                                 0x2000018c   Data          20  menu.o(.bss.f1a_3000)
    f1b_6000                                 0x200001a0   Data          20  menu.o(.bss.f1b_6000)
    f1c_dual1                                0x200001b4   Data          20  menu.o(.bss.f1c_dual1)
    f1d_dual2                                0x200001c8   Data          20  menu.o(.bss.f1d_dual2)
    f2_capacity                              0x200001dc   Data          20  menu.o(.bss.f2_capacity)
    f2_save                                  0x200001f0   Data          20  menu.o(.bss.f2_save)
    f2a_3                                    0x20000204   Data          20  menu.o(.bss.f2a_3)
    f2b_6                                    0x20000218   Data          20  menu.o(.bss.f2b_6)
    f2c_15                                   0x2000022c   Data          20  menu.o(.bss.f2c_15)
    f2d_30                                   0x20000240   Data          20  menu.o(.bss.f2d_30)
    f3_decimalPoint                          0x20000254   Data          20  menu.o(.bss.f3_decimalPoint)
    f3_save                                  0x20000268   Data          20  menu.o(.bss.f3_save)
    f3a                                      0x2000027c   Data          20  menu.o(.bss.f3a)
    f3b                                      0x20000290   Data          20  menu.o(.bss.f3b)
    f3c                                      0x200002a4   Data          20  menu.o(.bss.f3c)
    f3d                                      0x200002b8   Data          20  menu.o(.bss.f3d)
    f3e                                      0x200002cc   Data          20  menu.o(.bss.f3e)
    f4_fixFloat                              0x200002e0   Data          20  menu.o(.bss.f4_fixFloat)
    f4_save                                  0x200002f4   Data          20  menu.o(.bss.f4_save)
    f4a_fix                                  0x20000308   Data          20  menu.o(.bss.f4a_fix)
    f4b_flot                                 0x2000031c   Data          20  menu.o(.bss.f4b_flot)
    f5_save                                  0x20000330   Data          20  menu.o(.bss.f5_save)
    f5_speed                                 0x20000344   Data          20  menu.o(.bss.f5_speed)
    f5a_slow                                 0x20000358   Data          20  menu.o(.bss.f5a_slow)
    f5b_normal                               0x2000036c   Data          20  menu.o(.bss.f5b_normal)
    f5c_fast                                 0x20000380   Data          20  menu.o(.bss.f5c_fast)
    f6_minCoin                               0x20000394   Data          20  menu.o(.bss.f6_minCoin)
    f6_save                                  0x200003a8   Data          20  menu.o(.bss.f6_save)
    f6a_1                                    0x200003bc   Data          20  menu.o(.bss.f6a_1)
    f6b_2                                    0x200003d0   Data          20  menu.o(.bss.f6b_2)
    f6c_5                                    0x200003e4   Data          20  menu.o(.bss.f6c_5)
    f6d_10                                   0x200003f8   Data          20  menu.o(.bss.f6d_10)
    f7_multiTare                             0x2000040c   Data          20  menu.o(.bss.f7_multiTare)
    f7_save                                  0x20000420   Data          20  menu.o(.bss.f7_save)
    f7a_on                                   0x20000434   Data          20  menu.o(.bss.f7a_on)
    f7b_off                                  0x20000448   Data          20  menu.o(.bss.f7b_off)
    f8                                       0x2000045c   Data          20  menu.o(.bss.f8)
    f9_gravity                               0x20000470   Data          20  menu.o(.bss.f9_gravity)
    f9a                                      0x20000484   Data          20  menu.o(.bss.f9a)
    g_CLK_i32ErrCode                         0x20000498   Data           4  clk.o(.bss.g_CLK_i32ErrCode)
    m_Param                                  0x2000049c   Data          28  app.o(.bss.m_Param)
    p_CurrentFont                            0x200004b8   Data           4  app.o(.bss.p_CurrentFont)
    p_KeypadObj                              0x200004bc   Data           4  app.o(.bss.p_KeypadObj)
    p_LcdObj_S1                              0x200004c0   Data           4  app.o(.bss.p_LcdObj_S1)
    p_LcdObj_S2                              0x200004c4   Data           4  app.o(.bss.p_LcdObj_S2)
    p_LcdObj_S3                              0x200004c8   Data           4  app.o(.bss.p_LcdObj_S3)
    p_MenuObj                                0x200004cc   Data           4  app.o(.bss.p_MenuObj)
    p_ScaleObj                               0x200004d0   Data           4  app.o(.bss.p_ScaleObj)
    root                                     0x200004d4   Data          20  menu.o(.bss.root)
    s_u32TickCnt                             0x200004e8   Data           4  millis.o(.bss.s_u32TickCnt)
    __heap_base                              0x200004f0   Data           0  startup_m251.o(HEAP)
    __heap_limit                             0x200004f0   Data           0  startup_m251.o(HEAP)
    __initial_sp                             0x20000cf0   Data           0  startup_m251.o(STACK)



==============================================================================

Memory Map of the image

  Image Entry point : 0x00000155

  Load Region LR_1 (Base: 0x00000000, Size: 0x000070d8, Max: 0xffffffff, ABSOLUTE)

    Execution Region ER_RO (Exec base: 0x00000000, Load base: 0x00000000, Size: 0x000070a0, Max: 0xffffffff, ABSOLUTE)

    Exec Addr    Load Addr    Size         Type   Attr      Idx    E Section Name        Object

    0x00000000   0x00000000   0x00000140   Data   RO           20    RESET               startup_m251.o
    0x00000140   0x00000140   0x00000000   Code   RO         1020  * .ARM.Collect$$$$00000000  mc_p.l(entry.o)
    0x00000140   0x00000140   0x00000004   Code   RO         1103    .ARM.Collect$$$$00000001  mc_p.l(entry2.o)
    0x00000144   0x00000144   0x00000004   Code   RO         1106    .ARM.Collect$$$$00000004  mc_p.l(entry5.o)
    0x00000148   0x00000148   0x00000000   Code   RO         1108    .ARM.Collect$$$$00000008  mc_p.l(entry7b.o)
    0x00000148   0x00000148   0x00000000   Code   RO         1110    .ARM.Collect$$$$0000000A  mc_p.l(entry8b.o)
    0x00000148   0x00000148   0x00000008   Code   RO         1111    .ARM.Collect$$$$0000000B  mc_p.l(entry9a.o)
    0x00000150   0x00000150   0x00000000   Code   RO         1113    .ARM.Collect$$$$0000000D  mc_p.l(entry10a.o)
    0x00000150   0x00000150   0x00000000   Code   RO         1115    .ARM.Collect$$$$0000000F  mc_p.l(entry11a.o)
    0x00000150   0x00000150   0x00000004   Code   RO         1104    .ARM.Collect$$$$00002712  mc_p.l(entry2.o)
    0x00000154   0x00000154   0x00000084   Code   RO           21  * .text               startup_m251.o
    0x000001d8   0x000001d8   0x00000024   Code   RO         1021    .text               mc_p.l(memseta.o)
    0x000001fc   0x000001fc   0x00000028   Code   RO         1023    .text               mc_p.l(strncat.o)
    0x00000224   0x00000224   0x000000b2   Code   RO         1081    .text               mf_p.l(fadd.o)
    0x000002d6   0x000002d6   0x0000007a   Code   RO         1083    .text               mf_p.l(fmul.o)
    0x00000350   0x00000350   0x0000007c   Code   RO         1085    .text               mf_p.l(fdiv.o)
    0x000003cc   0x000003cc   0x000000d0   Code   RO         1087    .text               mf_p.l(dmul.o)
    0x0000049c   0x0000049c   0x0000001c   Code   RO         1089    .text               mf_p.l(fcmple.o)
    0x000004b8   0x000004b8   0x00000016   Code   RO         1091    .text               mf_p.l(fflti.o)
    0x000004ce   0x000004ce   0x0000000e   Code   RO         1093    .text               mf_p.l(ffltui.o)
    0x000004dc   0x000004dc   0x00000028   Code   RO         1095    .text               mf_p.l(dflti.o)
    0x00000504   0x00000504   0x00000032   Code   RO         1097    .text               mf_p.l(ffixi.o)
    0x00000536   0x00000536   0x00000028   Code   RO         1099    .text               mf_p.l(f2d.o)
    0x0000055e   0x0000055e   0x00000038   Code   RO         1101    .text               mf_p.l(d2f.o)
    0x00000596   0x00000596   0x00000060   Code   RO         1121    .text               mc_p.l(uldiv.o)
    0x000005f6   0x000005f6   0x00000002   PAD
    0x000005f8   0x000005f8   0x000000b4   Code   RO         1136    .text               mc_p.l(strtod.o)
    0x000006ac   0x000006ac   0x00000000   Code   RO         1138    .text               mc_p.l(iusefp.o)
    0x000006ac   0x000006ac   0x00000082   Code   RO         1139    .text               mf_p.l(fepilogue.o)
    0x0000072e   0x0000072e   0x000000be   Code   RO         1141    .text               mf_p.l(depilogue.o)
    0x000007ec   0x000007ec   0x00000164   Code   RO         1145    .text               mf_p.l(dadd.o)
    0x00000950   0x00000950   0x000000f0   Code   RO         1147    .text               mf_p.l(ddiv.o)
    0x00000a40   0x00000a40   0x00000040   Code   RO         1149    .text               mf_p.l(dfixul.o)
    0x00000a80   0x00000a80   0x00000028   Code   RO         1151    .text               mf_p.l(cdrcmple.o)
    0x00000aa8   0x00000aa8   0x00000024   Code   RO         1153    .text               mc_p.l(init.o)
    0x00000acc   0x00000acc   0x0000003e   Code   RO         1157    .text               mc_p.l(uidiv_div0.o)
    0x00000b0a   0x00000b0a   0x00000020   Code   RO         1163    .text               mc_p.l(llshl.o)
    0x00000b2a   0x00000b2a   0x00000022   Code   RO         1165    .text               mc_p.l(llushr.o)
    0x00000b4c   0x00000b4c   0x00000026   Code   RO         1167    .text               mc_p.l(llsshr.o)
    0x00000b72   0x00000b72   0x0000000e   Code   RO         1169    .text               mc_p.l(isspace_c.o)
    0x00000b80   0x00000b80   0x00000374   Code   RO         1171    .text               mc_p.l(scanf_fp.o)
    0x00000ef4   0x00000ef4   0x00000044   Code   RO         1175    .text               mc_p.l(_sgetc.o)
    0x00000f38   0x00000f38   0x00000030   Code   RO         1177    .text               mc_p.l(llmul.o)
    0x00000f68   0x00000f68   0x00000024   Code   RO         1179    .text               mc_p.l(ctype_c.o)
    0x00000f8c   0x00000f8c   0x0000001c   Code   RO         1182    .text               mf_p.l(dfltul.o)
    0x00000fa8   0x00000fa8   0x0000001e   Code   RO          710    .text.AIP_ClearScreen  costumlcd.o
    0x00000fc6   0x00000fc6   0x000000a6   Code   RO          704    .text.AIP_Init      costumlcd.o
    0x0000106c   0x0000106c   0x00000020   Code   RO          718    .text.AIP_SetCursor  costumlcd.o
    0x0000108c   0x0000108c   0x00000180   Code   RO          724    .text.AIP_Spoint    costumlcd.o
    0x0000120c   0x0000120c   0x0000005c   Code   RO          712    .text.AIP_UpdateScreen  costumlcd.o
    0x00001268   0x00001268   0x0000007a   Code   RO          720    .text.AIP_WriteString  costumlcd.o
    0x000012e2   0x000012e2   0x00000098   Code   RO          722    .text.AIP_WriteStringLen  costumlcd.o
    0x0000137a   0x0000137a   0x0000006e   Code   RO          714    .text.AIP_draw_pixel  costumlcd.o
    0x000013e8   0x000013e8   0x0000010c   Code   RO          716    .text.AIP_writeChar  costumlcd.o
    0x000014f4   0x000014f4   0x00000030   Code   RO          708    .text.AIP_writeCommand  costumlcd.o
    0x00001524   0x00001524   0x00000050   Code   RO          706    .text.AIP_writeData  costumlcd.o
    0x00001574   0x00001574   0x00000038   Code   RO          726    .text.AIP_writeNumber  costumlcd.o
    0x000015ac   0x000015ac   0x00000068   Code   RO          650    .text.APP_All_Point_High  app.o
    0x00001614   0x00001614   0x00000124   Code   RO          654    .text.APP_GetMeasure  app.o
    0x00001738   0x00001738   0x000000a4   Code   RO          644    .text.APP_Handle    app.o
    0x000017dc   0x000017dc   0x00000118   Code   RO          610    .text.APP_Init      app.o
    0x000018f4   0x000018f4   0x000000c4   Code   RO          632    .text.APP_SettingsHandle  app.o
    0x000019b8   0x000019b8   0x00000188   Code   RO          642    .text.APP_ShowTotal  app.o
    0x00001b40   0x00001b40   0x00000218   Code   RO          648    .text.APP_Show_Weight  app.o
    0x00001d58   0x00001d58   0x00000648   Code   RO          646    .text.APP_StartScreen  app.o
    0x000023a0   0x000023a0   0x0000003c   Code   RO           68    .text.CLK_EnableModuleClock  clk.o
    0x000023dc   0x000023dc   0x00000014   Code   RO           64    .text.CLK_EnableXtalRC  clk.o
    0x000023f0   0x000023f0   0x0000000c   Code   RO           44    .text.CLK_GetHCLKFreq  clk.o
    0x000023fc   0x000023fc   0x00000080   Code   RO           40    .text.CLK_GetPCLK0Freq  clk.o
    0x0000247c   0x0000247c   0x0000008c   Code   RO           42    .text.CLK_GetPCLK1Freq  clk.o
    0x00002508   0x00002508   0x000000b4   Code   RO           48    .text.CLK_GetPLLClockFreq  clk.o
    0x000025bc   0x000025bc   0x00000060   Code   RO           56    .text.CLK_SetHCLK   clk.o
    0x0000261c   0x0000261c   0x000000b0   Code   RO           60    .text.CLK_SetModuleClock  clk.o
    0x000026cc   0x000026cc   0x00000038   Code   RO          749    .text.CLK_SysTickDelay  keypad.o
    0x00002704   0x00002704   0x00000038   Code   RO          987    .text.CLK_SysTickDelay  sparkfun_nau7802.o
    0x0000273c   0x0000273c   0x00000078   Code   RO          652    .text.CLK_SysTickLongDelay  app.o
    0x000027b4   0x000027b4   0x00000058   Code   RO           54    .text.CLK_WaitClockReady  clk.o
    0x0000280c   0x0000280c   0x000000d0   Code   RO          531    .text.Clock_Init    clk_conf.o
    0x000028dc   0x000028dc   0x00000026   Code   RO          770    .text.Down          menu.o
    0x00002902   0x00002902   0x00000008   Code   RO          257    .text.DumpStack     retarget.o
    0x0000290a   0x0000290a   0x00000002   PAD
    0x0000290c   0x0000290c   0x00000024   Code   RO          586    .text.EINT0_IRQHandler  int_handler.o
    0x00002930   0x00002930   0x00000024   Code   RO          588    .text.EINT1_IRQHandler  int_handler.o
    0x00002954   0x00002954   0x00000024   Code   RO          590    .text.EINT3_IRQHandler  int_handler.o
    0x00002978   0x00002978   0x00000026   Code   RO          764    .text.Enter         menu.o
    0x0000299e   0x0000299e   0x00000026   Code   RO          766    .text.Exit          menu.o
    0x000029c4   0x000029c4   0x00000014   Code   RO          539    .text.FMC_Init      periph_conf.o
    0x000029d8   0x000029d8   0x00000010   Code   RO          114    .text.FMC_Open      fmc.o
    0x000029e8   0x000029e8   0x00000034   Code   RO          580    .text.GPB_IRQHandler  int_handler.o
    0x00002a1c   0x00002a1c   0x00000034   Code   RO          582    .text.GPC_IRQHandler  int_handler.o
    0x00002a50   0x00002a50   0x00000038   Code   RO          584    .text.GPD_IRQHandler  int_handler.o
    0x00002a88   0x00002a88   0x000001c8   Code   RO          541    .text.GPIO_Init     periph_conf.o
    0x00002c50   0x00002c50   0x00000020   Code   RO          263    .text.GetChar       retarget.o
    0x00002c70   0x00002c70   0x00000010   Code   RO          545    .text.I2C1_Init     periph_conf.o
    0x00002c80   0x00002c80   0x00000060   Code   RO          165    .text.I2C_Open      i2c.o
    0x00002ce0   0x00002ce0   0x0000001c   Code   RO          739    .text.Init          keypad.o
    0x00002cfc   0x00002cfc   0x0000052c   Code   RO          864    .text.Menu_Init     menu.o
    0x00003228   0x00003228   0x0000000c   Code   RO          979    .text.NAU7802_available  sparkfun_nau7802.o
    0x00003234   0x00003234   0x000000bc   Code   RO          975    .text.NAU7802_begin  sparkfun_nau7802.o
    0x000032f0   0x000032f0   0x0000000c   Code   RO          983    .text.NAU7802_beginCalibrateAFE  sparkfun_nau7802.o
    0x000032fc   0x000032fc   0x0000003c   Code   RO          985    .text.NAU7802_calAFEStatus  sparkfun_nau7802.o
    0x00003338   0x00003338   0x00000030   Code   RO          949    .text.NAU7802_calculateCalibrationFactor  sparkfun_nau7802.o
    0x00003368   0x00003368   0x00000018   Code   RO          945    .text.NAU7802_calculateZeroOffset  sparkfun_nau7802.o
    0x00003380   0x00003380   0x00000010   Code   RO          981    .text.NAU7802_calibrateAFE  sparkfun_nau7802.o
    0x00003390   0x00003390   0x00000038   Code   RO          967    .text.NAU7802_clearBit  sparkfun_nau7802.o
    0x000033c8   0x000033c8   0x0000008c   Code   RO          943    .text.NAU7802_getAverage  sparkfun_nau7802.o
    0x00003454   0x00003454   0x00000032   Code   RO          969    .text.NAU7802_getBit  sparkfun_nau7802.o
    0x00003486   0x00003486   0x00000002   PAD
    0x00003488   0x00003488   0x00000008   Code   RO         1001    .text.NAU7802_getCalibrationFactor  sparkfun_nau7802.o
    0x00003490   0x00003490   0x00000004   Code   RO          997    .text.NAU7802_getReading  sparkfun_nau7802.o
    0x00003494   0x00003494   0x0000000c   Code   RO          971    .text.NAU7802_getRegister  sparkfun_nau7802.o
    0x000034a0   0x000034a0   0x0000001a   Code   RO          995    .text.NAU7802_getRevisionCode  sparkfun_nau7802.o
    0x000034ba   0x000034ba   0x00000002   PAD
    0x000034bc   0x000034bc   0x00000054   Code   RO          953    .text.NAU7802_getWeight  sparkfun_nau7802.o
    0x00003510   0x00003510   0x0000000c   Code   RO          999    .text.NAU7802_getZeroOffset  sparkfun_nau7802.o
    0x0000351c   0x0000351c   0x00000004   Code   RO          977    .text.NAU7802_isConnected  sparkfun_nau7802.o
    0x00003520   0x00003520   0x0000001a   Code   RO          991    .text.NAU7802_powerDown  sparkfun_nau7802.o
    0x0000353a   0x0000353a   0x0000005c   Code   RO          989    .text.NAU7802_powerUp  sparkfun_nau7802.o
    0x00003596   0x00003596   0x00000022   Code   RO          993    .text.NAU7802_reset  sparkfun_nau7802.o
    0x000035b8   0x000035b8   0x00000038   Code   RO          965    .text.NAU7802_setBit  sparkfun_nau7802.o
    0x000035f0   0x000035f0   0x00000014   Code   RO          951    .text.NAU7802_setCalibrationFactor  sparkfun_nau7802.o
    0x00003604   0x00003604   0x00000034   Code   RO          961    .text.NAU7802_setChannel  sparkfun_nau7802.o
    0x00003638   0x00003638   0x00000044   Code   RO          955    .text.NAU7802_setGain  sparkfun_nau7802.o
    0x0000367c   0x0000367c   0x0000000c   Code   RO         1003    .text.NAU7802_setIntPolarityHigh  sparkfun_nau7802.o
    0x00003688   0x00003688   0x0000000c   Code   RO         1005    .text.NAU7802_setIntPolarityLow  sparkfun_nau7802.o
    0x00003694   0x00003694   0x0000004e   Code   RO          957    .text.NAU7802_setLDO  sparkfun_nau7802.o
    0x000036e2   0x000036e2   0x00000010   Code   RO          973    .text.NAU7802_setRegister  sparkfun_nau7802.o
    0x000036f2   0x000036f2   0x00000046   Code   RO          959    .text.NAU7802_setSampleRate  sparkfun_nau7802.o
    0x00003738   0x00003738   0x00000014   Code   RO          947    .text.NAU7802_setZeroOffset  sparkfun_nau7802.o
    0x0000374c   0x0000374c   0x00000066   Code   RO          963    .text.NAU7802_waitForCalibrateAFE  sparkfun_nau7802.o
    0x000037b2   0x000037b2   0x00000024   Code   RO          563    .text.Periph_Init   periph_conf.o
    0x000037d6   0x000037d6   0x00000002   PAD
    0x000037d8   0x000037d8   0x00000064   Code   RO          572    .text.Pin_Init      pin_conf.o
    0x0000383c   0x0000383c   0x0000007c   Code   RO          255    .text.ProcessHardFault  retarget.o
    0x000038b8   0x000038b8   0x00000018   Code   RO          612    .text.SCREEN_1_AIP_A0Pin  app.o
    0x000038d0   0x000038d0   0x00000018   Code   RO          616    .text.SCREEN_1_AIP_CSPin  app.o
    0x000038e8   0x000038e8   0x00000018   Code   RO          614    .text.SCREEN_1_AIP_ResetPin  app.o
    0x00003900   0x00003900   0x00000018   Code   RO          618    .text.SCREEN_2_AIP_A0Pin  app.o
    0x00003918   0x00003918   0x00000018   Code   RO          622    .text.SCREEN_2_AIP_CSPin  app.o
    0x00003930   0x00003930   0x00000018   Code   RO          620    .text.SCREEN_2_AIP_ResetPin  app.o
    0x00003948   0x00003948   0x00000018   Code   RO          624    .text.SCREEN_3_AIP_A0Pin  app.o
    0x00003960   0x00003960   0x00000018   Code   RO          628    .text.SCREEN_3_AIP_CSPin  app.o
    0x00003978   0x00003978   0x00000018   Code   RO          626    .text.SCREEN_3_AIP_ResetPin  app.o
    0x00003990   0x00003990   0x0000000e   Code   RO          253    .text.SH_Return     retarget.o
    0x0000399e   0x0000399e   0x00000002   PAD
    0x000039a0   0x000039a0   0x00000044   Code   RO          547    .text.SPII2S0_Init  periph_conf.o
    0x000039e4   0x000039e4   0x00000260   Code   RO          288    .text.SPI_Open      spi.o
    0x00003c44   0x00003c44   0x00000026   Code   RO          302    .text.SPI_SetFIFO   spi.o
    0x00003c6a   0x00003c6a   0x00000002   PAD
    0x00003c6c   0x00003c6c   0x00000008   Code   RO          518    .text.SYS_LockReg   main.o
    0x00003c74   0x00003c74   0x00000020   Code   RO          516    .text.SYS_UnlockReg  main.o
    0x00003c94   0x00003c94   0x00000024   Code   RO          559    .text.SYS_UnlockReg  periph_conf.o
    0x00003cb8   0x00003cb8   0x000000f8   Code   RO          741    .text.Scan          keypad.o
    0x00003db0   0x00003db0   0x00000010   Code   RO          261    .text.SendChar      retarget.o
    0x00003dc0   0x00003dc0   0x00000044   Code   RO          259    .text.SendChar_ToUART  retarget.o
    0x00003e04   0x00003e04   0x00000014   Code   RO          929    .text.SysTickCounter  millis.o
    0x00003e18   0x00003e18   0x00000080   Code   RO            2    .text.SystemCoreClockUpdate  system_m251.o
    0x00003e98   0x00003e98   0x00000024   Code   RO            4    .text.SystemInit    system_m251.o
    0x00003ebc   0x00003ebc   0x00000018   Code   RO          514    .text.System_Init   main.o
    0x00003ed4   0x00003ed4   0x00000020   Code   RO          549    .text.TIMER0_Init   periph_conf.o
    0x00003ef4   0x00003ef4   0x00000020   Code   RO          553    .text.TIMER1_Init   periph_conf.o
    0x00003f14   0x00003f14   0x0000000e   Code   RO          596    .text.TIMER_ClearIntFlag  int_handler.o
    0x00003f22   0x00003f22   0x00000014   Code   RO          551    .text.TIMER_EnableInt  periph_conf.o
    0x00003f36   0x00003f36   0x00000010   Code   RO          594    .text.TIMER_GetIntFlag  int_handler.o
    0x00003f46   0x00003f46   0x00000002   PAD
    0x00003f48   0x00003f48   0x000000bc   Code   RO          372    .text.TIMER_GetModuleClock  timer.o
    0x00004004   0x00004004   0x00000072   Code   RO          370    .text.TIMER_Open    timer.o
    0x00004076   0x00004076   0x00000002   PAD
    0x00004078   0x00004078   0x0000001c   Code   RO          592    .text.TMR0_IRQHandler  int_handler.o
    0x00004094   0x00004094   0x0000001c   Code   RO          598    .text.TMR1_IRQHandler  int_handler.o
    0x000040b0   0x000040b0   0x00000020   Code   RO          555    .text.UART2_Init    periph_conf.o
    0x000040d0   0x000040d0   0x000001a8   Code   RO          435    .text.UART_Open     uart.o
    0x00004278   0x00004278   0x00000026   Code   RO          768    .text.Up            menu.o
    0x0000429e   0x0000429e   0x00000002   PAD
    0x000042a0   0x000042a0   0x0000000c   Code   RO          561    .text.WDT_EnableInt  periph_conf.o
    0x000042ac   0x000042ac   0x00000068   Code   RO          600    .text.WDT_IRQHandler  int_handler.o
    0x00004314   0x00004314   0x0000001e   Code   RO          557    .text.WDT_Init      periph_conf.o
    0x00004332   0x00004332   0x00000002   PAD
    0x00004334   0x00004334   0x00000034   Code   RO          463    .text.WDT_Open      wdt.o
    0x00004368   0x00004368   0x00000034   Code   RO          543    .text.__NVIC_EnableIRQ  periph_conf.o
    0x0000439c   0x0000439c   0x00000032   Code   RO          636    .text._pow          app.o
    0x000043ce   0x000043ce   0x00000032   Code   RO          760    .text.build         menu.o
    0x00004400   0x00004400   0x00000294   Code   RO          638    .text.customValueInput  app.o
    0x00004694   0x00004694   0x000004d8   Code   RO          634    .text.customValueInputFix  app.o
    0x00004b6c   0x00004b6c   0x00000034   Code   RO          806    .text.f1_Saved      menu.o
    0x00004ba0   0x00004ba0   0x00000034   Code   RO          816    .text.f2_Saved      menu.o
    0x00004bd4   0x00004bd4   0x00000034   Code   RO          828    .text.f3_Saved      menu.o
    0x00004c08   0x00004c08   0x00000034   Code   RO          834    .text.f4_Saved      menu.o
    0x00004c3c   0x00004c3c   0x00000034   Code   RO          842    .text.f5_Saved      menu.o
    0x00004c70   0x00004c70   0x00000034   Code   RO          852    .text.f6_Saved      menu.o
    0x00004ca4   0x00004ca4   0x00000044   Code   RO          858    .text.f7_Saved      menu.o
    0x00004ce8   0x00004ce8   0x00000014   Code   RO          271    .text.fputc         retarget.o
    0x00004cfc   0x00004cfc   0x00000040   Code   RO          520    .text.main          main.o
    0x00004d3c   0x00004d3c   0x00000008   Code   RO          931    .text.millis        millis.o
    0x00004d44   0x00004d44   0x00000050   Code   RO          737    .text.newKeyPadObj  keypad.o
    0x00004d94   0x00004d94   0x000000b8   Code   RO          702    .text.newLCDObj     costumlcd.o
    0x00004e4c   0x00004e4c   0x0000005c   Code   RO          762    .text.newMenuObj    menu.o
    0x00004ea8   0x00004ea8   0x00000154   Code   RO          941    .text.newScaleObj   sparkfun_nau7802.o
    0x00004ffc   0x00004ffc   0x00000078   Code   RO          747    .text.readRowPin    keypad.o
    0x00005074   0x00005074   0x00000018   Code   RO          745    .text.resetAllColumnPins  keypad.o
    0x0000508c   0x0000508c   0x00000070   Code   RO          743    .text.setColumnPin  keypad.o
    0x000050fc   0x000050fc   0x0000004c   Code   RO          640    .text.setPrice      app.o
    0x00005148   0x00005148   0x00000064   Code   RO          774    .text.shw_calibration  menu.o
    0x000051ac   0x000051ac   0x000000f8   Code   RO          778    .text.shw_capacity  menu.o
    0x000052a4   0x000052a4   0x00000130   Code   RO          780    .text.shw_decimalPoint  menu.o
    0x000053d4   0x000053d4   0x0000002c   Code   RO          862    .text.shw_f10a      menu.o
    0x00005400   0x00005400   0x00000034   Code   RO          798    .text.shw_f1a_3000  menu.o
    0x00005434   0x00005434   0x00000030   Code   RO          800    .text.shw_f1b_6000  menu.o
    0x00005464   0x00005464   0x00000030   Code   RO          802    .text.shw_f1c_dual1  menu.o
    0x00005494   0x00005494   0x00000038   Code   RO          804    .text.shw_f1d_dual2  menu.o
    0x000054cc   0x000054cc   0x00000038   Code   RO          808    .text.shw_f2a_3     menu.o
    0x00005504   0x00005504   0x00000034   Code   RO          810    .text.shw_f2b_6     menu.o
    0x00005538   0x00005538   0x00000034   Code   RO          812    .text.shw_f2c_15    menu.o
    0x0000556c   0x0000556c   0x00000034   Code   RO          814    .text.shw_f2d_30    menu.o
    0x000055a0   0x000055a0   0x00000034   Code   RO          818    .text.shw_f3a       menu.o
    0x000055d4   0x000055d4   0x00000030   Code   RO          820    .text.shw_f3b       menu.o
    0x00005604   0x00005604   0x00000034   Code   RO          822    .text.shw_f3c       menu.o
    0x00005638   0x00005638   0x00000034   Code   RO          824    .text.shw_f3d       menu.o
    0x0000566c   0x0000566c   0x00000034   Code   RO          826    .text.shw_f3e       menu.o
    0x000056a0   0x000056a0   0x00000034   Code   RO          830    .text.shw_f4a_fix   menu.o
    0x000056d4   0x000056d4   0x00000034   Code   RO          832    .text.shw_f4b_flot  menu.o
    0x00005708   0x00005708   0x0000003c   Code   RO          836    .text.shw_f5a_slow  menu.o
    0x00005744   0x00005744   0x00000038   Code   RO          838    .text.shw_f5b_normal  menu.o
    0x0000577c   0x0000577c   0x0000003c   Code   RO          840    .text.shw_f5c_fast  menu.o
    0x000057b8   0x000057b8   0x0000003c   Code   RO          844    .text.shw_f6a_1     menu.o
    0x000057f4   0x000057f4   0x00000038   Code   RO          846    .text.shw_f6b_2     menu.o
    0x0000582c   0x0000582c   0x00000038   Code   RO          848    .text.shw_f6c_5     menu.o
    0x00005864   0x00005864   0x0000003c   Code   RO          850    .text.shw_f6d_10    menu.o
    0x000058a0   0x000058a0   0x0000003c   Code   RO          854    .text.shw_f7a_on    menu.o
    0x000058dc   0x000058dc   0x0000003c   Code   RO          856    .text.shw_f7b_off   menu.o
    0x00005918   0x00005918   0x0000006c   Code   RO          790    .text.shw_f8        menu.o
    0x00005984   0x00005984   0x00000088   Code   RO          860    .text.shw_f9a       menu.o
    0x00005a0c   0x00005a0c   0x000000bc   Code   RO          782    .text.shw_fixFloat  menu.o
    0x00005ac8   0x00005ac8   0x0000006c   Code   RO          792    .text.shw_gravity   menu.o
    0x00005b34   0x00005b34   0x00000074   Code   RO          772    .text.shw_mainScreen  menu.o
    0x00005ba8   0x00005ba8   0x00000108   Code   RO          786    .text.shw_minCoin   menu.o
    0x00005cb0   0x00005cb0   0x000000cc   Code   RO          788    .text.shw_multiTare  menu.o
    0x00005d7c   0x00005d7c   0x00000074   Code   RO          794    .text.shw_reset     menu.o
    0x00005df0   0x00005df0   0x00000118   Code   RO          776    .text.shw_resolution  menu.o
    0x00005f08   0x00005f08   0x00000074   Code   RO          796    .text.shw_rs232     menu.o
    0x00005f7c   0x00005f7c   0x000000f4   Code   RO          784    .text.shw_speed     menu.o
    0x00006070   0x00006070   0x0000004c   Code   RO          728    .text.spi_transfer  costumlcd.o
    0x000060bc   0x000060bc   0x00000010   Code   RO          927    .text.wdt_tickCounter  millis.o
    0x000060cc   0x000060cc   0x00000020   Code   RO         1026    i.__0printf         mc_p.l(printfa.o)
    0x000060ec   0x000060ec   0x00000028   Code   RO         1028    i.__0sprintf        mc_p.l(printfa.o)
    0x00006114   0x00006114   0x0000002e   Code   RO         1143    i.__ARM_clz         mf_p.l(depilogue.o)
    0x00006142   0x00006142   0x00000002   PAD
    0x00006144   0x00006144   0x0000000c   Code   RO         1130    i.__read_errno      mc_p.l(errno.o)
    0x00006150   0x00006150   0x0000000e   Code   RO         1186    i.__scatterload_copy  mc_p.l(handlers.o)
    0x0000615e   0x0000615e   0x00000002   Code   RO         1187    i.__scatterload_null  mc_p.l(handlers.o)
    0x00006160   0x00006160   0x0000000e   Code   RO         1188    i.__scatterload_zeroinit  mc_p.l(handlers.o)
    0x0000616e   0x0000616e   0x00000002   PAD
    0x00006170   0x00006170   0x0000000c   Code   RO         1131    i.__set_errno       mc_p.l(errno.o)
    0x0000617c   0x0000617c   0x00000174   Code   RO         1033    i._fp_digits        mc_p.l(printfa.o)
    0x000062f0   0x000062f0   0x0000000e   Code   RO         1173    i._is_digit         mc_p.l(scanf_fp.o)
    0x000062fe   0x000062fe   0x00000002   PAD
    0x00006300   0x00006300   0x000006ec   Code   RO         1034    i._printf_core      mc_p.l(printfa.o)
    0x000069ec   0x000069ec   0x00000020   Code   RO         1035    i._printf_post_padding  mc_p.l(printfa.o)
    0x00006a0c   0x00006a0c   0x0000002c   Code   RO         1036    i._printf_pre_padding  mc_p.l(printfa.o)
    0x00006a38   0x00006a38   0x0000000a   Code   RO         1038    i._sputc            mc_p.l(printfa.o)
    0x00006a42   0x00006a42   0x0000002c   Code   RO         1017    i.atof              m_ps.l(atof.o)
    0x00006a6e   0x00006a6e   0x00000002   PAD
    0x00006a70   0x00006a70   0x0000006c   Code   RO         1054    i.malloc            mc_p.l(malloc.o)
    0x00006adc   0x00006adc   0x00000040   Data   RO         1180    .constdata          mc_p.l(ctype_c.o)
    0x00006b1c   0x00006b1c   0x0000000c   Data   RO           99    .rodata..L__const.CLK_EnableModuleClock.au32ClkTbl  clk.o
    0x00006b28   0x00006b28   0x00000018   Data   RO          453    .rodata..L__const.UART_Open.au32ClkTbl  uart.o
    0x00006b40   0x00006b40   0x00000040   Data   RO           98    .rodata.cst16       clk.o
    0x00006b80   0x00006b80   0x00000020   Data   RO          398    .rodata.cst32       timer.o
    0x00006ba0   0x00006ba0   0x00000240   Data   RO          656    .rodata.fontArray   app.o
    0x00006de0   0x00006de0   0x00000020   Data   RO           11    .rodata.gau32ClkSrcTbl  system_m251.o
    0x00006e00   0x00006e00   0x0000000f   Data   RO          278    .rodata.str1.1      retarget.o
    0x00006e0f   0x00006e0f   0x0000003b   Data   RO          522    .rodata.str1.1      main.o
    0x00006e4a   0x00006e4a   0x00000097   Data   RO          602    .rodata.str1.1      int_handler.o
    0x00006ee1   0x00006ee1   0x0000008b   Data   RO          671    .rodata.str1.1      app.o
    0x00006f6c   0x00006f6c   0x00000112   Data   RO          867    .rodata.str1.1      menu.o
    0x0000707e   0x0000707e   0x00000002   PAD
    0x00007080   0x00007080   0x00000020   Data   RO         1185    Region$$Table       anon$$obj.o


    Execution Region ER_RW (Exec base: 0x20000000, Load base: 0x000070a0, Size: 0x00000038, Max: 0xffffffff, ABSOLUTE)

    Exec Addr    Load Addr    Size         Type   Attr      Idx    E Section Name        Object

    0x20000000   0x000070a0   0x00000004   Data   RW         1127    .data               mc_p.l(mvars.o)
    0x20000004   0x000070a4   0x00000004   Data   RW         1128    .data               mc_p.l(mvars.o)
    0x20000008   0x000070a8   0x00000004   Data   RW         1132    .data               mc_p.l(errno.o)
    0x2000000c   0x000070ac   0x00000004   Data   RW            9    .data.CyclesPerUs   system_m251.o
    0x20000010   0x000070b0   0x00000004   Data   RW           10    .data.PllClock      system_m251.o
    0x20000014   0x000070b4   0x00000004   Data   RW            8    .data.SystemCoreClock  system_m251.o
    0x20000018   0x000070b8   0x00000008   Data   RW          657    .data.font_small    app.o
    0x20000020   0x000070c0   0x00000004   Data   RW          277    .data.g_ICE_Conneced  retarget.o
    0x20000024   0x000070c4   0x00000014   Data   RW          751    .data.keyboardMatris  keypad.o


    Execution Region ER_ZI (Exec base: 0x20000038, Load base: 0x000070d8, Size: 0x00000cb8, Max: 0xffffffff, ABSOLUTE)

    Exec Addr    Load Addr    Size         Type   Attr      Idx    E Section Name        Object

    0x20000038        -       0x00000004   Zero   RW          752    .bss.KeyPad         keypad.o
    0x2000003c        -       0x00000054   Zero   RW          279    .bss.__stdout       retarget.o
    0x20000090        -       0x00000004   Zero   RW         1008    .bss._calibrationFactor  sparkfun_nau7802.o
    0x20000094        -       0x00000020   Zero   RW          658    .bss._param1        app.o
    0x200000b4        -       0x00000020   Zero   RW          660    .bss._param2        app.o
    0x200000d4        -       0x00000020   Zero   RW          662    .bss._param3        app.o
    0x200000f4        -       0x00000004   Zero   RW         1007    .bss._zeroOffset    sparkfun_nau7802.o
    0x200000f8        -       0x00000001   Zero   RW          902    .bss.currentCapacity  menu.o
    0x200000f9        -       0x00000001   Zero   RW          903    .bss.currentDecimalPoint  menu.o
    0x200000fa        -       0x00000001   Zero   RW          906    .bss.currentMinCoin  menu.o
    0x200000fb        -       0x00000001   Zero   RW          907    .bss.currentMultiTare  menu.o
    0x200000fc        -       0x00000001   Zero   RW          901    .bss.currentResolution  menu.o
    0x200000fd        -       0x00000001   Zero   RW          905    .bss.currentSpeed   menu.o
    0x200000fe        -       0x00000001   Zero   RW          904    .bss.currnetFixFloat  menu.o
    0x200000ff        -       0x00000001   Zero   RW          673    .bss.customValueInput._id  app.o
    0x20000100        -       0x00000001   Zero   RW          672    .bss.customValueInput.pointCounter  app.o
    0x20000101        -       0x00000007   Zero   RW          674    .bss.customValueInput.tempArray  app.o
    0x20000108        -       0x00000001   Zero   RW          668    .bss.customValueInputFix._id  app.o
    0x20000109        -       0x00000007   Zero   RW          670    .bss.customValueInputFix.tempArray  app.o
    0x20000110        -       0x00000004   Zero   RW          669    .bss.customValueInputFix.total  app.o
    0x20000114        -       0x00000014   Zero   RW          870    .bss.f0_cal         menu.o
    0x20000128        -       0x00000014   Zero   RW          917    .bss.f10_reset      menu.o
    0x2000013c        -       0x00000014   Zero   RW          918    .bss.f10a           menu.o
    0x20000150        -       0x00000014   Zero   RW          919    .bss.f11_rs232      menu.o
    0x20000164        -       0x00000014   Zero   RW          868    .bss.f1_resolution  menu.o
    0x20000178        -       0x00000014   Zero   RW          908    .bss.f1_save        menu.o
    0x2000018c        -       0x00000014   Zero   RW          869    .bss.f1a_3000       menu.o
    0x200001a0        -       0x00000014   Zero   RW          872    .bss.f1b_6000       menu.o
    0x200001b4        -       0x00000014   Zero   RW          873    .bss.f1c_dual1      menu.o
    0x200001c8        -       0x00000014   Zero   RW          874    .bss.f1d_dual2      menu.o
    0x200001dc        -       0x00000014   Zero   RW          871    .bss.f2_capacity    menu.o
    0x200001f0        -       0x00000014   Zero   RW          909    .bss.f2_save        menu.o
    0x20000204        -       0x00000014   Zero   RW          875    .bss.f2a_3          menu.o
    0x20000218        -       0x00000014   Zero   RW          877    .bss.f2b_6          menu.o
    0x2000022c        -       0x00000014   Zero   RW          878    .bss.f2c_15         menu.o
    0x20000240        -       0x00000014   Zero   RW          879    .bss.f2d_30         menu.o
    0x20000254        -       0x00000014   Zero   RW          876    .bss.f3_decimalPoint  menu.o
    0x20000268        -       0x00000014   Zero   RW          910    .bss.f3_save        menu.o
    0x2000027c        -       0x00000014   Zero   RW          880    .bss.f3a            menu.o
    0x20000290        -       0x00000014   Zero   RW          882    .bss.f3b            menu.o
    0x200002a4        -       0x00000014   Zero   RW          883    .bss.f3c            menu.o
    0x200002b8        -       0x00000014   Zero   RW          884    .bss.f3d            menu.o
    0x200002cc        -       0x00000014   Zero   RW          885    .bss.f3e            menu.o
    0x200002e0        -       0x00000014   Zero   RW          881    .bss.f4_fixFloat    menu.o
    0x200002f4        -       0x00000014   Zero   RW          911    .bss.f4_save        menu.o
    0x20000308        -       0x00000014   Zero   RW          886    .bss.f4a_fix        menu.o
    0x2000031c        -       0x00000014   Zero   RW          888    .bss.f4b_flot       menu.o
    0x20000330        -       0x00000014   Zero   RW          912    .bss.f5_save        menu.o
    0x20000344        -       0x00000014   Zero   RW          887    .bss.f5_speed       menu.o
    0x20000358        -       0x00000014   Zero   RW          889    .bss.f5a_slow       menu.o
    0x2000036c        -       0x00000014   Zero   RW          891    .bss.f5b_normal     menu.o
    0x20000380        -       0x00000014   Zero   RW          892    .bss.f5c_fast       menu.o
    0x20000394        -       0x00000014   Zero   RW          890    .bss.f6_minCoin     menu.o
    0x200003a8        -       0x00000014   Zero   RW          913    .bss.f6_save        menu.o
    0x200003bc        -       0x00000014   Zero   RW          893    .bss.f6a_1          menu.o
    0x200003d0        -       0x00000014   Zero   RW          895    .bss.f6b_2          menu.o
    0x200003e4        -       0x00000014   Zero   RW          896    .bss.f6c_5          menu.o
    0x200003f8        -       0x00000014   Zero   RW          897    .bss.f6d_10         menu.o
    0x2000040c        -       0x00000014   Zero   RW          894    .bss.f7_multiTare   menu.o
    0x20000420        -       0x00000014   Zero   RW          914    .bss.f7_save        menu.o
    0x20000434        -       0x00000014   Zero   RW          898    .bss.f7a_on         menu.o
    0x20000448        -       0x00000014   Zero   RW          900    .bss.f7b_off        menu.o
    0x2000045c        -       0x00000014   Zero   RW          899    .bss.f8             menu.o
    0x20000470        -       0x00000014   Zero   RW          915    .bss.f9_gravity     menu.o
    0x20000484        -       0x00000014   Zero   RW          916    .bss.f9a            menu.o
    0x20000498        -       0x00000004   Zero   RW           96    .bss.g_CLK_i32ErrCode  clk.o
    0x2000049c        -       0x0000001c   Zero   RW          675    .bss.m_Param        app.o
    0x200004b8        -       0x00000004   Zero   RW          667    .bss.p_CurrentFont  app.o
    0x200004bc        -       0x00000004   Zero   RW          664    .bss.p_KeypadObj    app.o
    0x200004c0        -       0x00000004   Zero   RW          659    .bss.p_LcdObj_S1    app.o
    0x200004c4        -       0x00000004   Zero   RW          661    .bss.p_LcdObj_S2    app.o
    0x200004c8        -       0x00000004   Zero   RW          663    .bss.p_LcdObj_S3    app.o
    0x200004cc        -       0x00000004   Zero   RW          666    .bss.p_MenuObj      app.o
    0x200004d0        -       0x00000004   Zero   RW          665    .bss.p_ScaleObj     app.o
    0x200004d4        -       0x00000014   Zero   RW          866    .bss.root           menu.o
    0x200004e8        -       0x00000004   Zero   RW          933    .bss.s_u32TickCnt   millis.o
    0x200004ec   0x000070d8   0x00000004   PAD
    0x200004f0        -       0x00000000   Zero   RW           19    HEAP                startup_m251.o
    0x200004f0        -       0x00000800   Zero   RW           18    STACK               startup_m251.o


==============================================================================

Image component sizes


      Code (inc. data)   RO Data    RW Data    ZI Data      Debug   Object Name

      5934        476        715          8        173      11792   app.o
       900         68         76          0          4      10345   clk.o
       208         32          0          0          0       1366   clk_conf.o
      1800         60          0          0          0       6877   costumlcd.o
        16          4          0          0          0       6558   fmc.o
        96          4          0          0          0      13910   i2c.o
       458         56        151          0          0       2916   int_handler.o
       668         80          0         20          4       2828   keypad.o
       128         16         59          0          0       2403   main.o
      5878       1128        274          0        927      10266   menu.o
        44          8          0          0          4        796   millis.o
       842        196          0          0          0       8021   periph_conf.o
       100         48          0          0          0       1976   pin_conf.o
       282         24         15          4         84       3179   retarget.o
      1810        140          0          0          8       9565   sparkfun_nau7802.o
       646         28          0          0          0      10501   spi.o
       132         36        320          0       2048        816   startup_m251.o
       164         44         32         12          0       4060   system_m251.o
       302          8         32          0          0       5222   timer.o
       424         40         24          0          0       5890   uart.o
        52          8          0          0          0        875   wdt.o

    ----------------------------------------------------------------------
     20904       2504       1732         44       3256     120162   Object Totals
         0          0         32          0          0          0   (incl. Generated)
        20          0          2          0          4          0   (incl. Padding)

    ----------------------------------------------------------------------

      Code (inc. data)   RO Data    RW Data    ZI Data      Debug   Library Member Name

        44          0          0          0          0         76   atof.o
        68          0          0          0          0         76   _sgetc.o
        36          4         64          0          0         60   ctype_c.o
         0          0          0          0          0          0   entry.o
         0          0          0          0          0          0   entry10a.o
         0          0          0          0          0          0   entry11a.o
         8          4          0          0          0          0   entry2.o
         4          0          0          0          0          0   entry5.o
         0          0          0          0          0          0   entry7b.o
         0          0          0          0          0          0   entry8b.o
         8          4          0          0          0          0   entry9a.o
        24         12          0          4          0        120   errno.o
        30          0          0          0          0          0   handlers.o
        36          8          0          0          0         68   init.o
        14          0          0          0          0         68   isspace_c.o
         0          0          0          0          0          0   iusefp.o
        48          0          0          0          0         72   llmul.o
        32          0          0          0          0         68   llshl.o
        38          0          0          0          0         68   llsshr.o
        34          0          0          0          0         68   llushr.o
       108         16          0          0          0         76   malloc.o
        36          0          0          0          0        100   memseta.o
         0          0          0          8          0          0   mvars.o
      2302        102          0          0          0        556   printfa.o
       898         14          0          0          0        184   scanf_fp.o
        40          0          0          0          0         68   strncat.o
       180         18          0          0          0        120   strtod.o
        62          0          0          0          0         72   uidiv_div0.o
        96          0          0          0          0         84   uldiv.o
        40          2          0          0          0         68   cdrcmple.o
        56          0          0          0          0         68   d2f.o
       356          4          0          0          0        140   dadd.o
       240          6          0          0          0         84   ddiv.o
       236          0          0          0          0        216   depilogue.o
        64         10          0          0          0         68   dfixul.o
        40          6          0          0          0         68   dflti.o
        28          6          0          0          0         68   dfltul.o
       208          6          0          0          0         88   dmul.o
        40          0          0          0          0         60   f2d.o
       178          0          0          0          0        108   fadd.o
        28          0          0          0          0         60   fcmple.o
       124          0          0          0          0         72   fdiv.o
       130          0          0          0          0        144   fepilogue.o
        50          0          0          0          0         60   ffixi.o
        22          0          0          0          0         68   fflti.o
        14          0          0          0          0         68   ffltui.o
       122          0          0          0          0         72   fmul.o

    ----------------------------------------------------------------------
      6132        222         64         12          0       3584   Library Totals
        10          0          0          0          0          0   (incl. Padding)

    ----------------------------------------------------------------------

      Code (inc. data)   RO Data    RW Data    ZI Data      Debug   Library Name

        44          0          0          0          0         76   m_ps.l
      4102        182         64         12          0       1928   mc_p.l
      1976         40          0          0          0       1580   mf_p.l

    ----------------------------------------------------------------------
      6132        222         64         12          0       3584   Library Totals

    ----------------------------------------------------------------------

==============================================================================


      Code (inc. data)   RO Data    RW Data    ZI Data      Debug   

     27036       2726       1796         56       3256     121706   Grand Totals
     27036       2726       1796         56       3256     121706   ELF Image Totals
     27036       2726       1796         56          0          0   ROM Totals

==============================================================================

    Total RO  Size (Code + RO Data)                28832 (  28.16kB)
    Total RW  Size (RW Data + ZI Data)              3312 (   3.23kB)
    Total ROM Size (Code + RO Data + RW Data)      28888 (  28.21kB)

==============================================================================

