Component: Arm Compiler for Embedded 6.18 Tool: armlink [5e4cc100]

==============================================================================

Small function inlining results

Inlined function __aeabi_idiv0 from idiv0.o at offset 0x160 in aeabi_sdiv.o(.text).
Inlined Instruction: BX       lr
Inlined function __aeabi_idiv0 from idiv0.o at offset 0xc in aeabi_sdiv_div0.o(.text).
Inlined Instruction: BX       lr
Inlined function __aeabi_idiv0 from idiv0.o at offset 0x176 in aeabi_sdiv_div0.o(.text).
Inlined Instruction: BX       lr
Inlined function __aeabi_idiv0 from idiv0.o at offset 0x18 in uidiv_div0.o(.text).
Inlined Instruction: BX       lr
Inlined function __aeabi_idiv0 from idiv0.o at offset 0x42 in idiv_div0.o(.text).
Inlined Instruction: BX       lr
Inlined total of 5 calls.

==============================================================================

Section Cross References

    system_m251.o(.text.SystemCoreClockUpdate) refers to clk.o(.text.CLK_GetPLLClockFreq) for CLK_GetPLLClockFreq
    system_m251.o(.text.SystemCoreClockUpdate) refers to system_m251.o(.data.PllClock) for PllClock
    system_m251.o(.text.SystemCoreClockUpdate) refers to system_m251.o(.rodata.gau32ClkSrcTbl) for gau32ClkSrcTbl
    system_m251.o(.text.SystemCoreClockUpdate) refers to system_m251.o(.data.SystemCoreClock) for SystemCoreClock
    system_m251.o(.text.SystemCoreClockUpdate) refers to system_m251.o(.data.CyclesPerUs) for CyclesPerUs
    system_m251.o(.ARM.exidx.text.SystemCoreClockUpdate) refers to system_m251.o(.text.SystemCoreClockUpdate) for [Anonymous Symbol]
    system_m251.o(.text.SystemInit) refers to startup_m251.o(RESET) for __Vectors
    system_m251.o(.ARM.exidx.text.SystemInit) refers to system_m251.o(.text.SystemInit) for [Anonymous Symbol]
    system_m251.o(.ARM.exidx.text.Uart0DefaultMPF) refers to system_m251.o(.text.Uart0DefaultMPF) for [Anonymous Symbol]
    startup_m251.o(RESET) refers to startup_m251.o(STACK) for __initial_sp
    startup_m251.o(RESET) refers to startup_m251.o(.text) for Reset_Handler
    startup_m251.o(RESET) refers to retarget.o(.text.SendChar_ToUART) for SendChar_ToUART
    startup_m251.o(RESET) refers to retarget.o(.text.GetChar) for GetChar
    startup_m251.o(RESET) refers to int_handler.o(.text.WDT_IRQHandler) for WDT_IRQHandler
    startup_m251.o(RESET) refers to int_handler.o(.text.EINT0_IRQHandler) for EINT0_IRQHandler
    startup_m251.o(RESET) refers to int_handler.o(.text.EINT1_IRQHandler) for EINT1_IRQHandler
    startup_m251.o(RESET) refers to int_handler.o(.text.EINT3_IRQHandler) for EINT3_IRQHandler
    startup_m251.o(RESET) refers to int_handler.o(.text.GPB_IRQHandler) for GPB_IRQHandler
    startup_m251.o(RESET) refers to int_handler.o(.text.GPC_IRQHandler) for GPC_IRQHandler
    startup_m251.o(RESET) refers to int_handler.o(.text.GPD_IRQHandler) for GPD_IRQHandler
    startup_m251.o(RESET) refers to int_handler.o(.text.TMR0_IRQHandler) for TMR0_IRQHandler
    startup_m251.o(RESET) refers to int_handler.o(.text.TMR1_IRQHandler) for TMR1_IRQHandler
    startup_m251.o(.text) refers to system_m251.o(.text.SystemInit) for SystemInit
    startup_m251.o(.text) refers to entry.o(.ARM.Collect$$$$00000000) for __main
    startup_m251.o(.text) refers to retarget.o(.text.ProcessHardFault) for ProcessHardFault
    startup_m251.o(.text) refers to retarget.o(.text.SH_Return) for SH_Return
    clk.o(.ARM.exidx.text.CLK_DisableCKO) refers to clk.o(.text.CLK_DisableCKO) for [Anonymous Symbol]
    clk.o(.ARM.exidx.text.CLK_EnableCKO) refers to clk.o(.text.CLK_EnableCKO) for [Anonymous Symbol]
    clk.o(.ARM.exidx.text.CLK_PowerDown) refers to clk.o(.text.CLK_PowerDown) for [Anonymous Symbol]
    clk.o(.ARM.exidx.text.CLK_Idle) refers to clk.o(.text.CLK_Idle) for [Anonymous Symbol]
    clk.o(.ARM.exidx.text.CLK_GetHXTFreq) refers to clk.o(.text.CLK_GetHXTFreq) for [Anonymous Symbol]
    clk.o(.ARM.exidx.text.CLK_GetLXTFreq) refers to clk.o(.text.CLK_GetLXTFreq) for [Anonymous Symbol]
    clk.o(.text.CLK_GetPCLK0Freq) refers to system_m251.o(.text.SystemCoreClockUpdate) for SystemCoreClockUpdate
    clk.o(.text.CLK_GetPCLK0Freq) refers to system_m251.o(.data.SystemCoreClock) for SystemCoreClock
    clk.o(.ARM.exidx.text.CLK_GetPCLK0Freq) refers to clk.o(.text.CLK_GetPCLK0Freq) for [Anonymous Symbol]
    clk.o(.text.CLK_GetPCLK1Freq) refers to system_m251.o(.text.SystemCoreClockUpdate) for SystemCoreClockUpdate
    clk.o(.text.CLK_GetPCLK1Freq) refers to system_m251.o(.data.SystemCoreClock) for SystemCoreClock
    clk.o(.ARM.exidx.text.CLK_GetPCLK1Freq) refers to clk.o(.text.CLK_GetPCLK1Freq) for [Anonymous Symbol]
    clk.o(.text.CLK_GetHCLKFreq) refers to system_m251.o(.text.SystemCoreClockUpdate) for SystemCoreClockUpdate
    clk.o(.text.CLK_GetHCLKFreq) refers to system_m251.o(.data.SystemCoreClock) for SystemCoreClock
    clk.o(.ARM.exidx.text.CLK_GetHCLKFreq) refers to clk.o(.text.CLK_GetHCLKFreq) for [Anonymous Symbol]
[...]
    i._printf_core                           0x000071f8   Section        0  printfa.o(i._printf_core)
    _printf_post_padding                     0x000078e5   Thumb Code    32  printfa.o(i._printf_post_padding)
    i._printf_post_padding                   0x000078e4   Section        0  printfa.o(i._printf_post_padding)
    _printf_pre_padding                      0x00007905   Thumb Code    44  printfa.o(i._printf_pre_padding)
    i._printf_pre_padding                    0x00007904   Section        0  printfa.o(i._printf_pre_padding)
    _sputc                                   0x00007931   Thumb Code    10  printfa.o(i._sputc)
    i._sputc                                 0x00007930   Section        0  printfa.o(i._sputc)
    i.atof                                   0x0000793a   Section        0  atof.o(i.atof)
    i.malloc                                 0x00007968   Section        0  malloc.o(i.malloc)
    .constdata                               0x000079d4   Section       64  ctype_c.o(.constdata)
    [Anonymous Symbol]                       0x00007a14   Section        0  clk.o(.rodata..L__const.CLK_EnableModuleClock.au32ClkTbl)
    [Anonymous Symbol]                       0x00007a20   Section        0  uart.o(.rodata..L__const.UART_Open.au32ClkTbl)
    [Anonymous Symbol]                       0x00007a38   Section        0  clk.o(.rodata.cst16)
    [Anonymous Symbol]                       0x00007a78   Section        0  timer.o(.rodata.cst32)
    fontArray                                0x00007a98   Data         576  app.o(.rodata.fontArray)
    [Anonymous Symbol]                       0x00007a98   Section        0  app.o(.rodata.fontArray)
    [Anonymous Symbol]                       0x00007cf8   Section        0  retarget.o(.rodata.str1.1)
    [Anonymous Symbol]                       0x00007d07   Section        0  main.o(.rodata.str1.1)
    [Anonymous Symbol]                       0x00007d42   Section        0  int_handler.o(.rodata.str1.1)
    [Anonymous Symbol]                       0x00007dd9   Section        0  app.o(.rodata.str1.1)
    [Anonymous Symbol]                       0x00007e64   Section        0  menu.o(.rodata.str1.1)
    .data                                    0x20000000   Section        4  mvars.o(.data)
    .data                                    0x20000004   Section        4  mvars.o(.data)
    _errno                                   0x20000008   Data           4  errno.o(.data)
    .data                                    0x20000008   Section        4  errno.o(.data)
    g_ICE_Conneced                           0x20000020   Data           4  retarget.o(.data.g_ICE_Conneced)
    [Anonymous Symbol]                       0x20000020   Section        0  retarget.o(.data.g_ICE_Conneced)
    customValueInput._id                     0x20000103   Data           1  app.o(.bss.customValueInput._id)
    [Anonymous Symbol]                       0x20000103   Section        0  app.o(.bss.customValueInput._id)
    customValueInput.pointCounter            0x20000104   Data           1  app.o(.bss.customValueInput.pointCounter)
    [Anonymous Symbol]                       0x20000104   Section        0  app.o(.bss.customValueInput.pointCounter)
    customValueInput.tempArray               0x20000105   Data           7  app.o(.bss.customValueInput.tempArray)
    [Anonymous Symbol]                       0x20000105   Section        0  app.o(.bss.customValueInput.tempArray)
    customValueInputFix._id                  0x2000010c   Data           1  app.o(.bss.customValueInputFix._id)
    [Anonymous Symbol]                       0x2000010c   Section        0  app.o(.bss.customValueInputFix._id)
    customValueInputFix.tempArray            0x2000010d   Data           7  app.o(.bss.customValueInputFix.tempArray)
    [Anonymous Symbol]                       0x2000010d   Section        0  app.o(.bss.customValueInputFix.tempArray)
    customValueInputFix.total                0x20000114   Data           4  app.o(.bss.customValueInputFix.total)
    [Anonymous Symbol]                       0x20000114   Section        0  app.o(.bss.customValueInputFix.total)
    HEAP                                     0x20000540   Section        0  startup_m251.o(HEAP)
    STACK                                    0x20000540   Section     2048  startup_m251.o(STACK)

    Global Symbols

    Symbol Name                              Value     Ov Type        Size  Object(Section)

    BuildAttributes$$THM_ISAv3M$S$8M$PE$A:L22$X:L11$S22$IEEE1$IW$~IW$USESV6$~STKCKD$USESV7$~SHL$OTIME$ROPI$IEEEJ$EBA8$MICROLIB$REQ8$PRES8$EABIv2 0x00000000   Number         0  anon$$obj.o ABSOLUTE
    __Vectors                                0x00000000   Data           4  startup_m251.o(RESET)
    __cpp_initialize__aeabi_                  - Undefined Weak Reference
    __cxa_finalize                            - Undefined Weak Reference
    __decompress                              - Undefined Weak Reference
    _clock_init                               - Undefined Weak Reference
    _microlib_exit                            - Undefined Weak Reference
    __Vectors_End                            0x00000140   Data           0  startup_m251.o(RESET)
    __Vectors_Size                           0x00000140   Number         0  startup_m251.o ABSOLUTE
    __main                                   0x00000141   Thumb Code     0  entry.o(.ARM.Collect$$$$00000000)
    _main_stk                                0x00000141   Thumb Code     0  entry2.o(.ARM.Collect$$$$00000001)
    _main_scatterload                        0x00000145   Thumb Code     0  entry5.o(.ARM.Collect$$$$00000004)
    __main_after_scatterload                 0x00000149   Thumb Code     0  entry5.o(.ARM.Collect$$$$00000004)
    _main_clock                              0x00000149   Thumb Code     0  entry7b.o(.ARM.Collect$$$$00000008)
    _main_cpp_init                           0x00000149   Thumb Code     0  entry8b.o(.ARM.Collect$$$$0000000A)
    _main_init                               0x00000149   Thumb Code     0  entry9a.o(.ARM.Collect$$$$0000000B)
    __rt_final_cpp                           0x00000151   Thumb Code     0  entry10a.o(.ARM.Collect$$$$0000000D)
    __rt_final_exit                          0x00000151   Thumb Code     0  entry11a.o(.ARM.Collect$$$$0000000F)
    Reset_Handler                            0x00000155   Thumb Code    56  startup_m251.o(.text)
    NMI_Handler                              0x0000018d   Thumb Code     2  startup_m251.o(.text)
    HardFault_Handler                        0x0000018f   Thumb Code    16  startup_m251.o(.text)
    SVC_Handler                              0x0000019f   Thumb Code     2  startup_m251.o(.text)
    PendSV_Handler                           0x000001a1   Thumb Code     2  startup_m251.o(.text)
    SysTick_Handler                          0x000001a3   Thumb Code     2  startup_m251.o(.text)
    ACMP01_IRQHandler                        0x000001a5   Thumb Code     0  startup_m251.o(.text)
    BOD_IRQHandler                           0x000001a5   Thumb Code     0  startup_m251.o(.text)
    BPWM0_IRQHandler                         0x000001a5   Thumb Code     0  startup_m251.o(.text)
    BPWM1_IRQHandler                         0x000001a5   Thumb Code     0  startup_m251.o(.text)
    BRAKE0_IRQHandler                        0x000001a5   Thumb Code     0  startup_m251.o(.text)
    BRAKE1_IRQHandler                        0x000001a5   Thumb Code     0  startup_m251.o(.text)
    CLKFAIL_IRQHandler                       0x000001a5   Thumb Code     0  startup_m251.o(.text)
    CRPT_IRQHandler                          0x000001a5   Thumb Code     0  startup_m251.o(.text)
    DAC_IRQHandler                           0x000001a5   Thumb Code     0  startup_m251.o(.text)
    DEFAULT_IRQHandler                       0x000001a5   Thumb Code     0  startup_m251.o(.text)
    EADC_INT0_IRQHandler                     0x000001a5   Thumb Code     0  startup_m251.o(.text)
    EADC_INT1_IRQHandler                     0x000001a5   Thumb Code     0  startup_m251.o(.text)
    EADC_INT2_IRQHandler                     0x000001a5   Thumb Code     0  startup_m251.o(.text)
    EADC_INT3_IRQHandler                     0x000001a5   Thumb Code     0  startup_m251.o(.text)
    EINT2_IRQHandler                         0x000001a5   Thumb Code     0  startup_m251.o(.text)
    EINT4_IRQHandler                         0x000001a5   Thumb Code     0  startup_m251.o(.text)
    EINT5_IRQHandler                         0x000001a5   Thumb Code     0  startup_m251.o(.text)
    GPA_IRQHandler                           0x000001a5   Thumb Code     0  startup_m251.o(.text)
    GPE_IRQHandler                           0x000001a5   Thumb Code     0  startup_m251.o(.text)
    GPF_IRQHandler                           0x000001a5   Thumb Code     0  startup_m251.o(.text)
    I2C0_IRQHandler                          0x000001a5   Thumb Code     0  startup_m251.o(.text)
    I2C1_IRQHandler                          0x000001a5   Thumb Code     0  startup_m251.o(.text)
    IRCTRIM_IRQHandler                       0x000001a5   Thumb Code     0  startup_m251.o(.text)
    LCD_IRQHandler                           0x000001a5   Thumb Code     0  startup_m251.o(.text)
    OPA_IRQHandler                           0x000001a5   Thumb Code     0  startup_m251.o(.text)
    PDMA_IRQHandler                          0x000001a5   Thumb Code     0  startup_m251.o(.text)
    PSIO_IRQHandler                          0x000001a5   Thumb Code     0  startup_m251.o(.text)
    PWM0_P0_IRQHandler                       0x000001a5   Thumb Code     0  startup_m251.o(.text)
    PWM0_P1_IRQHandler                       0x000001a5   Thumb Code     0  startup_m251.o(.text)
    PWM0_P2_IRQHandler                       0x000001a5   Thumb Code     0  startup_m251.o(.text)
    PWM1_P0_IRQHandler                       0x000001a5   Thumb Code     0  startup_m251.o(.text)
    PWM1_P1_IRQHandler                       0x000001a5   Thumb Code     0  startup_m251.o(.text)
    PWM1_P2_IRQHandler                       0x000001a5   Thumb Code     0  startup_m251.o(.text)
    PWRWU_IRQHandler                         0x000001a5   Thumb Code     0  startup_m251.o(.text)
    QSPI0_IRQHandler                         0x000001a5   Thumb Code     0  startup_m251.o(.text)
    RTC_IRQHandler                           0x000001a5   Thumb Code     0  startup_m251.o(.text)
    SC0_IRQHandler                           0x000001a5   Thumb Code     0  startup_m251.o(.text)
    SPI0_IRQHandler                          0x000001a5   Thumb Code     0  startup_m251.o(.text)
    SPI1_IRQHandler                          0x000001a5   Thumb Code     0  startup_m251.o(.text)
    TAMPER_IRQHandler                        0x000001a5   Thumb Code     0  startup_m251.o(.text)
    TK_IRQHandler                            0x000001a5   Thumb Code     0  startup_m251.o(.text)
    TMR2_IRQHandler                          0x000001a5   Thumb Code     0  startup_m251.o(.text)
    TMR3_IRQHandler                          0x000001a5   Thumb Code     0  startup_m251.o(.text)
    UART0_IRQHandler                         0x000001a5   Thumb Code     0  startup_m251.o(.text)
    UART1_IRQHandler                         0x000001a5   Thumb Code     0  startup_m251.o(.text)
    UART2_IRQHandler                         0x000001a5   Thumb Code     0  startup_m251.o(.text)
    UART3_IRQHandler                         0x000001a5   Thumb Code     0  startup_m251.o(.text)
    USBD_IRQHandler                          0x000001a5   Thumb Code     0  startup_m251.o(.text)
    USCI0_IRQHandler                         0x000001a5   Thumb Code     0  startup_m251.o(.text)
    USCI1_IRQHandler                         0x000001a5   Thumb Code     0  startup_m251.o(.text)
    USCI2_IRQHandler                         0x000001a5   Thumb Code     0  startup_m251.o(.text)
    WWDT_IRQHandler                          0x000001a5   Thumb Code     0  startup_m251.o(.text)
    SH_DoCommand                             0x000001a9   Thumb Code    10  startup_m251.o(.text)
    __PC                                     0x000001b3   Thumb Code     6  startup_m251.o(.text)
    __aeabi_uldivmod                         0x000001d9   Thumb Code    96  uldiv.o(.text)
    __aeabi_memset                           0x00000239   Thumb Code    14  memseta.o(.text)
    __aeabi_memset4                          0x00000239   Thumb Code     0  memseta.o(.text)
    __aeabi_memset8                          0x00000239   Thumb Code     0  memseta.o(.text)
    __aeabi_memclr                           0x00000247   Thumb Code     4  memseta.o(.text)
    __aeabi_memclr4                          0x00000247   Thumb Code     0  memseta.o(.text)
    __aeabi_memclr8                          0x00000247   Thumb Code     0  memseta.o(.text)
    _memset$wrapper                          0x0000024b   Thumb Code    18  memseta.o(.text)
    strncat                                  0x0000025d   Thumb Code    40  strncat.o(.text)
    __aeabi_fadd                             0x00000285   Thumb Code   162  fadd.o(.text)
    __aeabi_fsub                             0x00000327   Thumb Code     8  fadd.o(.text)
    __aeabi_frsub                            0x0000032f   Thumb Code     8  fadd.o(.text)
    __aeabi_fmul                             0x00000337   Thumb Code   122  fmul.o(.text)
    __aeabi_fdiv                             0x000003b1   Thumb Code   124  fdiv.o(.text)
    __aeabi_dmul                             0x0000042d   Thumb Code   202  dmul.o(.text)
    __aeabi_fcmple                           0x000004fd   Thumb Code    28  fcmple.o(.text)
    __aeabi_dcmple                           0x00000519   Thumb Code    44  dcmple.o(.text)
    __aeabi_i2f                              0x00000545   Thumb Code    22  fflti.o(.text)
    __aeabi_ui2f                             0x0000055b   Thumb Code    14  ffltui.o(.text)
    __aeabi_ul2f                             0x00000569   Thumb Code    28  ffltul.o(.text)
    __aeabi_i2d                              0x00000585   Thumb Code    34  dflti.o(.text)
    __aeabi_ul2d                             0x000005ad   Thumb Code    22  dfltul.o(.text)
    __aeabi_f2iz                             0x000005c9   Thumb Code    50  ffixi.o(.text)
    __aeabi_f2uiz                            0x000005fb   Thumb Code    40  ffixui.o(.text)
    __aeabi_f2ulz                            0x00000623   Thumb Code    48  ffixul.o(.text)
    __aeabi_d2lz                             0x00000655   Thumb Code    72  dfixl.o(.text)
    __aeabi_f2d                              0x000006a5   Thumb Code    40  f2d.o(.text)
    __aeabi_d2f                              0x000006cd   Thumb Code    56  d2f.o(.text)
    __aeabi_llsl                             0x00000705   Thumb Code    32  llshl.o(.text)
    _ll_shift_l                              0x00000705   Thumb Code     0  llshl.o(.text)
    __aeabi_llsr                             0x00000725   Thumb Code    34  llushr.o(.text)
    _ll_ushift_r                             0x00000725   Thumb Code     0  llushr.o(.text)
    __strtod_int                             0x00000789   Thumb Code    98  strtod.o(.text)
    __I$use$fp                               0x000007fd   Thumb Code     0  iusefp.o(.text)
    _float_round                             0x000007fd   Thumb Code    16  fepilogue.o(.text)
    _float_epilogue                          0x0000080d   Thumb Code   114  fepilogue.o(.text)
    _double_round                            0x0000087f   Thumb Code    26  depilogue.o(.text)
    _double_epilogue                         0x00000899   Thumb Code   164  depilogue.o(.text)
    __aeabi_dadd                             0x0000093d   Thumb Code   328  dadd.o(.text)
    __aeabi_dsub                             0x00000a85   Thumb Code    12  dadd.o(.text)
    __aeabi_drsub                            0x00000a91   Thumb Code    12  dadd.o(.text)
    __aeabi_ddiv                             0x00000aa1   Thumb Code   234  ddiv.o(.text)
    __aeabi_d2ulz                            0x00000b91   Thumb Code    54  dfixul.o(.text)
    __aeabi_cdrcmple                         0x00000bd1   Thumb Code    38  cdrcmple.o(.text)
    __scatterload                            0x00000bf9   Thumb Code    28  init.o(.text)
    __scatterload_rt2                        0x00000bf9   Thumb Code     0  init.o(.text)
    __aeabi_uidiv$div0                       0x00000c1d   Thumb Code     0  uidiv_div0.o(.text)
    __aeabi_uidivmod                         0x00000c1d   Thumb Code    62  uidiv_div0.o(.text)
    __aeabi_lasr                             0x00000c5b   Thumb Code    38  llsshr.o(.text)
    _ll_sshift_r                             0x00000c5b   Thumb Code     0  llsshr.o(.text)
    isspace                                  0x00000c81   Thumb Code    14  isspace_c.o(.text)
    _scanf_real                              0x00000daf   Thumb Code     0  scanf_fp.o(.text)
    _scanf_really_real                       0x00000daf   Thumb Code   584  scanf_fp.o(.text)
    _sgetc                                   0x00001005   Thumb Code    32  _sgetc.o(.text)
    _sbackspace                              0x00001025   Thumb Code    36  _sgetc.o(.text)
    __aeabi_lmul                             0x00001049   Thumb Code    48  llmul.o(.text)
    _ll_mul                                  0x00001049   Thumb Code     0  llmul.o(.text)
    __ctype_lookup                           0x00001079   Thumb Code    32  ctype_c.o(.text)
    APP_All_Point_High                       0x000016a1   Thumb Code   104  app.o(.text.APP_All_Point_High)
    APP_GetMeasure                           0x00001709   Thumb Code    72  app.o(.text.APP_GetMeasure)
    APP_Handle                               0x00001751   Thumb Code   156  app.o(.text.APP_Handle)
    APP_Init                                 0x000017ed   Thumb Code   272  app.o(.text.APP_Init)
    APP_SettingsHandle                       0x0000194d   Thumb Code   188  app.o(.text.APP_SettingsHandle)
    APP_ShowTotal                            0x00001a11   Thumb Code   372  app.o(.text.APP_ShowTotal)
    APP_Show_Weight                          0x00001ba5   Thumb Code   504  app.o(.text.APP_Show_Weight)
    APP_StartScreen                          0x00001df5   Thumb Code  1548  app.o(.text.APP_StartScreen)
    CLK_EnableModuleClock                    0x0000243d   Thumb Code    52  clk.o(.text.CLK_EnableModuleClock)
    CLK_EnableXtalRC                         0x00002479   Thumb Code    20  clk.o(.text.CLK_EnableXtalRC)
    CLK_GetHCLKFreq                          0x0000248d   Thumb Code    12  clk.o(.text.CLK_GetHCLKFreq)
    CLK_GetPCLK0Freq                         0x00002499   Thumb Code   128  clk.o(.text.CLK_GetPCLK0Freq)
    CLK_GetPCLK1Freq                         0x00002519   Thumb Code   132  clk.o(.text.CLK_GetPCLK1Freq)
    CLK_GetPLLClockFreq                      0x000025a5   Thumb Code   160  clk.o(.text.CLK_GetPLLClockFreq)
    CLK_SetHCLK                              0x00002659   Thumb Code    92  clk.o(.text.CLK_SetHCLK)
    CLK_SetModuleClock                       0x000026b9   Thumb Code   160  clk.o(.text.CLK_SetModuleClock)
    CLK_WaitClockReady                       0x00002851   Thumb Code    76  clk.o(.text.CLK_WaitClockReady)
    Clock_Init                               0x000028a9   Thumb Code   176  clk_conf.o(.text.Clock_Init)
    EINT0_IRQHandler                         0x000029a9   Thumb Code    32  int_handler.o(.text.EINT0_IRQHandler)
    EINT1_IRQHandler                         0x000029cd   Thumb Code    32  int_handler.o(.text.EINT1_IRQHandler)
    EINT3_IRQHandler                         0x000029f1   Thumb Code    32  int_handler.o(.text.EINT3_IRQHandler)
    FMC_Close                                0x00002a61   Thumb Code    12  fmc.o(.text.FMC_Close)
    FMC_Erase                                0x00002a6d   Thumb Code   156  fmc.o(.text.FMC_Erase)
    FMC_Init                                 0x00002b09   Thumb Code    20  periph_conf.o(.text.FMC_Init)
    FMC_Open                                 0x00002b1d   Thumb Code    12  fmc.o(.text.FMC_Open)
    FMC_Read                                 0x00002b2d   Thumb Code   120  fmc.o(.text.FMC_Read)
    FMC_Write                                0x00002ba9   Thumb Code   136  fmc.o(.text.FMC_Write)
    GPB_IRQHandler                           0x00002c4d   Thumb Code    44  int_handler.o(.text.GPB_IRQHandler)
    GPC_IRQHandler                           0x00002c81   Thumb Code    44  int_handler.o(.text.GPC_IRQHandler)
    GPD_IRQHandler                           0x00002cb5   Thumb Code    44  int_handler.o(.text.GPD_IRQHandler)
    GPIO_Init                                0x00002ced   Thumb Code   288  periph_conf.o(.text.GPIO_Init)
    GetChar                                  0x00002eb5   Thumb Code    24  retarget.o(.text.GetChar)
    I2C1_Init                                0x00002ed5   Thumb Code    12  periph_conf.o(.text.I2C1_Init)
    I2C_Open                                 0x00002ee5   Thumb Code    92  i2c.o(.text.I2C_Open)
    I2C_ReadByteOneReg                       0x00002f45   Thumb Code   672  i2c.o(.text.I2C_ReadByteOneReg)
    I2C_WriteByteOneReg                      0x000031ed   Thumb Code   504  i2c.o(.text.I2C_WriteByteOneReg)
    InitFactorySetting                       0x00003409   Thumb Code    72  eeproom.o(.text.InitFactorySetting)
    NAU7802_available                        0x000039d9   Thumb Code    12  sparkfun_nau7802.o(.text.NAU7802_available)
    NAU7802_begin                            0x000039e5   Thumb Code   188  sparkfun_nau7802.o(.text.NAU7802_begin)
    NAU7802_beginCalibrateAFE                0x00003aa1   Thumb Code    12  sparkfun_nau7802.o(.text.NAU7802_beginCalibrateAFE)
    NAU7802_calAFEStatus                     0x00003aad   Thumb Code    60  sparkfun_nau7802.o(.text.NAU7802_calAFEStatus)
    NAU7802_calculateCalibrationFactor       0x00003ae9   Thumb Code    48  sparkfun_nau7802.o(.text.NAU7802_calculateCalibrationFactor)
    NAU7802_calculateZeroOffset              0x00003b19   Thumb Code    24  sparkfun_nau7802.o(.text.NAU7802_calculateZeroOffset)
    NAU7802_calibrateAFE                     0x00003b31   Thumb Code    16  sparkfun_nau7802.o(.text.NAU7802_calibrateAFE)
    NAU7802_clearBit                         0x00003b41   Thumb Code    56  sparkfun_nau7802.o(.text.NAU7802_clearBit)
    NAU7802_getAverage                       0x00003b79   Thumb Code   136  sparkfun_nau7802.o(.text.NAU7802_getAverage)
    NAU7802_getBit                           0x00003c05   Thumb Code    50  sparkfun_nau7802.o(.text.NAU7802_getBit)
    NAU7802_getCalibrationFactor             0x00003c39   Thumb Code     8  sparkfun_nau7802.o(.text.NAU7802_getCalibrationFactor)
    NAU7802_getReading                       0x00003c41   Thumb Code    80  sparkfun_nau7802.o(.text.NAU7802_getReading)
    NAU7802_getRegister                      0x00003c91   Thumb Code    24  sparkfun_nau7802.o(.text.NAU7802_getRegister)
    NAU7802_getRevisionCode                  0x00003ca9   Thumb Code    26  sparkfun_nau7802.o(.text.NAU7802_getRevisionCode)
    NAU7802_getWeight                        0x00003cc5   Thumb Code    84  sparkfun_nau7802.o(.text.NAU7802_getWeight)
    NAU7802_getZeroOffset                    0x00003d19   Thumb Code     8  sparkfun_nau7802.o(.text.NAU7802_getZeroOffset)
    NAU7802_isConnected                      0x00003d25   Thumb Code     4  sparkfun_nau7802.o(.text.NAU7802_isConnected)
    NAU7802_powerDown                        0x00003d29   Thumb Code    26  sparkfun_nau7802.o(.text.NAU7802_powerDown)
    NAU7802_powerUp                          0x00003d43   Thumb Code    92  sparkfun_nau7802.o(.text.NAU7802_powerUp)
    NAU7802_reset                            0x00003d9f   Thumb Code    34  sparkfun_nau7802.o(.text.NAU7802_reset)
    NAU7802_setBit                           0x00003dc1   Thumb Code    56  sparkfun_nau7802.o(.text.NAU7802_setBit)
    NAU7802_setCalibrationFactor             0x00003df9   Thumb Code    16  sparkfun_nau7802.o(.text.NAU7802_setCalibrationFactor)
    NAU7802_setChannel                       0x00003e0d   Thumb Code    52  sparkfun_nau7802.o(.text.NAU7802_setChannel)
    NAU7802_setGain                          0x00003e41   Thumb Code    68  sparkfun_nau7802.o(.text.NAU7802_setGain)
    NAU7802_setIntPolarityHigh               0x00003e85   Thumb Code    12  sparkfun_nau7802.o(.text.NAU7802_setIntPolarityHigh)
    NAU7802_setIntPolarityLow                0x00003e91   Thumb Code    12  sparkfun_nau7802.o(.text.NAU7802_setIntPolarityLow)
    NAU7802_setLDO                           0x00003e9d   Thumb Code    78  sparkfun_nau7802.o(.text.NAU7802_setLDO)
    NAU7802_setRegister                      0x00003eed   Thumb Code    32  sparkfun_nau7802.o(.text.NAU7802_setRegister)
    NAU7802_setSampleRate                    0x00003f11   Thumb Code    70  sparkfun_nau7802.o(.text.NAU7802_setSampleRate)
    NAU7802_setZeroOffset                    0x00003f59   Thumb Code    16  sparkfun_nau7802.o(.text.NAU7802_setZeroOffset)
    NAU7802_waitForCalibrateAFE              0x00003f6d   Thumb Code   102  sparkfun_nau7802.o(.text.NAU7802_waitForCalibrateAFE)
    Periph_Init                              0x00003fd3   Thumb Code    36  periph_conf.o(.text.Periph_Init)
    Pin_Init                                 0x00003ff9   Thumb Code    52  pin_conf.o(.text.Pin_Init)
    ProcessHardFault                         0x0000405d   Thumb Code   112  retarget.o(.text.ProcessHardFault)
    SCREEN_1_AIP_A0Pin                       0x000040d9   Thumb Code    20  app.o(.text.SCREEN_1_AIP_A0Pin)
    SCREEN_1_AIP_CSPin                       0x000040f1   Thumb Code    20  app.o(.text.SCREEN_1_AIP_CSPin)
    SCREEN_1_AIP_ResetPin                    0x00004109   Thumb Code    20  app.o(.text.SCREEN_1_AIP_ResetPin)
    SCREEN_2_AIP_A0Pin                       0x00004121   Thumb Code    20  app.o(.text.SCREEN_2_AIP_A0Pin)
    SCREEN_2_AIP_CSPin                       0x00004139   Thumb Code    20  app.o(.text.SCREEN_2_AIP_CSPin)
    SCREEN_2_AIP_ResetPin                    0x00004151   Thumb Code    20  app.o(.text.SCREEN_2_AIP_ResetPin)
    SCREEN_3_AIP_A0Pin                       0x00004169   Thumb Code    20  app.o(.text.SCREEN_3_AIP_A0Pin)
    SCREEN_3_AIP_CSPin                       0x00004181   Thumb Code    20  app.o(.text.SCREEN_3_AIP_CSPin)
    SCREEN_3_AIP_ResetPin                    0x00004199   Thumb Code    20  app.o(.text.SCREEN_3_AIP_ResetPin)
    SH_Return                                0x000041b1   Thumb Code    14  retarget.o(.text.SH_Return)
    SPII2S0_Init                             0x000041c1   Thumb Code    60  periph_conf.o(.text.SPII2S0_Init)
    SPI_Open                                 0x00004205   Thumb Code   580  spi.o(.text.SPI_Open)
    SPI_SetFIFO                              0x00004465   Thumb Code    38  spi.o(.text.SPI_SetFIFO)
    SendChar                                 0x000045f9   Thumb Code    16  retarget.o(.text.SendChar)
    SendChar_ToUART                          0x00004609   Thumb Code    64  retarget.o(.text.SendChar_ToUART)
    SysTickCounter                           0x00004651   Thumb Code    24  millis.o(.text.SysTickCounter)
    SystemCoreClockUpdate                    0x00004675   Thumb Code    96  system_m251.o(.text.SystemCoreClockUpdate)
    SystemInit                               0x000046f5   Thumb Code    24  system_m251.o(.text.SystemInit)
    System_Init                              0x00004719   Thumb Code    24  main.o(.text.System_Init)
    TIMER0_Init                              0x00004731   Thumb Code    32  periph_conf.o(.text.TIMER0_Init)
    TIMER1_Init                              0x00004751   Thumb Code    32  periph_conf.o(.text.TIMER1_Init)
    TIMER_GetModuleClock                     0x000047a5   Thumb Code   180  timer.o(.text.TIMER_GetModuleClock)
    TIMER_Open                               0x00004861   Thumb Code   114  timer.o(.text.TIMER_Open)
    TMR0_IRQHandler                          0x000048d5   Thumb Code    24  int_handler.o(.text.TMR0_IRQHandler)
    TMR1_IRQHandler                          0x000048f1   Thumb Code    24  int_handler.o(.text.TMR1_IRQHandler)
    UART2_Init                               0x0000490d   Thumb Code    24  periph_conf.o(.text.UART2_Init)
    UART_Open                                0x00004929   Thumb Code   384  uart.o(.text.UART_Open)
    WDT_IRQHandler                           0x00004b05   Thumb Code    96  int_handler.o(.text.WDT_IRQHandler)
    WDT_Init                                 0x00004b6d   Thumb Code    30  periph_conf.o(.text.WDT_Init)
    WDT_Open                                 0x00004b8d   Thumb Code    44  wdt.o(.text.WDT_Open)
    _pow                                     0x00004bf5   Thumb Code    50  app.o(.text._pow)
    build                                    0x00004c27   Thumb Code    50  menu.o(.text.build)
    calculate_10gr                           0x00004c59   Thumb Code   728  app.o(.text.calculate_10gr)
    customValueInput                         0x00004f61   Thumb Code   640  app.o(.text.customValueInput)
    customValueInputFix                      0x000051f5   Thumb Code  1192  app.o(.text.customValueInputFix)
    eeprom_read_array                        0x000056f5   Thumb Code   128  eeproom.o(.text.eeprom_read_array)
    eeprom_write_array                       0x00005775   Thumb Code   136  eeproom.o(.text.eeprom_write_array)
    f0_Saved                                 0x00005801   Thumb Code    92  menu.o(.text.f0_Saved)
    f1_Saved                                 0x00005861   Thumb Code    48  menu.o(.text.f1_Saved)
    f2_Saved                                 0x00005895   Thumb Code    48  menu.o(.text.f2_Saved)
    f3_Saved                                 0x000058c9   Thumb Code    52  menu.o(.text.f3_Saved)
    f4_Saved                                 0x00005901   Thumb Code    48  menu.o(.text.f4_Saved)
    f5_Saved                                 0x00005935   Thumb Code    48  menu.o(.text.f5_Saved)
    f6_Saved                                 0x00005969   Thumb Code    48  menu.o(.text.f6_Saved)
    f7_Saved                                 0x0000599d   Thumb Code    48  menu.o(.text.f7_Saved)
    fputc                                    0x000059e1   Thumb Code    20  retarget.o(.text.fputc)
    main                                     0x000059f5   Thumb Code    48  main.o(.text.main)
    millis                                   0x00005a35   Thumb Code     8  millis.o(.text.millis)
    newKeyPadObj                             0x00005a3d   Thumb Code    60  keypad.o(.text.newKeyPadObj)
    newLCDObj                                0x00005a8d   Thumb Code   136  costumlcd.o(.text.newLCDObj)
    newMenuObj                               0x00005b45   Thumb Code    68  menu.o(.text.newMenuObj)
    newScaleObj                              0x00005ba1   Thumb Code   216  sparkfun_nau7802.o(.text.newScaleObj)
    readFlashMemoryInformation               0x00005cf5   Thumb Code   108  eeproom.o(.text.readFlashMemoryInformation)
    setPrice                                 0x00005e65   Thumb Code    72  app.o(.text.setPrice)
    shw_calibration                          0x00005eb1   Thumb Code   132  menu.o(.text.shw_calibration)
    shw_capacity                             0x00005f41   Thumb Code   216  menu.o(.text.shw_capacity)
    shw_decimalPoint                         0x00006039   Thumb Code   244  menu.o(.text.shw_decimalPoint)
    shw_f0_capload                           0x0000615d   Thumb Code   120  menu.o(.text.shw_f0_capload)
    shw_f0_unload                            0x000061e5   Thumb Code   104  menu.o(.text.shw_f0_unload)
    shw_f10a                                 0x00006261   Thumb Code    40  menu.o(.text.shw_f10a)
    shw_f1a_3000                             0x00006291   Thumb Code    48  menu.o(.text.shw_f1a_3000)
    shw_f1b_6000                             0x000062c5   Thumb Code    44  menu.o(.text.shw_f1b_6000)
    shw_f1c_dual1                            0x000062f9   Thumb Code    44  menu.o(.text.shw_f1c_dual1)
    shw_f1d_dual2                            0x0000632d   Thumb Code    44  menu.o(.text.shw_f1d_dual2)
    shw_f2a_3                                0x00006361   Thumb Code    48  menu.o(.text.shw_f2a_3)
    shw_f2b_6                                0x00006395   Thumb Code    44  menu.o(.text.shw_f2b_6)
    shw_f2c_15                               0x000063c9   Thumb Code    44  menu.o(.text.shw_f2c_15)
    shw_f2d_30                               0x000063fd   Thumb Code    44  menu.o(.text.shw_f2d_30)
    shw_f3a                                  0x00006431   Thumb Code    48  menu.o(.text.shw_f3a)
    shw_f3b                                  0x00006465   Thumb Code    44  menu.o(.text.shw_f3b)
    shw_f3c                                  0x00006495   Thumb Code    44  menu.o(.text.shw_f3c)
    shw_f3d                                  0x000064c5   Thumb Code    44  menu.o(.text.shw_f3d)
    shw_f3e                                  0x000064f9   Thumb Code    44  menu.o(.text.shw_f3e)
    shw_f4a_fix                              0x0000652d   Thumb Code    48  menu.o(.text.shw_f4a_fix)
    shw_f4b_flot                             0x00006565   Thumb Code    44  menu.o(.text.shw_f4b_flot)
    shw_f5a_slow                             0x0000659d   Thumb Code    48  menu.o(.text.shw_f5a_slow)
    shw_f5b_normal                           0x000065d9   Thumb Code    44  menu.o(.text.shw_f5b_normal)
    shw_f5c_fast                             0x00006611   Thumb Code    44  menu.o(.text.shw_f5c_fast)
    shw_f6a_1                                0x0000664d   Thumb Code    48  menu.o(.text.shw_f6a_1)
    shw_f6b_2                                0x00006689   Thumb Code    44  menu.o(.text.shw_f6b_2)
    shw_f6c_5                                0x000066c1   Thumb Code    44  menu.o(.text.shw_f6c_5)
    shw_f6d_10                               0x000066f9   Thumb Code    44  menu.o(.text.shw_f6d_10)
    shw_f7a_on                               0x00006735   Thumb Code    48  menu.o(.text.shw_f7a_on)
    shw_f7b_off                              0x00006771   Thumb Code    44  menu.o(.text.shw_f7b_off)
    shw_f8                                   0x000067ad   Thumb Code    92  menu.o(.text.shw_f8)
    shw_f9a                                  0x00006819   Thumb Code   120  menu.o(.text.shw_f9a)
    shw_fixFloat                             0x000068a1   Thumb Code   152  menu.o(.text.shw_fixFloat)
    shw_gravity                              0x0000695d   Thumb Code    92  menu.o(.text.shw_gravity)
    shw_mainScreen                           0x000069c9   Thumb Code   104  menu.o(.text.shw_mainScreen)
    shw_minCoin                              0x00006a3d   Thumb Code   216  menu.o(.text.shw_minCoin)
    shw_multiTare                            0x00006b45   Thumb Code   152  menu.o(.text.shw_multiTare)
    shw_reset                                0x00006c11   Thumb Code    92  menu.o(.text.shw_reset)
    shw_resolution                           0x00006c85   Thumb Code   216  menu.o(.text.shw_resolution)
    shw_rs232                                0x00006d9d   Thumb Code    92  menu.o(.text.shw_rs232)
    shw_speed                                0x00006e11   Thumb Code   184  menu.o(.text.shw_speed)
    wdt_tickCounter                          0x00006f51   Thumb Code    12  millis.o(.text.wdt_tickCounter)
    writeFlashMemoryInformation              0x00006f61   Thumb Code    96  eeproom.o(.text.writeFlashMemoryInformation)
    __0printf                                0x00006fc5   Thumb Code    24  printfa.o(i.__0printf)
    __1printf                                0x00006fc5   Thumb Code     0  printfa.o(i.__0printf)
    __2printf                                0x00006fc5   Thumb Code     0  printfa.o(i.__0printf)
    __c89printf                              0x00006fc5   Thumb Code     0  printfa.o(i.__0printf)
    printf                                   0x00006fc5   Thumb Code     0  printfa.o(i.__0printf)
    __0sprintf                               0x00006fe5   Thumb Code    36  printfa.o(i.__0sprintf)
    __1sprintf                               0x00006fe5   Thumb Code     0  printfa.o(i.__0sprintf)
    __2sprintf                               0x00006fe5   Thumb Code     0  printfa.o(i.__0sprintf)
    __c89sprintf                             0x00006fe5   Thumb Code     0  printfa.o(i.__0sprintf)
    sprintf                                  0x00006fe5   Thumb Code     0  printfa.o(i.__0sprintf)
    __ARM_clz                                0x0000700d   Thumb Code    46  depilogue.o(i.__ARM_clz)
    __read_errno                             0x0000703d   Thumb Code     6  errno.o(i.__read_errno)
    __scatterload_copy                       0x00007049   Thumb Code    14  handlers.o(i.__scatterload_copy)
    __scatterload_null                       0x00007057   Thumb Code     2  handlers.o(i.__scatterload_null)
    __scatterload_zeroinit                   0x00007059   Thumb Code    14  handlers.o(i.__scatterload_zeroinit)
    __set_errno                              0x00007069   Thumb Code     6  errno.o(i.__set_errno)
    _is_digit                                0x000071e9   Thumb Code    14  scanf_fp.o(i._is_digit)
    atof                                     0x0000793b   Thumb Code    44  atof.o(i.atof)
    malloc                                   0x00007969   Thumb Code    92  malloc.o(i.malloc)
    __ctype_categories                       0x000079d4   Data          64  ctype_c.o(.constdata)
    gau32ClkSrcTbl                           0x00007cd8   Data          32  system_m251.o(.rodata.gau32ClkSrcTbl)
    Region$$Table$$Base                      0x00007f90   Number         0  anon$$obj.o(Region$$Table)
    Region$$Table$$Limit                     0x00007fb0   Number         0  anon$$obj.o(Region$$Table)
    __microlib_freelist                      0x20000000   Data           4  mvars.o(.data)
    __microlib_freelist_initialised          0x20000004   Data           4  mvars.o(.data)
    CyclesPerUs                              0x2000000c   Data           4  system_m251.o(.data.CyclesPerUs)
    PllClock                                 0x20000010   Data           4  system_m251.o(.data.PllClock)
    SystemCoreClock                          0x20000014   Data           4  system_m251.o(.data.SystemCoreClock)
    font_small                               0x20000018   Data           8  app.o(.data.font_small)
    keyboardMatris                           0x20000024   Data          20  keypad.o(.data.keyboardMatris)
    KeyPad                                   0x20000038   Data           4  keypad.o(.bss.KeyPad)
    __stdout                                 0x2000003c   Data          84  retarget.o(.bss.__stdout)
    _calibrationFactor                       0x20000090   Data           4  sparkfun_nau7802.o(.bss._calibrationFactor)
    _param1                                  0x20000094   Data          32  app.o(.bss._param1)
    _param2                                  0x200000b4   Data          32  app.o(.bss._param2)
    _param3                                  0x200000d4   Data          32  app.o(.bss._param3)
    _workVariable                            0x200000f4   Data           4  app.o(.bss._workVariable)
    _zeroOffset                              0x200000f8   Data           4  sparkfun_nau7802.o(.bss._zeroOffset)
    currentCapacity                          0x200000fc   Data           1  menu.o(.bss.currentCapacity)
    currentDecimalPoint                      0x200000fd   Data           1  menu.o(.bss.currentDecimalPoint)
    currentMinCoin                           0x200000fe   Data           1  menu.o(.bss.currentMinCoin)
    currentMultiTare                         0x200000ff   Data           1  menu.o(.bss.currentMultiTare)
    currentResolution                        0x20000100   Data           1  menu.o(.bss.currentResolution)
    currentSpeed                             0x20000101   Data           1  menu.o(.bss.currentSpeed)
    currnetFixFloat                          0x20000102   Data           1  menu.o(.bss.currnetFixFloat)
    f0_cal                                   0x20000118   Data          20  menu.o(.bss.f0_cal)
    f0_capload                               0x2000012c   Data          20  menu.o(.bss.f0_capload)
    f0_save                                  0x20000140   Data          20  menu.o(.bss.f0_save)
    f0_unload                                0x20000154   Data          20  menu.o(.bss.f0_unload)
    f10_reset                                0x20000168   Data          20  menu.o(.bss.f10_reset)
    f10a                                     0x2000017c   Data          20  menu.o(.bss.f10a)
    f11_rs232                                0x20000190   Data          20  menu.o(.bss.f11_rs232)
    f1_resolution                            0x200001a4   Data          20  menu.o(.bss.f1_resolution)
    f1_save                                  0x200001b8   Data          20  menu.o(.bss.f1_save)
    f1a_3000                                 0x200001cc   Data          20  menu.o(.bss.f1a_3000)
    f1b_6000                                 0x200001e0   Data          20  menu.o(.bss.f1b_6000)
    f1c_dual1                                0x200001f4   Data          20  menu.o(.bss.f1c_dual1)
    f1d_dual2                                0x20000208   Data          20  menu.o(.bss.f1d_dual2)
    f2_capacity                              0x2000021c   Data          20  menu.o(.bss.f2_capacity)
    f2_save                                  0x20000230   Data          20  menu.o(.bss.f2_save)
    f2a_3                                    0x20000244   Data          20  menu.o(.bss.f2a_3)
    f2b_6                                    0x20000258   Data          20  menu.o(.bss.f2b_6)
    f2c_15                                   0x2000026c   Data          20  menu.o(.bss.f2c_15)
    f2d_30                                   0x20000280   Data          20  menu.o(.bss.f2d_30)
    f3_decimalPoint                          0x20000294   Data          20  menu.o(.bss.f3_decimalPoint)
    f3_save                                  0x200002a8   Data          20  menu.o(.bss.f3_save)
    f3a                                      0x200002bc   Data          20  menu.o(.bss.f3a)
    f3b                                      0x200002d0   Data          20  menu.o(.bss.f3b)
    f3c                                      0x200002e4   Data          20  menu.o(.bss.f3c)
    f3d                                      0x200002f8   Data          20  menu.o(.bss.f3d)
    f3e                                      0x2000030c   Data          20  menu.o(.bss.f3e)
    f4_fixFloat                              0x20000320   Data          20  menu.o(.bss.f4_fixFloat)
    f4_save                                  0x20000334   Data          20  menu.o(.bss.f4_save)
    f4a_fix                                  0x20000348   Data          20  menu.o(.bss.f4a_fix)
    f4b_flot                                 0x2000035c   Data          20  menu.o(.bss.f4b_flot)
    f5_save                                  0x20000370   Data          20  menu.o(.bss.f5_save)
    f5_speed                                 0x20000384   Data          20  menu.o(.bss.f5_speed)
    f5a_slow                                 0x20000398   Data          20  menu.o(.bss.f5a_slow)
    f5b_normal                               0x200003ac   Data          20  menu.o(.bss.f5b_normal)
    f5c_fast                                 0x200003c0   Data          20  menu.o(.bss.f5c_fast)
    f6_minCoin                               0x200003d4   Data          20  menu.o(.bss.f6_minCoin)
    f6_save                                  0x200003e8   Data          20  menu.o(.bss.f6_save)
    f6a_1                                    0x200003fc   Data          20  menu.o(.bss.f6a_1)
    f6b_2                                    0x20000410   Data          20  menu.o(.bss.f6b_2)
    f6c_5                                    0x20000424   Data          20  menu.o(.bss.f6c_5)
    f6d_10                                   0x20000438   Data          20  menu.o(.bss.f6d_10)
    f7_multiTare                             0x2000044c   Data          20  menu.o(.bss.f7_multiTare)
    f7_save                                  0x20000460   Data          20  menu.o(.bss.f7_save)
    f7a_on                                   0x20000474   Data          20  menu.o(.bss.f7a_on)
    f7b_off                                  0x20000488   Data          20  menu.o(.bss.f7b_off)
    f8                                       0x2000049c   Data          20  menu.o(.bss.f8)
    f9_gravity                               0x200004b0   Data          20  menu.o(.bss.f9_gravity)
    f9a                                      0x200004c4   Data          20  menu.o(.bss.f9a)
    g_CLK_i32ErrCode                         0x200004d8   Data           4  clk.o(.bss.g_CLK_i32ErrCode)
    g_FMC_i32ErrCode                         0x200004dc   Data           4  fmc.o(.bss.g_FMC_i32ErrCode)
    g_I2C_i32ErrCode                         0x200004e0   Data           4  i2c.o(.bss.g_I2C_i32ErrCode)
    m_Param                                  0x200004e4   Data          36  app.o(.bss.m_Param)
    p_CurrentFont                            0x20000508   Data           4  app.o(.bss.p_CurrentFont)
    p_KeypadObj                              0x2000050c   Data           4  app.o(.bss.p_KeypadObj)
    p_LcdObj_S1                              0x20000510   Data           4  app.o(.bss.p_LcdObj_S1)
    p_LcdObj_S2                              0x20000514   Data           4  app.o(.bss.p_LcdObj_S2)
    p_LcdObj_S3                              0x20000518   Data           4  app.o(.bss.p_LcdObj_S3)
    p_MenuObj                                0x2000051c   Data           4  app.o(.bss.p_MenuObj)
    p_ScaleObj                               0x20000520   Data           4  app.o(.bss.p_ScaleObj)
    ptrWorkVariable                          0x20000524   Data           4  app.o(.bss.ptrWorkVariable)
    root                                     0x20000528   Data          20  menu.o(.bss.root)
    s_u32TickCnt                             0x2000053c   Data           4  millis.o(.bss.s_u32TickCnt)
    __heap_base                              0x20000540   Data           0  startup_m251.o(HEAP)
    __heap_limit                             0x20000540   Data           0  startup_m251.o(HEAP)
    __initial_sp                             0x20000d40   Data           0  startup_m251.o(STACK)



==============================================================================

Memory Map of the image

  Image Entry point : 0x00000155

  Load Region LR_1 (Base: 0x00000000, Size: 0x00007fe8, Max: 0xffffffff, ABSOLUTE)

    Execution Region ER_RO (Exec base: 0x00000000, Load base: 0x00000000, Size: 0x00007fb0, Max: 0xffffffff, ABSOLUTE)

    Exec Addr    Load Addr    Size         Type   Attr      Idx    E Section Name        Object

    0x00000000   0x00000000   0x00000140   Data   RO           20    RESET               startup_m251.o
    0x00000140   0x00000140   0x00000000   Code   RO         1059  * .ARM.Collect$$$$00000000  mc_p.l(entry.o)
    0x00000140   0x00000140   0x00000004   Code   RO         1156    .ARM.Collect$$$$00000001  mc_p.l(entry2.o)
    0x00000144   0x00000144   0x00000004   Code   RO         1159    .ARM.Collect$$$$00000004  mc_p.l(entry5.o)
    0x00000148   0x00000148   0x00000000   Code   RO         1161    .ARM.Collect$$$$00000008  mc_p.l(entry7b.o)
    0x00000148   0x00000148   0x00000000   Code   RO         1163    .ARM.Collect$$$$0000000A  mc_p.l(entry8b.o)
    0x00000148   0x00000148   0x00000008   Code   RO         1164    .ARM.Collect$$$$0000000B  mc_p.l(entry9a.o)
    0x00000150   0x00000150   0x00000000   Code   RO         1166    .ARM.Collect$$$$0000000D  mc_p.l(entry10a.o)
    0x00000150   0x00000150   0x00000000   Code   RO         1168    .ARM.Collect$$$$0000000F  mc_p.l(entry11a.o)
    0x00000150   0x00000150   0x00000004   Code   RO         1157    .ARM.Collect$$$$00002712  mc_p.l(entry2.o)
    0x00000154   0x00000154   0x00000084   Code   RO           21  * .text               startup_m251.o
    0x000001d8   0x000001d8   0x00000060   Code   RO         1060    .text               mc_p.l(uldiv.o)
    0x00000238   0x00000238   0x00000024   Code   RO         1062    .text               mc_p.l(memseta.o)
    0x0000025c   0x0000025c   0x00000028   Code   RO         1064    .text               mc_p.l(strncat.o)
    0x00000284   0x00000284   0x000000b2   Code   RO         1122    .text               mf_p.l(fadd.o)
    0x00000336   0x00000336   0x0000007a   Code   RO         1124    .text               mf_p.l(fmul.o)
    0x000003b0   0x000003b0   0x0000007c   Code   RO         1126    .text               mf_p.l(fdiv.o)
    0x0000042c   0x0000042c   0x000000d0   Code   RO         1128    .text               mf_p.l(dmul.o)
    0x000004fc   0x000004fc   0x0000001c   Code   RO         1130    .text               mf_p.l(fcmple.o)
    0x00000518   0x00000518   0x0000002c   Code   RO         1132    .text               mf_p.l(dcmple.o)
    0x00000544   0x00000544   0x00000016   Code   RO         1134    .text               mf_p.l(fflti.o)
    0x0000055a   0x0000055a   0x0000000e   Code   RO         1136    .text               mf_p.l(ffltui.o)
    0x00000568   0x00000568   0x0000001c   Code   RO         1138    .text               mf_p.l(ffltul.o)
    0x00000584   0x00000584   0x00000028   Code   RO         1140    .text               mf_p.l(dflti.o)
    0x000005ac   0x000005ac   0x0000001c   Code   RO         1142    .text               mf_p.l(dfltul.o)
    0x000005c8   0x000005c8   0x00000032   Code   RO         1144    .text               mf_p.l(ffixi.o)
    0x000005fa   0x000005fa   0x00000028   Code   RO         1146    .text               mf_p.l(ffixui.o)
    0x00000622   0x00000622   0x00000030   Code   RO         1148    .text               mf_p.l(ffixul.o)
    0x00000652   0x00000652   0x00000002   PAD
    0x00000654   0x00000654   0x00000050   Code   RO         1150    .text               mf_p.l(dfixl.o)
    0x000006a4   0x000006a4   0x00000028   Code   RO         1152    .text               mf_p.l(f2d.o)
    0x000006cc   0x000006cc   0x00000038   Code   RO         1154    .text               mf_p.l(d2f.o)
    0x00000704   0x00000704   0x00000020   Code   RO         1174    .text               mc_p.l(llshl.o)
    0x00000724   0x00000724   0x00000022   Code   RO         1176    .text               mc_p.l(llushr.o)
    0x00000746   0x00000746   0x00000002   PAD
    0x00000748   0x00000748   0x000000b4   Code   RO         1191    .text               mc_p.l(strtod.o)
    0x000007fc   0x000007fc   0x00000000   Code   RO         1193    .text               mc_p.l(iusefp.o)
    0x000007fc   0x000007fc   0x00000082   Code   RO         1194    .text               mf_p.l(fepilogue.o)
    0x0000087e   0x0000087e   0x000000be   Code   RO         1196    .text               mf_p.l(depilogue.o)
    0x0000093c   0x0000093c   0x00000164   Code   RO         1200    .text               mf_p.l(dadd.o)
    0x00000aa0   0x00000aa0   0x000000f0   Code   RO         1202    .text               mf_p.l(ddiv.o)
    0x00000b90   0x00000b90   0x00000040   Code   RO         1204    .text               mf_p.l(dfixul.o)
    0x00000bd0   0x00000bd0   0x00000028   Code   RO         1206    .text               mf_p.l(cdrcmple.o)
    0x00000bf8   0x00000bf8   0x00000024   Code   RO         1208    .text               mc_p.l(init.o)
    0x00000c1c   0x00000c1c   0x0000003e   Code   RO         1212    .text               mc_p.l(uidiv_div0.o)
    0x00000c5a   0x00000c5a   0x00000026   Code   RO         1218    .text               mc_p.l(llsshr.o)
    0x00000c80   0x00000c80   0x0000000e   Code   RO         1220    .text               mc_p.l(isspace_c.o)
    0x00000c8e   0x00000c8e   0x00000002   PAD
    0x00000c90   0x00000c90   0x00000374   Code   RO         1222    .text               mc_p.l(scanf_fp.o)
    0x00001004   0x00001004   0x00000044   Code   RO         1226    .text               mc_p.l(_sgetc.o)
    0x00001048   0x00001048   0x00000030   Code   RO         1228    .text               mc_p.l(llmul.o)
    0x00001078   0x00001078   0x00000024   Code   RO         1230    .text               mc_p.l(ctype_c.o)
    0x0000109c   0x0000109c   0x0000001e   Code   RO          719    .text.AIP_ClearScreen  costumlcd.o
    0x000010ba   0x000010ba   0x000000a6   Code   RO          713    .text.AIP_Init      costumlcd.o
    0x00001160   0x00001160   0x00000020   Code   RO          727    .text.AIP_SetCursor  costumlcd.o
    0x00001180   0x00001180   0x00000180   Code   RO          733    .text.AIP_Spoint    costumlcd.o
    0x00001300   0x00001300   0x0000005c   Code   RO          721    .text.AIP_UpdateScreen  costumlcd.o
    0x0000135c   0x0000135c   0x0000007a   Code   RO          729    .text.AIP_WriteString  costumlcd.o
    0x000013d6   0x000013d6   0x00000098   Code   RO          731    .text.AIP_WriteStringLen  costumlcd.o
    0x0000146e   0x0000146e   0x0000006e   Code   RO          723    .text.AIP_draw_pixel  costumlcd.o
    0x000014dc   0x000014dc   0x0000010c   Code   RO          725    .text.AIP_writeChar  costumlcd.o
    0x000015e8   0x000015e8   0x00000030   Code   RO          717    .text.AIP_writeCommand  costumlcd.o
    0x00001618   0x00001618   0x00000050   Code   RO          715    .text.AIP_writeData  costumlcd.o
    0x00001668   0x00001668   0x00000038   Code   RO          735    .text.AIP_writeNumber  costumlcd.o
    0x000016a0   0x000016a0   0x00000068   Code   RO          650    .text.APP_All_Point_High  app.o
    0x00001708   0x00001708   0x00000048   Code   RO          660    .text.APP_GetMeasure  app.o
    0x00001750   0x00001750   0x0000009c   Code   RO          644    .text.APP_Handle    app.o
    0x000017ec   0x000017ec   0x00000160   Code   RO          610    .text.APP_Init      app.o
    0x0000194c   0x0000194c   0x000000c4   Code   RO          632    .text.APP_SettingsHandle  app.o
    0x00001a10   0x00001a10   0x00000194   Code   RO          642    .text.APP_ShowTotal  app.o
    0x00001ba4   0x00001ba4   0x00000250   Code   RO          648    .text.APP_Show_Weight  app.o
    0x00001df4   0x00001df4   0x00000648   Code   RO          646    .text.APP_StartScreen  app.o
    0x0000243c   0x0000243c   0x0000003c   Code   RO           68    .text.CLK_EnableModuleClock  clk.o
    0x00002478   0x00002478   0x00000014   Code   RO           64    .text.CLK_EnableXtalRC  clk.o
    0x0000248c   0x0000248c   0x0000000c   Code   RO           44    .text.CLK_GetHCLKFreq  clk.o
    0x00002498   0x00002498   0x00000080   Code   RO           40    .text.CLK_GetPCLK0Freq  clk.o
    0x00002518   0x00002518   0x0000008c   Code   RO           42    .text.CLK_GetPCLK1Freq  clk.o
    0x000025a4   0x000025a4   0x000000b4   Code   RO           48    .text.CLK_GetPLLClockFreq  clk.o
    0x00002658   0x00002658   0x00000060   Code   RO           56    .text.CLK_SetHCLK   clk.o
    0x000026b8   0x000026b8   0x000000b0   Code   RO           60    .text.CLK_SetModuleClock  clk.o
    0x00002768   0x00002768   0x00000038   Code   RO          758    .text.CLK_SysTickDelay  keypad.o
    0x000027a0   0x000027a0   0x00000038   Code   RO         1005    .text.CLK_SysTickDelay  sparkfun_nau7802.o
    0x000027d8   0x000027d8   0x00000078   Code   RO          652    .text.CLK_SysTickLongDelay  app.o
    0x00002850   0x00002850   0x00000058   Code   RO           54    .text.CLK_WaitClockReady  clk.o
    0x000028a8   0x000028a8   0x000000d0   Code   RO          531    .text.Clock_Init    clk_conf.o
    0x00002978   0x00002978   0x00000026   Code   RO          779    .text.Down          menu.o
    0x0000299e   0x0000299e   0x00000008   Code   RO          257    .text.DumpStack     retarget.o
    0x000029a6   0x000029a6   0x00000002   PAD
    0x000029a8   0x000029a8   0x00000024   Code   RO          586    .text.EINT0_IRQHandler  int_handler.o
    0x000029cc   0x000029cc   0x00000024   Code   RO          588    .text.EINT1_IRQHandler  int_handler.o
    0x000029f0   0x000029f0   0x00000024   Code   RO          590    .text.EINT3_IRQHandler  int_handler.o
    0x00002a14   0x00002a14   0x00000026   Code   RO          773    .text.Enter         menu.o
    0x00002a3a   0x00002a3a   0x00000026   Code   RO          775    .text.Exit          menu.o
    0x00002a60   0x00002a60   0x0000000c   Code   RO          110    .text.FMC_Close     fmc.o
    0x00002a6c   0x00002a6c   0x0000009c   Code   RO          136    .text.FMC_Erase     fmc.o
    0x00002b08   0x00002b08   0x00000014   Code   RO          539    .text.FMC_Init      periph_conf.o
    0x00002b1c   0x00002b1c   0x00000010   Code   RO          114    .text.FMC_Open      fmc.o
    0x00002b2c   0x00002b2c   0x0000007c   Code   RO          118    .text.FMC_Read      fmc.o
    0x00002ba8   0x00002ba8   0x000000a4   Code   RO          122    .text.FMC_Write     fmc.o
    0x00002c4c   0x00002c4c   0x00000034   Code   RO          580    .text.GPB_IRQHandler  int_handler.o
    0x00002c80   0x00002c80   0x00000034   Code   RO          582    .text.GPC_IRQHandler  int_handler.o
    0x00002cb4   0x00002cb4   0x00000038   Code   RO          584    .text.GPD_IRQHandler  int_handler.o
    0x00002cec   0x00002cec   0x000001c8   Code   RO          541    .text.GPIO_Init     periph_conf.o
    0x00002eb4   0x00002eb4   0x00000020   Code   RO          263    .text.GetChar       retarget.o
    0x00002ed4   0x00002ed4   0x00000010   Code   RO          545    .text.I2C1_Init     periph_conf.o
    0x00002ee4   0x00002ee4   0x00000060   Code   RO          165    .text.I2C_Open      i2c.o
    0x00002f44   0x00002f44   0x000002a8   Code   RO          237    .text.I2C_ReadByteOneReg  i2c.o
    0x000031ec   0x000031ec   0x00000200   Code   RO          225    .text.I2C_WriteByteOneReg  i2c.o
    0x000033ec   0x000033ec   0x0000001c   Code   RO          748    .text.Init          keypad.o
    0x00003408   0x00003408   0x00000054   Code   RO         1047    .text.InitFactorySetting  eeproom.o
    0x0000345c   0x0000345c   0x0000057c   Code   RO          879    .text.Menu_Init     menu.o
    0x000039d8   0x000039d8   0x0000000c   Code   RO          997    .text.NAU7802_available  sparkfun_nau7802.o
    0x000039e4   0x000039e4   0x000000bc   Code   RO          993    .text.NAU7802_begin  sparkfun_nau7802.o
    0x00003aa0   0x00003aa0   0x0000000c   Code   RO         1001    .text.NAU7802_beginCalibrateAFE  sparkfun_nau7802.o
    0x00003aac   0x00003aac   0x0000003c   Code   RO         1003    .text.NAU7802_calAFEStatus  sparkfun_nau7802.o
    0x00003ae8   0x00003ae8   0x00000030   Code   RO          967    .text.NAU7802_calculateCalibrationFactor  sparkfun_nau7802.o
    0x00003b18   0x00003b18   0x00000018   Code   RO          963    .text.NAU7802_calculateZeroOffset  sparkfun_nau7802.o
    0x00003b30   0x00003b30   0x00000010   Code   RO          999    .text.NAU7802_calibrateAFE  sparkfun_nau7802.o
    0x00003b40   0x00003b40   0x00000038   Code   RO          985    .text.NAU7802_clearBit  sparkfun_nau7802.o
    0x00003b78   0x00003b78   0x0000008c   Code   RO          961    .text.NAU7802_getAverage  sparkfun_nau7802.o
    0x00003c04   0x00003c04   0x00000032   Code   RO          987    .text.NAU7802_getBit  sparkfun_nau7802.o
    0x00003c36   0x00003c36   0x00000002   PAD
    0x00003c38   0x00003c38   0x00000008   Code   RO         1019    .text.NAU7802_getCalibrationFactor  sparkfun_nau7802.o
    0x00003c40   0x00003c40   0x00000050   Code   RO         1015    .text.NAU7802_getReading  sparkfun_nau7802.o
    0x00003c90   0x00003c90   0x00000018   Code   RO          989    .text.NAU7802_getRegister  sparkfun_nau7802.o
    0x00003ca8   0x00003ca8   0x0000001a   Code   RO         1013    .text.NAU7802_getRevisionCode  sparkfun_nau7802.o
    0x00003cc2   0x00003cc2   0x00000002   PAD
    0x00003cc4   0x00003cc4   0x00000054   Code   RO          971    .text.NAU7802_getWeight  sparkfun_nau7802.o
    0x00003d18   0x00003d18   0x0000000c   Code   RO         1017    .text.NAU7802_getZeroOffset  sparkfun_nau7802.o
    0x00003d24   0x00003d24   0x00000004   Code   RO          995    .text.NAU7802_isConnected  sparkfun_nau7802.o
    0x00003d28   0x00003d28   0x0000001a   Code   RO         1009    .text.NAU7802_powerDown  sparkfun_nau7802.o
    0x00003d42   0x00003d42   0x0000005c   Code   RO         1007    .text.NAU7802_powerUp  sparkfun_nau7802.o
    0x00003d9e   0x00003d9e   0x00000022   Code   RO         1011    .text.NAU7802_reset  sparkfun_nau7802.o
    0x00003dc0   0x00003dc0   0x00000038   Code   RO          983    .text.NAU7802_setBit  sparkfun_nau7802.o
    0x00003df8   0x00003df8   0x00000014   Code   RO          969    .text.NAU7802_setCalibrationFactor  sparkfun_nau7802.o
    0x00003e0c   0x00003e0c   0x00000034   Code   RO          979    .text.NAU7802_setChannel  sparkfun_nau7802.o
    0x00003e40   0x00003e40   0x00000044   Code   RO          973    .text.NAU7802_setGain  sparkfun_nau7802.o
    0x00003e84   0x00003e84   0x0000000c   Code   RO         1021    .text.NAU7802_setIntPolarityHigh  sparkfun_nau7802.o
    0x00003e90   0x00003e90   0x0000000c   Code   RO         1023    .text.NAU7802_setIntPolarityLow  sparkfun_nau7802.o
    0x00003e9c   0x00003e9c   0x0000004e   Code   RO          975    .text.NAU7802_setLDO  sparkfun_nau7802.o
    0x00003eea   0x00003eea   0x00000002   PAD
    0x00003eec   0x00003eec   0x00000024   Code   RO          991    .text.NAU7802_setRegister  sparkfun_nau7802.o
    0x00003f10   0x00003f10   0x00000046   Code   RO          977    .text.NAU7802_setSampleRate  sparkfun_nau7802.o
    0x00003f56   0x00003f56   0x00000002   PAD
    0x00003f58   0x00003f58   0x00000014   Code   RO          965    .text.NAU7802_setZeroOffset  sparkfun_nau7802.o
    0x00003f6c   0x00003f6c   0x00000066   Code   RO          981    .text.NAU7802_waitForCalibrateAFE  sparkfun_nau7802.o
    0x00003fd2   0x00003fd2   0x00000024   Code   RO          563    .text.Periph_Init   periph_conf.o
    0x00003ff6   0x00003ff6   0x00000002   PAD
    0x00003ff8   0x00003ff8   0x00000064   Code   RO          572    .text.Pin_Init      pin_conf.o
    0x0000405c   0x0000405c   0x0000007c   Code   RO          255    .text.ProcessHardFault  retarget.o
    0x000040d8   0x000040d8   0x00000018   Code   RO          612    .text.SCREEN_1_AIP_A0Pin  app.o
    0x000040f0   0x000040f0   0x00000018   Code   RO          616    .text.SCREEN_1_AIP_CSPin  app.o
    0x00004108   0x00004108   0x00000018   Code   RO          614    .text.SCREEN_1_AIP_ResetPin  app.o
    0x00004120   0x00004120   0x00000018   Code   RO          618    .text.SCREEN_2_AIP_A0Pin  app.o
    0x00004138   0x00004138   0x00000018   Code   RO          622    .text.SCREEN_2_AIP_CSPin  app.o
    0x00004150   0x00004150   0x00000018   Code   RO          620    .text.SCREEN_2_AIP_ResetPin  app.o
    0x00004168   0x00004168   0x00000018   Code   RO          624    .text.SCREEN_3_AIP_A0Pin  app.o
    0x00004180   0x00004180   0x00000018   Code   RO          628    .text.SCREEN_3_AIP_CSPin  app.o
    0x00004198   0x00004198   0x00000018   Code   RO          626    .text.SCREEN_3_AIP_ResetPin  app.o
    0x000041b0   0x000041b0   0x0000000e   Code   RO          253    .text.SH_Return     retarget.o
    0x000041be   0x000041be   0x00000002   PAD
    0x000041c0   0x000041c0   0x00000044   Code   RO          547    .text.SPII2S0_Init  periph_conf.o
    0x00004204   0x00004204   0x00000260   Code   RO          288    .text.SPI_Open      spi.o
    0x00004464   0x00004464   0x00000026   Code   RO          302    .text.SPI_SetFIFO   spi.o
    0x0000448a   0x0000448a   0x00000002   PAD
    0x0000448c   0x0000448c   0x00000008   Code   RO          518    .text.SYS_LockReg   main.o
    0x00004494   0x00004494   0x00000008   Code   RO         1039    .text.SYS_LockReg   eeproom.o
    0x0000449c   0x0000449c   0x00000020   Code   RO          516    .text.SYS_UnlockReg  main.o
    0x000044bc   0x000044bc   0x00000020   Code   RO          559    .text.SYS_UnlockReg  periph_conf.o
    0x000044dc   0x000044dc   0x00000024   Code   RO         1037    .text.SYS_UnlockReg  eeproom.o
    0x00004500   0x00004500   0x000000f8   Code   RO          750    .text.Scan          keypad.o
    0x000045f8   0x000045f8   0x00000010   Code   RO          261    .text.SendChar      retarget.o
    0x00004608   0x00004608   0x00000048   Code   RO          259    .text.SendChar_ToUART  retarget.o
    0x00004650   0x00004650   0x00000024   Code   RO          947    .text.SysTickCounter  millis.o
    0x00004674   0x00004674   0x00000080   Code   RO            2    .text.SystemCoreClockUpdate  system_m251.o
    0x000046f4   0x000046f4   0x00000024   Code   RO            4    .text.SystemInit    system_m251.o
    0x00004718   0x00004718   0x00000018   Code   RO          514    .text.System_Init   main.o
    0x00004730   0x00004730   0x00000020   Code   RO          549    .text.TIMER0_Init   periph_conf.o
    0x00004750   0x00004750   0x00000020   Code   RO          553    .text.TIMER1_Init   periph_conf.o
    0x00004770   0x00004770   0x0000000e   Code   RO          596    .text.TIMER_ClearIntFlag  int_handler.o
    0x0000477e   0x0000477e   0x00000014   Code   RO          551    .text.TIMER_EnableInt  periph_conf.o
    0x00004792   0x00004792   0x00000010   Code   RO          594    .text.TIMER_GetIntFlag  int_handler.o
    0x000047a2   0x000047a2   0x00000002   PAD
    0x000047a4   0x000047a4   0x000000bc   Code   RO          372    .text.TIMER_GetModuleClock  timer.o
    0x00004860   0x00004860   0x00000072   Code   RO          370    .text.TIMER_Open    timer.o
    0x000048d2   0x000048d2   0x00000002   PAD
    0x000048d4   0x000048d4   0x0000001c   Code   RO          592    .text.TMR0_IRQHandler  int_handler.o
    0x000048f0   0x000048f0   0x0000001c   Code   RO          598    .text.TMR1_IRQHandler  int_handler.o
    0x0000490c   0x0000490c   0x0000001c   Code   RO          555    .text.UART2_Init    periph_conf.o
    0x00004928   0x00004928   0x000001a8   Code   RO          435    .text.UART_Open     uart.o
    0x00004ad0   0x00004ad0   0x00000026   Code   RO          777    .text.Up            menu.o
    0x00004af6   0x00004af6   0x00000002   PAD
    0x00004af8   0x00004af8   0x0000000c   Code   RO          561    .text.WDT_EnableInt  periph_conf.o
    0x00004b04   0x00004b04   0x00000068   Code   RO          600    .text.WDT_IRQHandler  int_handler.o
    0x00004b6c   0x00004b6c   0x0000001e   Code   RO          557    .text.WDT_Init      periph_conf.o
    0x00004b8a   0x00004b8a   0x00000002   PAD
    0x00004b8c   0x00004b8c   0x00000034   Code   RO          463    .text.WDT_Open      wdt.o
    0x00004bc0   0x00004bc0   0x00000034   Code   RO          543    .text.__NVIC_EnableIRQ  periph_conf.o
    0x00004bf4   0x00004bf4   0x00000032   Code   RO          636    .text._pow          app.o
    0x00004c26   0x00004c26   0x00000032   Code   RO          769    .text.build         menu.o
    0x00004c58   0x00004c58   0x00000308   Code   RO          658    .text.calculate_10gr  app.o
    0x00004f60   0x00004f60   0x00000294   Code   RO          638    .text.customValueInput  app.o
    0x000051f4   0x000051f4   0x00000500   Code   RO          634    .text.customValueInputFix  app.o
    0x000056f4   0x000056f4   0x00000080   Code   RO         1041    .text.eeprom_read_array  eeproom.o
    0x00005774   0x00005774   0x0000008c   Code   RO         1035    .text.eeprom_write_array  eeproom.o
    0x00005800   0x00005800   0x00000060   Code   RO          811    .text.f0_Saved      menu.o
    0x00005860   0x00005860   0x00000034   Code   RO          821    .text.f1_Saved      menu.o
    0x00005894   0x00005894   0x00000034   Code   RO          831    .text.f2_Saved      menu.o
    0x000058c8   0x000058c8   0x00000038   Code   RO          843    .text.f3_Saved      menu.o
    0x00005900   0x00005900   0x00000034   Code   RO          849    .text.f4_Saved      menu.o
    0x00005934   0x00005934   0x00000034   Code   RO          857    .text.f5_Saved      menu.o
    0x00005968   0x00005968   0x00000034   Code   RO          867    .text.f6_Saved      menu.o
    0x0000599c   0x0000599c   0x00000044   Code   RO          873    .text.f7_Saved      menu.o
    0x000059e0   0x000059e0   0x00000014   Code   RO          271    .text.fputc         retarget.o
    0x000059f4   0x000059f4   0x00000040   Code   RO          520    .text.main          main.o
    0x00005a34   0x00005a34   0x00000008   Code   RO          949    .text.millis        millis.o
    0x00005a3c   0x00005a3c   0x00000050   Code   RO          746    .text.newKeyPadObj  keypad.o
    0x00005a8c   0x00005a8c   0x000000b8   Code   RO          711    .text.newLCDObj     costumlcd.o
    0x00005b44   0x00005b44   0x0000005c   Code   RO          771    .text.newMenuObj    menu.o
    0x00005ba0   0x00005ba0   0x00000154   Code   RO          959    .text.newScaleObj   sparkfun_nau7802.o
    0x00005cf4   0x00005cf4   0x00000070   Code   RO         1045    .text.readFlashMemoryInformation  eeproom.o
    0x00005d64   0x00005d64   0x00000078   Code   RO          756    .text.readRowPin    keypad.o
    0x00005ddc   0x00005ddc   0x00000018   Code   RO          754    .text.resetAllColumnPins  keypad.o
    0x00005df4   0x00005df4   0x00000070   Code   RO          752    .text.setColumnPin  keypad.o
    0x00005e64   0x00005e64   0x0000004c   Code   RO          640    .text.setPrice      app.o
    0x00005eb0   0x00005eb0   0x00000090   Code   RO          783    .text.shw_calibration  menu.o
    0x00005f40   0x00005f40   0x000000f8   Code   RO          787    .text.shw_capacity  menu.o
    0x00006038   0x00006038   0x00000124   Code   RO          789    .text.shw_decimalPoint  menu.o
    0x0000615c   0x0000615c   0x00000088   Code   RO          809    .text.shw_f0_capload  menu.o
    0x000061e4   0x000061e4   0x0000007c   Code   RO          807    .text.shw_f0_unload  menu.o
    0x00006260   0x00006260   0x00000030   Code   RO          877    .text.shw_f10a      menu.o
    0x00006290   0x00006290   0x00000034   Code   RO          813    .text.shw_f1a_3000  menu.o
    0x000062c4   0x000062c4   0x00000034   Code   RO          815    .text.shw_f1b_6000  menu.o
    0x000062f8   0x000062f8   0x00000034   Code   RO          817    .text.shw_f1c_dual1  menu.o
    0x0000632c   0x0000632c   0x00000034   Code   RO          819    .text.shw_f1d_dual2  menu.o
    0x00006360   0x00006360   0x00000034   Code   RO          823    .text.shw_f2a_3     menu.o
    0x00006394   0x00006394   0x00000034   Code   RO          825    .text.shw_f2b_6     menu.o
    0x000063c8   0x000063c8   0x00000034   Code   RO          827    .text.shw_f2c_15    menu.o
    0x000063fc   0x000063fc   0x00000034   Code   RO          829    .text.shw_f2d_30    menu.o
    0x00006430   0x00006430   0x00000034   Code   RO          833    .text.shw_f3a       menu.o
    0x00006464   0x00006464   0x00000030   Code   RO          835    .text.shw_f3b       menu.o
    0x00006494   0x00006494   0x00000030   Code   RO          837    .text.shw_f3c       menu.o
    0x000064c4   0x000064c4   0x00000034   Code   RO          839    .text.shw_f3d       menu.o
    0x000064f8   0x000064f8   0x00000034   Code   RO          841    .text.shw_f3e       menu.o
    0x0000652c   0x0000652c   0x00000038   Code   RO          845    .text.shw_f4a_fix   menu.o
    0x00006564   0x00006564   0x00000038   Code   RO          847    .text.shw_f4b_flot  menu.o
    0x0000659c   0x0000659c   0x0000003c   Code   RO          851    .text.shw_f5a_slow  menu.o
    0x000065d8   0x000065d8   0x00000038   Code   RO          853    .text.shw_f5b_normal  menu.o
    0x00006610   0x00006610   0x0000003c   Code   RO          855    .text.shw_f5c_fast  menu.o
    0x0000664c   0x0000664c   0x0000003c   Code   RO          859    .text.shw_f6a_1     menu.o
    0x00006688   0x00006688   0x00000038   Code   RO          861    .text.shw_f6b_2     menu.o
    0x000066c0   0x000066c0   0x00000038   Code   RO          863    .text.shw_f6c_5     menu.o
    0x000066f8   0x000066f8   0x0000003c   Code   RO          865    .text.shw_f6d_10    menu.o
    0x00006734   0x00006734   0x0000003c   Code   RO          869    .text.shw_f7a_on    menu.o
    0x00006770   0x00006770   0x0000003c   Code   RO          871    .text.shw_f7b_off   menu.o
    0x000067ac   0x000067ac   0x0000006c   Code   RO          799    .text.shw_f8        menu.o
    0x00006818   0x00006818   0x00000088   Code   RO          875    .text.shw_f9a       menu.o
    0x000068a0   0x000068a0   0x000000bc   Code   RO          791    .text.shw_fixFloat  menu.o
    0x0000695c   0x0000695c   0x0000006c   Code   RO          801    .text.shw_gravity   menu.o
    0x000069c8   0x000069c8   0x00000074   Code   RO          781    .text.shw_mainScreen  menu.o
    0x00006a3c   0x00006a3c   0x00000108   Code   RO          795    .text.shw_minCoin   menu.o
    0x00006b44   0x00006b44   0x000000cc   Code   RO          797    .text.shw_multiTare  menu.o
    0x00006c10   0x00006c10   0x00000074   Code   RO          803    .text.shw_reset     menu.o
    0x00006c84   0x00006c84   0x00000118   Code   RO          785    .text.shw_resolution  menu.o
    0x00006d9c   0x00006d9c   0x00000074   Code   RO          805    .text.shw_rs232     menu.o
    0x00006e10   0x00006e10   0x000000f4   Code   RO          793    .text.shw_speed     menu.o
    0x00006f04   0x00006f04   0x0000004c   Code   RO          737    .text.spi_transfer  costumlcd.o
    0x00006f50   0x00006f50   0x00000010   Code   RO          945    .text.wdt_tickCounter  millis.o
    0x00006f60   0x00006f60   0x00000064   Code   RO         1043    .text.writeFlashMemoryInformation  eeproom.o
    0x00006fc4   0x00006fc4   0x00000020   Code   RO         1067    i.__0printf         mc_p.l(printfa.o)
    0x00006fe4   0x00006fe4   0x00000028   Code   RO         1069    i.__0sprintf        mc_p.l(printfa.o)
    0x0000700c   0x0000700c   0x0000002e   Code   RO         1198    i.__ARM_clz         mf_p.l(depilogue.o)
    0x0000703a   0x0000703a   0x00000002   PAD
    0x0000703c   0x0000703c   0x0000000c   Code   RO         1185    i.__read_errno      mc_p.l(errno.o)
    0x00007048   0x00007048   0x0000000e   Code   RO         1235    i.__scatterload_copy  mc_p.l(handlers.o)
    0x00007056   0x00007056   0x00000002   Code   RO         1236    i.__scatterload_null  mc_p.l(handlers.o)
    0x00007058   0x00007058   0x0000000e   Code   RO         1237    i.__scatterload_zeroinit  mc_p.l(handlers.o)
    0x00007066   0x00007066   0x00000002   PAD
    0x00007068   0x00007068   0x0000000c   Code   RO         1186    i.__set_errno       mc_p.l(errno.o)
    0x00007074   0x00007074   0x00000174   Code   RO         1074    i._fp_digits        mc_p.l(printfa.o)
    0x000071e8   0x000071e8   0x0000000e   Code   RO         1224    i._is_digit         mc_p.l(scanf_fp.o)
    0x000071f6   0x000071f6   0x00000002   PAD
    0x000071f8   0x000071f8   0x000006ec   Code   RO         1075    i._printf_core      mc_p.l(printfa.o)
    0x000078e4   0x000078e4   0x00000020   Code   RO         1076    i._printf_post_padding  mc_p.l(printfa.o)
    0x00007904   0x00007904   0x0000002c   Code   RO         1077    i._printf_pre_padding  mc_p.l(printfa.o)
    0x00007930   0x00007930   0x0000000a   Code   RO         1079    i._sputc            mc_p.l(printfa.o)
    0x0000793a   0x0000793a   0x0000002c   Code   RO         1056    i.atof              m_ps.l(atof.o)
    0x00007966   0x00007966   0x00000002   PAD
    0x00007968   0x00007968   0x0000006c   Code   RO         1095    i.malloc            mc_p.l(malloc.o)
    0x000079d4   0x000079d4   0x00000040   Data   RO         1231    .constdata          mc_p.l(ctype_c.o)
    0x00007a14   0x00007a14   0x0000000c   Data   RO           99    .rodata..L__const.CLK_EnableModuleClock.au32ClkTbl  clk.o
    0x00007a20   0x00007a20   0x00000018   Data   RO          453    .rodata..L__const.UART_Open.au32ClkTbl  uart.o
    0x00007a38   0x00007a38   0x00000040   Data   RO           98    .rodata.cst16       clk.o
    0x00007a78   0x00007a78   0x00000020   Data   RO          398    .rodata.cst32       timer.o
    0x00007a98   0x00007a98   0x00000240   Data   RO          662    .rodata.fontArray   app.o
    0x00007cd8   0x00007cd8   0x00000020   Data   RO           11    .rodata.gau32ClkSrcTbl  system_m251.o
    0x00007cf8   0x00007cf8   0x0000000f   Data   RO          278    .rodata.str1.1      retarget.o
    0x00007d07   0x00007d07   0x0000003b   Data   RO          522    .rodata.str1.1      main.o
    0x00007d42   0x00007d42   0x00000097   Data   RO          602    .rodata.str1.1      int_handler.o
    0x00007dd9   0x00007dd9   0x0000008b   Data   RO          680    .rodata.str1.1      app.o
    0x00007e64   0x00007e64   0x0000012c   Data   RO          882    .rodata.str1.1      menu.o
    0x00007f90   0x00007f90   0x00000020   Data   RO         1234    Region$$Table       anon$$obj.o


    Execution Region ER_RW (Exec base: 0x20000000, Load base: 0x00007fb0, Size: 0x00000038, Max: 0xffffffff, ABSOLUTE)

    Exec Addr    Load Addr    Size         Type   Attr      Idx    E Section Name        Object

    0x20000000   0x00007fb0   0x00000004   Data   RW         1182    .data               mc_p.l(mvars.o)
    0x20000004   0x00007fb4   0x00000004   Data   RW         1183    .data               mc_p.l(mvars.o)
    0x20000008   0x00007fb8   0x00000004   Data   RW         1187    .data               mc_p.l(errno.o)
    0x2000000c   0x00007fbc   0x00000004   Data   RW            9    .data.CyclesPerUs   system_m251.o
    0x20000010   0x00007fc0   0x00000004   Data   RW           10    .data.PllClock      system_m251.o
    0x20000014   0x00007fc4   0x00000004   Data   RW            8    .data.SystemCoreClock  system_m251.o
    0x20000018   0x00007fc8   0x00000008   Data   RW          663    .data.font_small    app.o
    0x20000020   0x00007fd0   0x00000004   Data   RW          277    .data.g_ICE_Conneced  retarget.o
    0x20000024   0x00007fd4   0x00000014   Data   RW          760    .data.keyboardMatris  keypad.o


    Execution Region ER_ZI (Exec base: 0x20000038, Load base: 0x00007fe8, Size: 0x00000d08, Max: 0xffffffff, ABSOLUTE)

    Exec Addr    Load Addr    Size         Type   Attr      Idx    E Section Name        Object

    0x20000038        -       0x00000004   Zero   RW          761    .bss.KeyPad         keypad.o
    0x2000003c        -       0x00000054   Zero   RW          279    .bss.__stdout       retarget.o
    0x20000090        -       0x00000004   Zero   RW         1026    .bss._calibrationFactor  sparkfun_nau7802.o
    0x20000094        -       0x00000020   Zero   RW          667    .bss._param1        app.o
    0x200000b4        -       0x00000020   Zero   RW          669    .bss._param2        app.o
    0x200000d4        -       0x00000020   Zero   RW          671    .bss._param3        app.o
    0x200000f4        -       0x00000004   Zero   RW          665    .bss._workVariable  app.o
    0x200000f8        -       0x00000004   Zero   RW         1025    .bss._zeroOffset    sparkfun_nau7802.o
    0x200000fc        -       0x00000001   Zero   RW          917    .bss.currentCapacity  menu.o
    0x200000fd        -       0x00000001   Zero   RW          918    .bss.currentDecimalPoint  menu.o
    0x200000fe        -       0x00000001   Zero   RW          921    .bss.currentMinCoin  menu.o
    0x200000ff        -       0x00000001   Zero   RW          922    .bss.currentMultiTare  menu.o
    0x20000100        -       0x00000001   Zero   RW          916    .bss.currentResolution  menu.o
    0x20000101        -       0x00000001   Zero   RW          920    .bss.currentSpeed   menu.o
    0x20000102        -       0x00000001   Zero   RW          919    .bss.currnetFixFloat  menu.o
    0x20000103        -       0x00000001   Zero   RW          682    .bss.customValueInput._id  app.o
    0x20000104        -       0x00000001   Zero   RW          681    .bss.customValueInput.pointCounter  app.o
    0x20000105        -       0x00000007   Zero   RW          683    .bss.customValueInput.tempArray  app.o
    0x2000010c        -       0x00000001   Zero   RW          677    .bss.customValueInputFix._id  app.o
    0x2000010d        -       0x00000007   Zero   RW          679    .bss.customValueInputFix.tempArray  app.o
    0x20000114        -       0x00000004   Zero   RW          678    .bss.customValueInputFix.total  app.o
    0x20000118        -       0x00000014   Zero   RW          885    .bss.f0_cal         menu.o
    0x2000012c        -       0x00000014   Zero   RW          924    .bss.f0_capload     menu.o
    0x20000140        -       0x00000014   Zero   RW          925    .bss.f0_save        menu.o
    0x20000154        -       0x00000014   Zero   RW          923    .bss.f0_unload      menu.o
    0x20000168        -       0x00000014   Zero   RW          935    .bss.f10_reset      menu.o
    0x2000017c        -       0x00000014   Zero   RW          936    .bss.f10a           menu.o
    0x20000190        -       0x00000014   Zero   RW          937    .bss.f11_rs232      menu.o
    0x200001a4        -       0x00000014   Zero   RW          883    .bss.f1_resolution  menu.o
    0x200001b8        -       0x00000014   Zero   RW          926    .bss.f1_save        menu.o
    0x200001cc        -       0x00000014   Zero   RW          884    .bss.f1a_3000       menu.o
    0x200001e0        -       0x00000014   Zero   RW          887    .bss.f1b_6000       menu.o
    0x200001f4        -       0x00000014   Zero   RW          888    .bss.f1c_dual1      menu.o
    0x20000208        -       0x00000014   Zero   RW          889    .bss.f1d_dual2      menu.o
    0x2000021c        -       0x00000014   Zero   RW          886    .bss.f2_capacity    menu.o
    0x20000230        -       0x00000014   Zero   RW          927    .bss.f2_save        menu.o
    0x20000244        -       0x00000014   Zero   RW          890    .bss.f2a_3          menu.o
    0x20000258        -       0x00000014   Zero   RW          892    .bss.f2b_6          menu.o
    0x2000026c        -       0x00000014   Zero   RW          893    .bss.f2c_15         menu.o
    0x20000280        -       0x00000014   Zero   RW          894    .bss.f2d_30         menu.o
    0x20000294        -       0x00000014   Zero   RW          891    .bss.f3_decimalPoint  menu.o
    0x200002a8        -       0x00000014   Zero   RW          928    .bss.f3_save        menu.o
    0x200002bc        -       0x00000014   Zero   RW          895    .bss.f3a            menu.o
    0x200002d0        -       0x00000014   Zero   RW          897    .bss.f3b            menu.o
    0x200002e4        -       0x00000014   Zero   RW          898    .bss.f3c            menu.o
    0x200002f8        -       0x00000014   Zero   RW          899    .bss.f3d            menu.o
    0x2000030c        -       0x00000014   Zero   RW          900    .bss.f3e            menu.o
    0x20000320        -       0x00000014   Zero   RW          896    .bss.f4_fixFloat    menu.o
    0x20000334        -       0x00000014   Zero   RW          929    .bss.f4_save        menu.o
    0x20000348        -       0x00000014   Zero   RW          901    .bss.f4a_fix        menu.o
    0x2000035c        -       0x00000014   Zero   RW          903    .bss.f4b_flot       menu.o
    0x20000370        -       0x00000014   Zero   RW          930    .bss.f5_save        menu.o
    0x20000384        -       0x00000014   Zero   RW          902    .bss.f5_speed       menu.o
    0x20000398        -       0x00000014   Zero   RW          904    .bss.f5a_slow       menu.o
    0x200003ac        -       0x00000014   Zero   RW          906    .bss.f5b_normal     menu.o
    0x200003c0        -       0x00000014   Zero   RW          907    .bss.f5c_fast       menu.o
    0x200003d4        -       0x00000014   Zero   RW          905    .bss.f6_minCoin     menu.o
    0x200003e8        -       0x00000014   Zero   RW          931    .bss.f6_save        menu.o
    0x200003fc        -       0x00000014   Zero   RW          908    .bss.f6a_1          menu.o
    0x20000410        -       0x00000014   Zero   RW          910    .bss.f6b_2          menu.o
    0x20000424        -       0x00000014   Zero   RW          911    .bss.f6c_5          menu.o
    0x20000438        -       0x00000014   Zero   RW          912    .bss.f6d_10         menu.o
    0x2000044c        -       0x00000014   Zero   RW          909    .bss.f7_multiTare   menu.o
    0x20000460        -       0x00000014   Zero   RW          932    .bss.f7_save        menu.o
    0x20000474        -       0x00000014   Zero   RW          913    .bss.f7a_on         menu.o
    0x20000488        -       0x00000014   Zero   RW          915    .bss.f7b_off        menu.o
    0x2000049c        -       0x00000014   Zero   RW          914    .bss.f8             menu.o
    0x200004b0        -       0x00000014   Zero   RW          933    .bss.f9_gravity     menu.o
    0x200004c4        -       0x00000014   Zero   RW          934    .bss.f9a            menu.o
    0x200004d8        -       0x00000004   Zero   RW           96    .bss.g_CLK_i32ErrCode  clk.o
    0x200004dc        -       0x00000004   Zero   RW          140    .bss.g_FMC_i32ErrCode  fmc.o
    0x200004e0        -       0x00000004   Zero   RW          245    .bss.g_I2C_i32ErrCode  i2c.o
    0x200004e4        -       0x00000024   Zero   RW          664    .bss.m_Param        app.o
    0x20000508        -       0x00000004   Zero   RW          676    .bss.p_CurrentFont  app.o
    0x2000050c        -       0x00000004   Zero   RW          673    .bss.p_KeypadObj    app.o
    0x20000510        -       0x00000004   Zero   RW          668    .bss.p_LcdObj_S1    app.o
    0x20000514        -       0x00000004   Zero   RW          670    .bss.p_LcdObj_S2    app.o
    0x20000518        -       0x00000004   Zero   RW          672    .bss.p_LcdObj_S3    app.o
    0x2000051c        -       0x00000004   Zero   RW          675    .bss.p_MenuObj      app.o
    0x20000520        -       0x00000004   Zero   RW          674    .bss.p_ScaleObj     app.o
    0x20000524        -       0x00000004   Zero   RW          666    .bss.ptrWorkVariable  app.o
    0x20000528        -       0x00000014   Zero   RW          881    .bss.root           menu.o
    0x2000053c        -       0x00000004   Zero   RW          951    .bss.s_u32TickCnt   millis.o
    0x20000540        -       0x00000000   Zero   RW           19    HEAP                startup_m251.o
    0x20000540        -       0x00000800   Zero   RW           18    STACK               startup_m251.o


==============================================================================

Image component sizes


      Code (inc. data)   RO Data    RW Data    ZI Data      Debug   Object Name

      6662        524        715          8        189      14009   app.o
       900         68         76          0          4      10342   clk.o
       208         32          0          0          0       1363   clk_conf.o
      1800         60          0          0          0       6874   costumlcd.o
       608         28          0          0          0       5109   eeproom.o
       472         36          0          0          4       6555   fmc.o
      1288         20          0          0          4      13907   i2c.o
       458         56        151          0          0       2913   int_handler.o
       668         80          0         20          4       2825   keypad.o
       128         16         59          0          0       2400   main.o
      6358       1192        300          0        987      11002   menu.o
        60         16          0          0          4        801   millis.o
       834        188          0          0          0       8018   periph_conf.o
       100         48          0          0          0       1973   pin_conf.o
       286         28         15          4         84       3176   retarget.o
      1918        144          0          0          8      10422   sparkfun_nau7802.o
       646         28          0          0          0      10498   spi.o
       132         36        320          0       2048        816   startup_m251.o
       164         44         32         12          0       4057   system_m251.o
       302          8         32          0          0       5219   timer.o
       424         40         24          0          0       5887   uart.o
        52          8          0          0          0        872   wdt.o

    ----------------------------------------------------------------------
     24492       2700       1756         44       3336     129038   Object Totals
         0          0         32          0          0          0   (incl. Generated)
        24          0          0          0          0          0   (incl. Padding)

    ----------------------------------------------------------------------

      Code (inc. data)   RO Data    RW Data    ZI Data      Debug   Library Member Name

        44          0          0          0          0         76   atof.o
        68          0          0          0          0         76   _sgetc.o
        36          4         64          0          0         60   ctype_c.o
         0          0          0          0          0          0   entry.o
         0          0          0          0          0          0   entry10a.o
         0          0          0          0          0          0   entry11a.o
         8          4          0          0          0          0   entry2.o
         4          0          0          0          0          0   entry5.o
         0          0          0          0          0          0   entry7b.o
         0          0          0          0          0          0   entry8b.o
         8          4          0          0          0          0   entry9a.o
        24         12          0          4          0        120   errno.o
        30          0          0          0          0          0   handlers.o
        36          8          0          0          0         68   init.o
        14          0          0          0          0         68   isspace_c.o
         0          0          0          0          0          0   iusefp.o
        48          0          0          0          0         72   llmul.o
        32          0          0          0          0         68   llshl.o
        38          0          0          0          0         68   llsshr.o
        34          0          0          0          0         68   llushr.o
       108         16          0          0          0         76   malloc.o
        36          0          0          0          0        100   memseta.o
         0          0          0          8          0          0   mvars.o
      2302        102          0          0          0        556   printfa.o
       898         14          0          0          0        184   scanf_fp.o
        40          0          0          0          0         68   strncat.o
       180         18          0          0          0        120   strtod.o
        62          0          0          0          0         72   uidiv_div0.o
        96          0          0          0          0         84   uldiv.o
        40          2          0          0          0         68   cdrcmple.o
        56          0          0          0          0         68   d2f.o
       356          4          0          0          0        140   dadd.o
        44          0          0          0          0         68   dcmple.o
       240          6          0          0          0         84   ddiv.o
       236          0          0          0          0        216   depilogue.o
        80          8          0          0          0         72   dfixl.o
        64         10          0          0          0         68   dfixul.o
        40          6          0          0          0         68   dflti.o
        28          6          0          0          0         68   dfltul.o
       208          6          0          0          0         88   dmul.o
        40          0          0          0          0         60   f2d.o
       178          0          0          0          0        108   fadd.o
        28          0          0          0          0         60   fcmple.o
       124          0          0          0          0         72   fdiv.o
       130          0          0          0          0        144   fepilogue.o
        50          0          0          0          0         60   ffixi.o
        40          0          0          0          0         60   ffixui.o
        48          0          0          0          0         68   ffixul.o
        22          0          0          0          0         68   fflti.o
        14          0          0          0          0         68   ffltui.o
        28          0          0          0          0         68   ffltul.o
       122          0          0          0          0         72   fmul.o

    ----------------------------------------------------------------------
      6376        230         64         12          0       3920   Library Totals
        14          0          0          0          0          0   (incl. Padding)

    ----------------------------------------------------------------------

      Code (inc. data)   RO Data    RW Data    ZI Data      Debug   Library Name

        44          0          0          0          0         76   m_ps.l
      4102        182         64         12          0       1928   mc_p.l
      2216         48          0          0          0       1916   mf_p.l

    ----------------------------------------------------------------------
      6376        230         64         12          0       3920   Library Totals

    ----------------------------------------------------------------------

==============================================================================


      Code (inc. data)   RO Data    RW Data    ZI Data      Debug   

     30868       2930       1820         56       3336     130678   Grand Totals
     30868       2930       1820         56       3336     130678   ELF Image Totals
     30868       2930       1820         56          0          0   ROM Totals

==============================================================================

    Total RO  Size (Code + RO Data)                32688 (  31.92kB)
    Total RW  Size (RW Data + ZI Data)              3392 (   3.31kB)
    Total ROM Size (Code + RO Data + RW Data)      32744 (  31.98kB)

==============================================================================

